nohup: ignoring input
===== msr_proj_0.oracleGeneral @256MB t=1, 10 runs =====
  run 1: miss=0.4410 mqps=0.05
  run 2: miss=0.4414 mqps=0.05
  run 3: miss=0.4414 mqps=0.05
  run 4: miss=0.4439 mqps=0.05
  run 5: miss=0.4411 mqps=0.05
  run 6: miss=0.4416 mqps=0.05
  run 7: miss=0.4485 mqps=0.05
  run 8: miss=0.4414 mqps=0.05
  run 9: miss=0.4415 mqps=0.05
  run 10: miss=0.4421 mqps=0.05
===== cluster53.oracleGeneral @128MB t=1, 10 runs =====
  run 1: miss=0.2426 mqps=0.09
  run 2: miss=0.2426 mqps=0.09
  run 3: miss=0.2427 mqps=0.09
  run 4: miss=0.2426 mqps=0.09
  run 5: miss=0.2426 mqps=0.09
  run 6: miss=0.2426 mqps=0.09
  run 7: miss=0.2426 mqps=0.09
  run 8: miss=0.2427 mqps=0.09
  run 9: miss=0.2426 mqps=0.09
  run 10: miss=0.2426 mqps=0.09
===== cache-t-00.oracleGeneral @512MB t=1, 10 runs =====
  run 1: miss=0.7759 mqps=0.05
  run 2: miss=0.7759 mqps=0.05
  run 3: miss=0.7760 mqps=0.05
  run 4: miss=0.7759 mqps=0.05
  run 5: miss=0.7760 mqps=0.05
  run 6: miss=0.7760 mqps=0.05
  run 7: miss=0.7757 mqps=0.05
  run 8: miss=0.7760 mqps=0.05
  run 9: miss=0.7759 mqps=0.05
  run 10: miss=0.7759 mqps=0.05
===== summary (sorted miss ratios per trace) =====
--- msr_proj_0 ---
0.4410 0.4411 0.4414 0.4414 0.4414 0.4415 0.4416 0.4421 0.4439 0.4485 
--- cluster53 ---
0.2426 0.2426 0.2426 0.2426 0.2426 0.2426 0.2426 0.2426 0.2427 0.2427 
--- cache-t-00 ---
0.7757 0.7759 0.7759 0.7759 0.7759 0.7759 0.7760 0.7760 0.7760 0.7760 
DONE -> /mydata/tardis/bimodality.csv
