nohup: ignoring input
writing /mydata/tardis/final_sweep_perthread_20260823_104933.csv (label=perthread, baselines=yes)
=== cache-t-00 base_sz=512 base_hp=25 ===
  lruforgive cache-t-00 sz=512 hp=25 t=1 rep=1 -> mr=0.7760 tp=0.18
  lruforgive cache-t-00 sz=512 hp=25 t=1 rep=2 -> mr=0.7761 tp=0.17
  lruforgive cache-t-00 sz=512 hp=25 t=1 rep=3 -> mr=0.7762 tp=0.18
  lruforgive cache-t-00 sz=1024 hp=26 t=2 rep=1 -> mr=0.7734 tp=0.34
  lruforgive cache-t-00 sz=1024 hp=26 t=2 rep=2 -> mr=0.7726 tp=0.33
  lruforgive cache-t-00 sz=1024 hp=26 t=2 rep=3 -> mr=0.7724 tp=0.33
  lruforgive cache-t-00 sz=2048 hp=27 t=4 rep=1 -> mr=0.7723 tp=0.62
  lruforgive cache-t-00 sz=2048 hp=27 t=4 rep=2 -> mr=0.7723 tp=0.66
  lruforgive cache-t-00 sz=2048 hp=27 t=4 rep=3 -> mr=0.7723 tp=0.66
  lruforgive cache-t-00 sz=4096 hp=28 t=8 rep=1 -> mr=0.7724 tp=1.02
  lruforgive cache-t-00 sz=4096 hp=28 t=8 rep=2 -> mr=0.7720 tp=1.01
  lruforgive cache-t-00 sz=4096 hp=28 t=8 rep=3 -> mr=0.7730 tp=1.05
  lruforgive cache-t-00 sz=8192 hp=29 t=16 rep=1 -> mr=0.7748 tp=1.45
  lruforgive cache-t-00 sz=8192 hp=29 t=16 rep=2 -> mr=0.7749 tp=1.46
  lruforgive cache-t-00 sz=8192 hp=29 t=16 rep=3 -> mr=0.7748 tp=1.46
  s3fifoforgive cache-t-00 sz=512 hp=25 t=1 rep=1 -> mr=0.7679 tp=0.34
  s3fifoforgive cache-t-00 sz=512 hp=25 t=1 rep=2 -> mr=0.7678 tp=0.32
  s3fifoforgive cache-t-00 sz=512 hp=25 t=1 rep=3 -> mr=0.7679 tp=0.34
  lru cache-t-00 sz=512 hp=25 t=1 rep=1 -> mr=0.8325 tp=0.24
  lru cache-t-00 sz=512 hp=25 t=1 rep=2 -> mr=0.8325 tp=0.26
  lru cache-t-00 sz=512 hp=25 t=1 rep=3 -> mr=0.8325 tp=0.24
  lru cache-t-00 sz=1024 hp=26 t=2 rep=1 -> mr=0.8938 tp=0.47
  lru cache-t-00 sz=1024 hp=26 t=2 rep=2 -> mr=0.9849 tp=0.44
  lru cache-t-00 sz=1024 hp=26 t=2 rep=3 -> mr=0.9848 tp=0.44
  lru cache-t-00 sz=2048 hp=27 t=4 rep=1 -> mr=0.8253 tp=0.90
  lru cache-t-00 sz=2048 hp=27 t=4 rep=2 -> mr=0.8255 tp=0.90
  lru cache-t-00 sz=2048 hp=27 t=4 rep=3 -> mr=0.8256 tp=0.90
  lru cache-t-00 sz=4096 hp=28 t=8 rep=1 -> mr=0.8249 tp=1.74
  lru cache-t-00 sz=4096 hp=28 t=8 rep=2 -> mr=0.8249 tp=1.74
  lru cache-t-00 sz=4096 hp=28 t=8 rep=3 -> mr=0.8248 tp=1.74
  lru cache-t-00 sz=8192 hp=29 t=16 rep=1 -> mr=0.8223 tp=2.21
  lru cache-t-00 sz=8192 hp=29 t=16 rep=2 -> mr=0.8225 tp=2.25
  lru cache-t-00 sz=8192 hp=29 t=16 rep=3 -> mr=0.8224 tp=2.23
  s3fifo cache-t-00 sz=512 hp=25 t=1 rep=1 -> mr=0.7750 tp=0.42
  s3fifo cache-t-00 sz=512 hp=25 t=1 rep=2 -> mr=0.7750 tp=0.45
  s3fifo cache-t-00 sz=512 hp=25 t=1 rep=3 -> mr=0.7751 tp=0.43
=== cache-t-00 base_sz=600 base_hp=25 ===
  lruforgive cache-t-00 sz=600 hp=25 t=1 rep=1 -> mr=0.7623 tp=0.19
  lruforgive cache-t-00 sz=600 hp=25 t=1 rep=2 -> mr=0.7620 tp=0.17
  lruforgive cache-t-00 sz=600 hp=25 t=1 rep=3 -> mr=0.7623 tp=0.19
  lruforgive cache-t-00 sz=1200 hp=26 t=2 rep=1 -> mr=0.7604 tp=0.36
  lruforgive cache-t-00 sz=1200 hp=26 t=2 rep=2 -> mr=0.7597 tp=0.36
  lruforgive cache-t-00 sz=1200 hp=26 t=2 rep=3 -> mr=0.7605 tp=0.33
  lruforgive cache-t-00 sz=2400 hp=27 t=4 rep=1 -> mr=0.7595 tp=0.66
  lruforgive cache-t-00 sz=2400 hp=27 t=4 rep=2 -> mr=0.7596 tp=0.67
  lruforgive cache-t-00 sz=2400 hp=27 t=4 rep=3 -> mr=0.7595 tp=0.66
  lruforgive cache-t-00 sz=4800 hp=28 t=8 rep=1 -> mr=0.7597 tp=1.05
  lruforgive cache-t-00 sz=4800 hp=28 t=8 rep=2 -> mr=0.7601 tp=1.05
  lruforgive cache-t-00 sz=4800 hp=28 t=8 rep=3 -> mr=0.7599 tp=1.05
  lruforgive cache-t-00 sz=9600 hp=29 t=16 rep=1 -> mr=0.7616 tp=1.48
  lruforgive cache-t-00 sz=9600 hp=29 t=16 rep=2 -> mr=0.7614 tp=1.49
  lruforgive cache-t-00 sz=9600 hp=29 t=16 rep=3 -> mr=0.7615 tp=1.48
  s3fifoforgive cache-t-00 sz=600 hp=25 t=1 rep=1 -> mr=0.7537 tp=0.28
  s3fifoforgive cache-t-00 sz=600 hp=25 t=1 rep=2 -> mr=0.7537 tp=0.30
  s3fifoforgive cache-t-00 sz=600 hp=25 t=1 rep=3 -> mr=0.7537 tp=0.28
  lru cache-t-00 sz=600 hp=25 t=1 rep=1 -> mr=0.8188 tp=0.26
  lru cache-t-00 sz=600 hp=25 t=1 rep=2 -> mr=0.8188 tp=0.24
  lru cache-t-00 sz=600 hp=25 t=1 rep=3 -> mr=0.8188 tp=0.26
  lru cache-t-00 sz=1200 hp=26 t=2 rep=1 -> mr=0.9834 tp=0.44
  lru cache-t-00 sz=1200 hp=26 t=2 rep=2 -> mr=0.9834 tp=0.44
  lru cache-t-00 sz=1200 hp=26 t=2 rep=3 -> mr=0.9834 tp=0.44
  lru cache-t-00 sz=2400 hp=27 t=4 rep=1 -> mr=0.8132 tp=0.89
  lru cache-t-00 sz=2400 hp=27 t=4 rep=2 -> mr=0.8132 tp=0.89
  lru cache-t-00 sz=2400 hp=27 t=4 rep=3 -> mr=0.8131 tp=0.89
  lru cache-t-00 sz=4800 hp=28 t=8 rep=1 -> mr=0.8124 tp=1.87
  lru cache-t-00 sz=4800 hp=28 t=8 rep=2 -> mr=0.8125 tp=1.87
  lru cache-t-00 sz=4800 hp=28 t=8 rep=3 -> mr=0.8124 tp=1.86
  lru cache-t-00 sz=9600 hp=29 t=16 rep=1 -> mr=0.8094 tp=2.17
  lru cache-t-00 sz=9600 hp=29 t=16 rep=2 -> mr=0.8094 tp=2.19
  lru cache-t-00 sz=9600 hp=29 t=16 rep=3 -> mr=0.8094 tp=2.18
  s3fifo cache-t-00 sz=600 hp=25 t=1 rep=1 -> mr=0.7603 tp=0.38
  s3fifo cache-t-00 sz=600 hp=25 t=1 rep=2 -> mr=0.7603 tp=0.36
  s3fifo cache-t-00 sz=600 hp=25 t=1 rep=3 -> mr=0.7603 tp=0.38
=== cache-t-00 base_sz=1200 base_hp=26 ===
  lruforgive cache-t-00 sz=1200 hp=26 t=1 rep=1 -> mr=0.7041 tp=0.19
  lruforgive cache-t-00 sz=1200 hp=26 t=1 rep=2 -> mr=0.7044 tp=0.21
  lruforgive cache-t-00 sz=1200 hp=26 t=1 rep=3 -> mr=0.7038 tp=0.19
  lruforgive cache-t-00 sz=2400 hp=27 t=2 rep=1 -> mr=0.7030 tp=0.38
  lruforgive cache-t-00 sz=2400 hp=27 t=2 rep=2 -> mr=0.7036 tp=0.38
  lruforgive cache-t-00 sz=2400 hp=27 t=2 rep=3 -> mr=0.7028 tp=0.38
  lruforgive cache-t-00 sz=4800 hp=28 t=4 rep=1 -> mr=0.7021 tp=0.69
  lruforgive cache-t-00 sz=4800 hp=28 t=4 rep=2 -> mr=0.7029 tp=0.70
  lruforgive cache-t-00 sz=4800 hp=28 t=4 rep=3 -> mr=0.7030 tp=0.70
  lruforgive cache-t-00 sz=9600 hp=29 t=8 rep=1 -> mr=0.7024 tp=1.13
  lruforgive cache-t-00 sz=9600 hp=29 t=8 rep=2 -> mr=0.7024 tp=1.15
  lruforgive cache-t-00 sz=9600 hp=29 t=8 rep=3 -> mr=0.7025 tp=1.15
  lruforgive cache-t-00 sz=19200 hp=30 t=16 rep=1 -> mr=0.7030 tp=1.57
  lruforgive cache-t-00 sz=19200 hp=30 t=16 rep=2 -> mr=0.7024 tp=1.55
  lruforgive cache-t-00 sz=19200 hp=30 t=16 rep=3 -> mr=0.7029 tp=1.57
  s3fifoforgive cache-t-00 sz=1200 hp=26 t=1 rep=1 -> mr=0.6867 tp=0.24
  s3fifoforgive cache-t-00 sz=1200 hp=26 t=1 rep=2 -> mr=0.6867 tp=0.22
  s3fifoforgive cache-t-00 sz=1200 hp=26 t=1 rep=3 -> mr=0.6866 tp=0.24
  lru cache-t-00 sz=1200 hp=26 t=1 rep=1 -> mr=0.7543 tp=0.25
  lru cache-t-00 sz=1200 hp=26 t=1 rep=2 -> mr=0.7543 tp=0.27
  lru cache-t-00 sz=1200 hp=26 t=1 rep=3 -> mr=0.7543 tp=0.25
  lru cache-t-00 sz=2400 hp=27 t=2 rep=1 -> mr=0.7526 tp=0.48
  lru cache-t-00 sz=2400 hp=27 t=2 rep=2 -> mr=0.7522 tp=0.48
  lru cache-t-00 sz=2400 hp=27 t=2 rep=3 -> mr=0.7526 tp=0.48
  lru cache-t-00 sz=4800 hp=28 t=4 rep=1 -> mr=0.7511 tp=0.96
  lru cache-t-00 sz=4800 hp=28 t=4 rep=2 -> mr=0.7512 tp=0.96
  lru cache-t-00 sz=4800 hp=28 t=4 rep=3 -> mr=0.7512 tp=0.96
  lru cache-t-00 sz=9600 hp=29 t=8 rep=1 -> mr=0.7502 tp=1.85
  lru cache-t-00 sz=9600 hp=29 t=8 rep=2 -> mr=0.7503 tp=1.85
  lru cache-t-00 sz=9600 hp=29 t=8 rep=3 -> mr=0.7501 tp=1.85
  lru cache-t-00 sz=19200 hp=30 t=16 rep=1 -> mr=0.7487 tp=1.88
  lru cache-t-00 sz=19200 hp=30 t=16 rep=2 -> mr=0.7488 tp=1.88
  lru cache-t-00 sz=19200 hp=30 t=16 rep=3 -> mr=0.7488 tp=1.88
  s3fifo cache-t-00 sz=1200 hp=26 t=1 rep=1 -> mr=0.6902 tp=0.27
  s3fifo cache-t-00 sz=1200 hp=26 t=1 rep=2 -> mr=0.6902 tp=0.29
  s3fifo cache-t-00 sz=1200 hp=26 t=1 rep=3 -> mr=0.6902 tp=0.27
=== msr_proj_0 base_sz=256 base_hp=24 ===
  lruforgive msr_proj_0 sz=256 hp=24 t=1 rep=1 -> mr=0.4480 tp=0.20
  lruforgive msr_proj_0 sz=256 hp=24 t=1 rep=2 -> mr=0.4411 tp=0.18
  lruforgive msr_proj_0 sz=256 hp=24 t=1 rep=3 -> mr=0.4474 tp=0.20
  lruforgive msr_proj_0 sz=512 hp=25 t=2 rep=1 -> mr=0.4148 tp=0.30
  lruforgive msr_proj_0 sz=512 hp=25 t=2 rep=2 -> mr=0.4161 tp=0.30
  lruforgive msr_proj_0 sz=512 hp=25 t=2 rep=3 -> mr=0.4159 tp=0.30
  lruforgive msr_proj_0 sz=1024 hp=26 t=4 rep=1 -> mr=0.4010 tp=0.49
  lruforgive msr_proj_0 sz=1024 hp=26 t=4 rep=2 -> mr=0.4026 tp=0.49
  lruforgive msr_proj_0 sz=1024 hp=26 t=4 rep=3 -> mr=0.4026 tp=0.49
  lruforgive msr_proj_0 sz=2048 hp=27 t=8 rep=1 -> mr=0.3960 tp=0.71
  lruforgive msr_proj_0 sz=2048 hp=27 t=8 rep=2 -> mr=0.3942 tp=0.72
  lruforgive msr_proj_0 sz=2048 hp=27 t=8 rep=3 -> mr=0.3951 tp=0.72
  lruforgive msr_proj_0 sz=4096 hp=28 t=16 rep=1 -> mr=0.3908 tp=0.67
  lruforgive msr_proj_0 sz=4096 hp=28 t=16 rep=2 -> mr=0.3915 tp=0.67
  lruforgive msr_proj_0 sz=4096 hp=28 t=16 rep=3 -> mr=0.3926 tp=0.67
  s3fifoforgive msr_proj_0 sz=256 hp=24 t=1 rep=1 -> mr=0.4166 tp=0.40
  s3fifoforgive msr_proj_0 sz=256 hp=24 t=1 rep=2 -> mr=0.4211 tp=0.39
  s3fifoforgive msr_proj_0 sz=256 hp=24 t=1 rep=3 -> mr=0.5547 tp=0.33
  lru msr_proj_0 sz=256 hp=24 t=1 rep=1 -> mr=0.5061 tp=0.21
  lru msr_proj_0 sz=256 hp=24 t=1 rep=2 -> mr=0.5061 tp=0.22
  lru msr_proj_0 sz=256 hp=24 t=1 rep=3 -> mr=0.5108 tp=0.20
  lru msr_proj_0 sz=512 hp=25 t=2 rep=1 -> mr=0.4591 tp=0.39
  lru msr_proj_0 sz=512 hp=25 t=2 rep=2 -> mr=0.4597 tp=0.39
  lru msr_proj_0 sz=512 hp=25 t=2 rep=3 -> mr=0.4602 tp=0.39
  lru msr_proj_0 sz=1024 hp=26 t=4 rep=1 -> mr=0.4446 tp=0.75
  lru msr_proj_0 sz=1024 hp=26 t=4 rep=2 -> mr=0.4398 tp=0.76
  lru msr_proj_0 sz=1024 hp=26 t=4 rep=3 -> mr=0.4456 tp=0.74
  lru msr_proj_0 sz=2048 hp=27 t=8 rep=1 -> mr=0.4337 tp=1.47
  lru msr_proj_0 sz=2048 hp=27 t=8 rep=2 -> mr=0.4367 tp=1.45
  lru msr_proj_0 sz=2048 hp=27 t=8 rep=3 -> mr=0.4310 tp=1.48
  lru msr_proj_0 sz=4096 hp=28 t=16 rep=1 -> mr=0.4206 tp=1.60
  lru msr_proj_0 sz=4096 hp=28 t=16 rep=2 -> mr=0.4229 tp=1.61
  lru msr_proj_0 sz=4096 hp=28 t=16 rep=3 -> mr=0.4169 tp=1.57
  s3fifo msr_proj_0 sz=256 hp=24 t=1 rep=1 -> mr=0.4214 tp=0.59
  s3fifo msr_proj_0 sz=256 hp=24 t=1 rep=2 -> mr=0.4216 tp=0.60
  s3fifo msr_proj_0 sz=256 hp=24 t=1 rep=3 -> mr=0.4215 tp=0.58
=== msr_proj_0 base_sz=600 base_hp=25 ===
  lruforgive msr_proj_0 sz=600 hp=25 t=1 rep=1 -> mr=0.3267 tp=0.22
  lruforgive msr_proj_0 sz=600 hp=25 t=1 rep=2 -> mr=0.3262 tp=0.20
  lruforgive msr_proj_0 sz=600 hp=25 t=1 rep=3 -> mr=0.3267 tp=0.22
  lruforgive msr_proj_0 sz=1200 hp=26 t=2 rep=1 -> mr=0.3192 tp=0.35
  lruforgive msr_proj_0 sz=1200 hp=26 t=2 rep=2 -> mr=0.3188 tp=0.35
  lruforgive msr_proj_0 sz=1200 hp=26 t=2 rep=3 -> mr=0.3181 tp=0.35
  lruforgive msr_proj_0 sz=2400 hp=27 t=4 rep=1 -> mr=0.3175 tp=0.56
  lruforgive msr_proj_0 sz=2400 hp=27 t=4 rep=2 -> mr=0.3170 tp=0.69
  lruforgive msr_proj_0 sz=2400 hp=27 t=4 rep=3 -> mr=0.3167 tp=0.56
  lruforgive msr_proj_0 sz=4800 hp=28 t=8 rep=1 -> mr=0.3159 tp=0.87
  lruforgive msr_proj_0 sz=4800 hp=28 t=8 rep=2 -> mr=0.3159 tp=0.87
  lruforgive msr_proj_0 sz=4800 hp=28 t=8 rep=3 -> mr=0.3164 tp=0.87
  lruforgive msr_proj_0 sz=9600 hp=29 t=16 rep=1 -> mr=0.3143 tp=0.84
  lruforgive msr_proj_0 sz=9600 hp=29 t=16 rep=2 -> mr=0.3145 tp=0.84
  lruforgive msr_proj_0 sz=9600 hp=29 t=16 rep=3 -> mr=0.3143 tp=0.84
  s3fifoforgive msr_proj_0 sz=600 hp=25 t=1 rep=1 -> mr=0.3083 tp=0.34
  s3fifoforgive msr_proj_0 sz=600 hp=25 t=1 rep=2 -> mr=0.3081 tp=0.32
  s3fifoforgive msr_proj_0 sz=600 hp=25 t=1 rep=3 -> mr=0.3078 tp=0.34
  lru msr_proj_0 sz=600 hp=25 t=1 rep=1 -> mr=0.3378 tp=0.27
  lru msr_proj_0 sz=600 hp=25 t=1 rep=2 -> mr=0.3367 tp=0.29
  lru msr_proj_0 sz=600 hp=25 t=1 rep=3 -> mr=0.3367 tp=0.27
  lru msr_proj_0 sz=1200 hp=26 t=2 rep=1 -> mr=0.3295 tp=0.47
  lru msr_proj_0 sz=1200 hp=26 t=2 rep=2 -> mr=0.3282 tp=0.47
  lru msr_proj_0 sz=1200 hp=26 t=2 rep=3 -> mr=0.3295 tp=0.47
  lru msr_proj_0 sz=2400 hp=27 t=4 rep=1 -> mr=0.3250 tp=0.93
  lru msr_proj_0 sz=2400 hp=27 t=4 rep=2 -> mr=0.3248 tp=0.93
  lru msr_proj_0 sz=2400 hp=27 t=4 rep=3 -> mr=0.3245 tp=0.93
  lru msr_proj_0 sz=4800 hp=28 t=8 rep=1 -> mr=0.3226 tp=1.37
  lru msr_proj_0 sz=4800 hp=28 t=8 rep=2 -> mr=0.3239 tp=1.36
  lru msr_proj_0 sz=4800 hp=28 t=8 rep=3 -> mr=0.3225 tp=1.74
  lru msr_proj_0 sz=9600 hp=29 t=16 rep=1 -> mr=0.3217 tp=1.79
  lru msr_proj_0 sz=9600 hp=29 t=16 rep=2 -> mr=0.3209 tp=1.81
  lru msr_proj_0 sz=9600 hp=29 t=16 rep=3 -> mr=0.3192 tp=1.79
  s3fifo msr_proj_0 sz=600 hp=25 t=1 rep=1 -> mr=0.3112 tp=0.48
  s3fifo msr_proj_0 sz=600 hp=25 t=1 rep=2 -> mr=0.3112 tp=0.51
  s3fifo msr_proj_0 sz=600 hp=25 t=1 rep=3 -> mr=0.3112 tp=0.48
=== msr_proj_0 base_sz=1200 base_hp=26 ===
  lruforgive msr_proj_0 sz=1200 hp=26 t=1 rep=1 -> mr=0.2415 tp=0.24
  lruforgive msr_proj_0 sz=1200 hp=26 t=1 rep=2 -> mr=0.2415 tp=0.22
  lruforgive msr_proj_0 sz=1200 hp=26 t=1 rep=3 -> mr=0.2415 tp=0.24
  lruforgive msr_proj_0 sz=2400 hp=27 t=2 rep=1 -> mr=0.2382 tp=0.44
  lruforgive msr_proj_0 sz=2400 hp=27 t=2 rep=2 -> mr=0.2380 tp=0.33
  lruforgive msr_proj_0 sz=2400 hp=27 t=2 rep=3 -> mr=0.2387 tp=0.33
  lruforgive msr_proj_0 sz=4800 hp=28 t=4 rep=1 -> mr=0.2370 tp=0.65
  lruforgive msr_proj_0 sz=4800 hp=28 t=4 rep=2 -> mr=0.2376 tp=0.65
  lruforgive msr_proj_0 sz=4800 hp=28 t=4 rep=3 -> mr=0.2379 tp=0.65
  lruforgive msr_proj_0 sz=9600 hp=29 t=8 rep=1 -> mr=0.2359 tp=0.84
  lruforgive msr_proj_0 sz=9600 hp=29 t=8 rep=2 -> mr=0.2363 tp=0.84
  lruforgive msr_proj_0 sz=9600 hp=29 t=8 rep=3 -> mr=0.2370 tp=0.84
  lruforgive msr_proj_0 sz=19200 hp=30 t=16 rep=1 -> mr=0.2364 tp=0.92
  lruforgive msr_proj_0 sz=19200 hp=30 t=16 rep=2 -> mr=0.2358 tp=0.92
  lruforgive msr_proj_0 sz=19200 hp=30 t=16 rep=3 -> mr=0.2367 tp=0.92
  s3fifoforgive msr_proj_0 sz=1200 hp=26 t=1 rep=1 -> mr=0.2182 tp=0.24
  s3fifoforgive msr_proj_0 sz=1200 hp=26 t=1 rep=2 -> mr=0.2183 tp=0.26
  s3fifoforgive msr_proj_0 sz=1200 hp=26 t=1 rep=3 -> mr=0.2182 tp=0.25
  lru msr_proj_0 sz=1200 hp=26 t=1 rep=1 -> mr=0.2462 tp=0.33
  lru msr_proj_0 sz=1200 hp=26 t=1 rep=2 -> mr=0.2462 tp=0.31
  lru msr_proj_0 sz=1200 hp=26 t=1 rep=3 -> mr=0.2462 tp=0.33
  lru msr_proj_0 sz=2400 hp=27 t=2 rep=1 -> mr=0.2434 tp=0.44
  lru msr_proj_0 sz=2400 hp=27 t=2 rep=2 -> mr=0.2434 tp=0.44
  lru msr_proj_0 sz=2400 hp=27 t=2 rep=3 -> mr=0.2434 tp=0.44
  lru msr_proj_0 sz=4800 hp=28 t=4 rep=1 -> mr=0.2435 tp=0.84
  lru msr_proj_0 sz=4800 hp=28 t=4 rep=2 -> mr=0.2426 tp=0.85
  lru msr_proj_0 sz=4800 hp=28 t=4 rep=3 -> mr=0.2418 tp=0.87
  lru msr_proj_0 sz=9600 hp=29 t=8 rep=1 -> mr=0.2400 tp=1.68
  lru msr_proj_0 sz=9600 hp=29 t=8 rep=2 -> mr=0.2404 tp=1.68
  lru msr_proj_0 sz=9600 hp=29 t=8 rep=3 -> mr=0.2401 tp=1.69
  lru msr_proj_0 sz=19200 hp=30 t=16 rep=1 -> mr=0.2427 tp=1.77
  lru msr_proj_0 sz=19200 hp=30 t=16 rep=2 -> mr=0.2390 tp=1.76
  lru msr_proj_0 sz=19200 hp=30 t=16 rep=3 -> mr=0.2543 tp=1.64
  s3fifo msr_proj_0 sz=1200 hp=26 t=1 rep=1 -> mr=0.2183 tp=0.35
  s3fifo msr_proj_0 sz=1200 hp=26 t=1 rep=2 -> mr=0.2183 tp=0.37
  s3fifo msr_proj_0 sz=1200 hp=26 t=1 rep=3 -> mr=0.2183 tp=0.35
=== cluster53 base_sz=128 base_hp=23 ===
  lruforgive cluster53 sz=128 hp=23 t=1 rep=1 -> mr=0.2426 tp=0.39
  lruforgive cluster53 sz=128 hp=23 t=1 rep=2 -> mr=0.2426 tp=0.36
  lruforgive cluster53 sz=128 hp=23 t=1 rep=3 -> mr=0.2426 tp=0.38
  lruforgive cluster53 sz=256 hp=24 t=2 rep=1 -> mr=0.2406 tp=0.55
  lruforgive cluster53 sz=256 hp=24 t=2 rep=2 -> mr=0.2406 tp=0.55
  lruforgive cluster53 sz=256 hp=24 t=2 rep=3 -> mr=0.2406 tp=0.56
  lruforgive cluster53 sz=512 hp=25 t=4 rep=1 -> mr=0.2611 tp=0.93
  lruforgive cluster53 sz=512 hp=25 t=4 rep=2 -> mr=0.2609 tp=0.93
  lruforgive cluster53 sz=512 hp=25 t=4 rep=3 -> mr=0.2612 tp=0.92
  lruforgive cluster53 sz=1024 hp=26 t=8 rep=1 -> mr=NA tp=1.13
  lruforgive cluster53 sz=1024 hp=26 t=8 rep=2 -> mr=NA tp=1.13
  lruforgive cluster53 sz=1024 hp=26 t=8 rep=3 -> mr=NA tp=1.14
  lruforgive cluster53 sz=2048 hp=27 t=16 rep=1 -> mr=NA tp=NA
  lruforgive cluster53 sz=2048 hp=27 t=16 rep=2 -> mr=NA tp=NA
  lruforgive cluster53 sz=2048 hp=27 t=16 rep=3 -> mr=NA tp=NA
  s3fifoforgive cluster53 sz=128 hp=23 t=1 rep=1 -> mr=0.2329 tp=0.44
  s3fifoforgive cluster53 sz=128 hp=23 t=1 rep=2 -> mr=0.2329 tp=0.48
  s3fifoforgive cluster53 sz=128 hp=23 t=1 rep=3 -> mr=0.2329 tp=0.48
  lru cluster53 sz=128 hp=23 t=1 rep=1 -> mr=0.2618 tp=1.01
  lru cluster53 sz=128 hp=23 t=1 rep=2 -> mr=0.2618 tp=1.01
  lru cluster53 sz=128 hp=23 t=1 rep=3 -> mr=0.2618 tp=1.02
  lru cluster53 sz=256 hp=24 t=2 rep=1 -> mr=0.2721 tp=1.63
  lru cluster53 sz=256 hp=24 t=2 rep=2 -> mr=0.2719 tp=1.63
  lru cluster53 sz=256 hp=24 t=2 rep=3 -> mr=0.2721 tp=1.63
  lru cluster53 sz=512 hp=25 t=4 rep=1 -> mr=0.2894 tp=3.00
  lru cluster53 sz=512 hp=25 t=4 rep=2 -> mr=0.2916 tp=3.00
  lru cluster53 sz=512 hp=25 t=4 rep=3 -> mr=0.2911 tp=3.01
  lru cluster53 sz=1024 hp=26 t=8 rep=1 -> mr=0.3162 tp=3.39
  lru cluster53 sz=1024 hp=26 t=8 rep=2 -> mr=0.3166 tp=3.46
  lru cluster53 sz=1024 hp=26 t=8 rep=3 -> mr=0.3200 tp=3.46
  lru cluster53 sz=2048 hp=27 t=16 rep=1 -> mr=0.3475 tp=3.04
  lru cluster53 sz=2048 hp=27 t=16 rep=2 -> mr=0.3536 tp=3.01
  lru cluster53 sz=2048 hp=27 t=16 rep=3 -> mr=0.3528 tp=3.01
  s3fifo cluster53 sz=128 hp=23 t=1 rep=1 -> mr=0.2359 tp=1.40
  s3fifo cluster53 sz=128 hp=23 t=1 rep=2 -> mr=0.2359 tp=1.38
  s3fifo cluster53 sz=128 hp=23 t=1 rep=3 -> mr=0.2359 tp=1.31
=== cluster53 base_sz=600 base_hp=25 ===
  lruforgive cluster53 sz=600 hp=25 t=1 rep=1 -> mr=0.1276 tp=0.44
  lruforgive cluster53 sz=600 hp=25 t=1 rep=2 -> mr=0.1276 tp=0.39
  lruforgive cluster53 sz=600 hp=25 t=1 rep=3 -> mr=0.1276 tp=0.44
  lruforgive cluster53 sz=1200 hp=26 t=2 rep=1 -> mr=0.1540 tp=0.70
  lruforgive cluster53 sz=1200 hp=26 t=2 rep=2 -> mr=0.1541 tp=0.70
  lruforgive cluster53 sz=1200 hp=26 t=2 rep=3 -> mr=0.1541 tp=0.70
  lruforgive cluster53 sz=2400 hp=27 t=4 rep=1 -> mr=0.1572 tp=1.14
  lruforgive cluster53 sz=2400 hp=27 t=4 rep=2 -> mr=0.1570 tp=1.13
  lruforgive cluster53 sz=2400 hp=27 t=4 rep=3 -> mr=0.1571 tp=1.13
  lruforgive cluster53 sz=4800 hp=28 t=8 rep=1 -> mr=0.1603 tp=1.42
  lruforgive cluster53 sz=4800 hp=28 t=8 rep=2 -> mr=0.1604 tp=1.41
  lruforgive cluster53 sz=4800 hp=28 t=8 rep=3 -> mr=0.1606 tp=1.40
  lruforgive cluster53 sz=9600 hp=29 t=16 rep=1 -> mr=NA tp=NA
  lruforgive cluster53 sz=9600 hp=29 t=16 rep=2 -> mr=NA tp=NA
  lruforgive cluster53 sz=9600 hp=29 t=16 rep=3 -> mr=NA tp=NA
  s3fifoforgive cluster53 sz=600 hp=25 t=1 rep=1 -> mr=0.1213 tp=0.41
  s3fifoforgive cluster53 sz=600 hp=25 t=1 rep=2 -> mr=0.1213 tp=0.46
  s3fifoforgive cluster53 sz=600 hp=25 t=1 rep=3 -> mr=0.1213 tp=0.41
  lru cluster53 sz=600 hp=25 t=1 rep=1 -> mr=0.1281 tp=1.45
  lru cluster53 sz=600 hp=25 t=1 rep=2 -> mr=0.1281 tp=1.33
  lru cluster53 sz=600 hp=25 t=1 rep=3 -> mr=0.1281 tp=1.33
  lru cluster53 sz=1200 hp=26 t=2 rep=1 -> mr=0.1545 tp=2.22
  lru cluster53 sz=1200 hp=26 t=2 rep=2 -> mr=0.1545 tp=2.30
  lru cluster53 sz=1200 hp=26 t=2 rep=3 -> mr=0.1545 tp=2.22
  lru cluster53 sz=2400 hp=27 t=4 rep=1 -> mr=0.1574 tp=3.94
  lru cluster53 sz=2400 hp=27 t=4 rep=2 -> mr=0.1570 tp=4.01
  lru cluster53 sz=2400 hp=27 t=4 rep=3 -> mr=0.1575 tp=3.94
  lru cluster53 sz=4800 hp=28 t=8 rep=1 -> mr=0.1598 tp=4.25
  lru cluster53 sz=4800 hp=28 t=8 rep=2 -> mr=0.1601 tp=4.42
  lru cluster53 sz=4800 hp=28 t=8 rep=3 -> mr=0.1598 tp=4.28
  lru cluster53 sz=9600 hp=29 t=16 rep=1 -> mr=0.1615 tp=4.12
  lru cluster53 sz=9600 hp=29 t=16 rep=2 -> mr=0.1615 tp=4.10
  lru cluster53 sz=9600 hp=29 t=16 rep=3 -> mr=0.1616 tp=4.12
  s3fifo cluster53 sz=600 hp=25 t=1 rep=1 -> mr=0.1213 tp=1.42
  s3fifo cluster53 sz=600 hp=25 t=1 rep=2 -> mr=0.1213 tp=1.39
  s3fifo cluster53 sz=600 hp=25 t=1 rep=3 -> mr=0.1213 tp=1.54
=== cluster53 base_sz=1200 base_hp=26 ===
  lruforgive cluster53 sz=1200 hp=26 t=1 rep=1 -> mr=0.0947 tp=0.40
  lruforgive cluster53 sz=1200 hp=26 t=1 rep=2 -> mr=0.0947 tp=0.44
  lruforgive cluster53 sz=1200 hp=26 t=1 rep=3 -> mr=0.0947 tp=0.40
  lruforgive cluster53 sz=2400 hp=27 t=2 rep=1 -> mr=0.1048 tp=0.71
  lruforgive cluster53 sz=2400 hp=27 t=2 rep=2 -> mr=0.1048 tp=0.71
  lruforgive cluster53 sz=2400 hp=27 t=2 rep=3 -> mr=0.1048 tp=0.71
  lruforgive cluster53 sz=4800 hp=28 t=4 rep=1 -> mr=0.1128 tp=1.18
  lruforgive cluster53 sz=4800 hp=28 t=4 rep=2 -> mr=0.1132 tp=1.18
  lruforgive cluster53 sz=4800 hp=28 t=4 rep=3 -> mr=0.1131 tp=1.18
  lruforgive cluster53 sz=9600 hp=29 t=8 rep=1 -> mr=0.1134 tp=1.58
  lruforgive cluster53 sz=9600 hp=29 t=8 rep=2 -> mr=0.1130 tp=1.59
  lruforgive cluster53 sz=9600 hp=29 t=8 rep=3 -> mr=0.1135 tp=1.57
  lruforgive cluster53 sz=19200 hp=30 t=16 rep=1 -> mr=NA tp=NA
  lruforgive cluster53 sz=19200 hp=30 t=16 rep=2 -> mr=NA tp=NA
  lruforgive cluster53 sz=19200 hp=30 t=16 rep=3 -> mr=NA tp=NA
  s3fifoforgive cluster53 sz=1200 hp=26 t=1 rep=1 -> mr=0.0910 tp=0.46
  s3fifoforgive cluster53 sz=1200 hp=26 t=1 rep=2 -> mr=0.0910 tp=0.46
  s3fifoforgive cluster53 sz=1200 hp=26 t=1 rep=3 -> mr=0.0910 tp=0.46
  lru cluster53 sz=1200 hp=26 t=1 rep=1 -> mr=0.0948 tp=1.58
  lru cluster53 sz=1200 hp=26 t=1 rep=2 -> mr=0.0948 tp=1.59
  lru cluster53 sz=1200 hp=26 t=1 rep=3 -> mr=0.0948 tp=1.57
  lru cluster53 sz=2400 hp=27 t=2 rep=1 -> mr=0.1049 tp=2.43
  lru cluster53 sz=2400 hp=27 t=2 rep=2 -> mr=0.1049 tp=2.43
  lru cluster53 sz=2400 hp=27 t=2 rep=3 -> mr=0.1049 tp=2.43
  lru cluster53 sz=4800 hp=28 t=4 rep=1 -> mr=0.1135 tp=4.29
  lru cluster53 sz=4800 hp=28 t=4 rep=2 -> mr=0.1122 tp=4.29
  lru cluster53 sz=4800 hp=28 t=4 rep=3 -> mr=0.1126 tp=4.35
  lru cluster53 sz=9600 hp=29 t=8 rep=1 -> mr=0.1133 tp=4.73
  lru cluster53 sz=9600 hp=29 t=8 rep=2 -> mr=0.1130 tp=4.77
  lru cluster53 sz=9600 hp=29 t=8 rep=3 -> mr=0.1130 tp=4.65
  lru cluster53 sz=19200 hp=30 t=16 rep=1 -> mr=0.1148 tp=4.55
  lru cluster53 sz=19200 hp=30 t=16 rep=2 -> mr=0.1149 tp=4.63
  lru cluster53 sz=19200 hp=30 t=16 rep=3 -> mr=0.1149 tp=4.55
  s3fifo cluster53 sz=1200 hp=26 t=1 rep=1 -> mr=0.0910 tp=1.70
  s3fifo cluster53 sz=1200 hp=26 t=1 rep=2 -> mr=0.0910 tp=1.71
  s3fifo cluster53 sz=1200 hp=26 t=1 rep=3 -> mr=0.0910 tp=1.73
=== msr_prxy_1 base_sz=256 base_hp=24 ===
  lruforgive msr_prxy_1 sz=256 hp=24 t=1 rep=1 -> mr=0.1997 tp=0.47
  lruforgive msr_prxy_1 sz=256 hp=24 t=1 rep=2 -> mr=0.2025 tp=0.43
  lruforgive msr_prxy_1 sz=256 hp=24 t=1 rep=3 -> mr=0.2536 tp=0.45
  lruforgive msr_prxy_1 sz=512 hp=25 t=2 rep=1 -> mr=0.0143 tp=1.19
  lruforgive msr_prxy_1 sz=512 hp=25 t=2 rep=2 -> mr=0.0143 tp=1.19
  lruforgive msr_prxy_1 sz=512 hp=25 t=2 rep=3 -> mr=0.0142 tp=1.19
  lruforgive msr_prxy_1 sz=1024 hp=26 t=4 rep=1 -> mr=0.0127 tp=2.00
  lruforgive msr_prxy_1 sz=1024 hp=26 t=4 rep=2 -> mr=0.0127 tp=2.02
  lruforgive msr_prxy_1 sz=1024 hp=26 t=4 rep=3 -> mr=0.0128 tp=1.97
  lruforgive msr_prxy_1 sz=2048 hp=27 t=8 rep=1 -> mr=0.0126 tp=2.97
  lruforgive msr_prxy_1 sz=2048 hp=27 t=8 rep=2 -> mr=0.0126 tp=3.03
  lruforgive msr_prxy_1 sz=2048 hp=27 t=8 rep=3 -> mr=0.0126 tp=3.03
  lruforgive msr_prxy_1 sz=4096 hp=28 t=16 rep=1 -> mr=0.0125 tp=4.04
  lruforgive msr_prxy_1 sz=4096 hp=28 t=16 rep=2 -> mr=0.0125 tp=4.01
  lruforgive msr_prxy_1 sz=4096 hp=28 t=16 rep=3 -> mr=0.0125 tp=3.96
  s3fifoforgive msr_prxy_1 sz=256 hp=24 t=1 rep=1 -> mr=0.1216 tp=0.50
  s3fifoforgive msr_prxy_1 sz=256 hp=24 t=1 rep=2 -> mr=0.1674 tp=0.54
  s3fifoforgive msr_prxy_1 sz=256 hp=24 t=1 rep=3 -> mr=0.1676 tp=0.49
  lru msr_prxy_1 sz=256 hp=24 t=1 rep=1 -> mr=0.3574 tp=0.73
  lru msr_prxy_1 sz=256 hp=24 t=1 rep=2 -> mr=0.2758 tp=0.76
  lru msr_prxy_1 sz=256 hp=24 t=1 rep=3 -> mr=0.3574 tp=0.75
  lru msr_prxy_1 sz=512 hp=25 t=2 rep=1 -> mr=0.0164 tp=3.42
  lru msr_prxy_1 sz=512 hp=25 t=2 rep=2 -> mr=0.0194 tp=3.30
  lru msr_prxy_1 sz=512 hp=25 t=2 rep=3 -> mr=0.0149 tp=3.81
  lru msr_prxy_1 sz=1024 hp=26 t=4 rep=1 -> mr=0.0135 tp=5.59
  lru msr_prxy_1 sz=1024 hp=26 t=4 rep=2 -> mr=0.0139 tp=5.34
  lru msr_prxy_1 sz=1024 hp=26 t=4 rep=3 -> mr=0.0133 tp=5.53
  lru msr_prxy_1 sz=2048 hp=27 t=8 rep=1 -> mr=0.0127 tp=5.37
  lru msr_prxy_1 sz=2048 hp=27 t=8 rep=2 -> mr=0.0126 tp=5.28
  lru msr_prxy_1 sz=2048 hp=27 t=8 rep=3 -> mr=0.0126 tp=5.24
  lru msr_prxy_1 sz=4096 hp=28 t=16 rep=1 -> mr=0.0127 tp=5.71
  lru msr_prxy_1 sz=4096 hp=28 t=16 rep=2 -> mr=0.0126 tp=5.48
  lru msr_prxy_1 sz=4096 hp=28 t=16 rep=3 -> mr=0.0128 tp=5.65
  s3fifo msr_prxy_1 sz=256 hp=24 t=1 rep=1 -> mr=0.1621 tp=1.22
  s3fifo msr_prxy_1 sz=256 hp=24 t=1 rep=2 -> mr=0.1621 tp=1.21
  s3fifo msr_prxy_1 sz=256 hp=24 t=1 rep=3 -> mr=0.1619 tp=1.22
=== msr_prxy_1 base_sz=600 base_hp=25 ===
  lruforgive msr_prxy_1 sz=600 hp=25 t=1 rep=1 -> mr=0.0030 tp=0.79
  lruforgive msr_prxy_1 sz=600 hp=25 t=1 rep=2 -> mr=0.0030 tp=0.80
  lruforgive msr_prxy_1 sz=600 hp=25 t=1 rep=3 -> mr=0.0030 tp=0.80
  lruforgive msr_prxy_1 sz=1200 hp=26 t=2 rep=1 -> mr=0.0031 tp=1.17
  lruforgive msr_prxy_1 sz=1200 hp=26 t=2 rep=2 -> mr=0.0030 tp=1.21
  lruforgive msr_prxy_1 sz=1200 hp=26 t=2 rep=3 -> mr=0.0030 tp=1.17
  lruforgive msr_prxy_1 sz=2400 hp=27 t=4 rep=1 -> mr=0.0032 tp=1.94
  lruforgive msr_prxy_1 sz=2400 hp=27 t=4 rep=2 -> mr=0.0032 tp=1.91
  lruforgive msr_prxy_1 sz=2400 hp=27 t=4 rep=3 -> mr=0.0031 tp=1.94
  lruforgive msr_prxy_1 sz=4800 hp=28 t=8 rep=1 -> mr=0.0029 tp=2.96
  lruforgive msr_prxy_1 sz=4800 hp=28 t=8 rep=2 -> mr=0.0029 tp=2.99
  lruforgive msr_prxy_1 sz=4800 hp=28 t=8 rep=3 -> mr=0.0030 tp=2.95
  lruforgive msr_prxy_1 sz=9600 hp=29 t=16 rep=1 -> mr=0.0028 tp=3.92
  lruforgive msr_prxy_1 sz=9600 hp=29 t=16 rep=2 -> mr=0.0028 tp=3.96
  lruforgive msr_prxy_1 sz=9600 hp=29 t=16 rep=3 -> mr=0.0028 tp=3.95
  s3fifoforgive msr_prxy_1 sz=600 hp=25 t=1 rep=1 -> mr=0.0028 tp=0.83
  s3fifoforgive msr_prxy_1 sz=600 hp=25 t=1 rep=2 -> mr=0.0028 tp=0.84
  s3fifoforgive msr_prxy_1 sz=600 hp=25 t=1 rep=3 -> mr=0.0028 tp=0.85
  lru msr_prxy_1 sz=600 hp=25 t=1 rep=1 -> mr=0.0031 tp=2.91
  lru msr_prxy_1 sz=600 hp=25 t=1 rep=2 -> mr=0.0031 tp=2.86
  lru msr_prxy_1 sz=600 hp=25 t=1 rep=3 -> mr=0.0031 tp=2.89
  lru msr_prxy_1 sz=1200 hp=26 t=2 rep=1 -> mr=0.0032 tp=3.84
  lru msr_prxy_1 sz=1200 hp=26 t=2 rep=2 -> mr=0.0032 tp=3.84
  lru msr_prxy_1 sz=1200 hp=26 t=2 rep=3 -> mr=0.0032 tp=3.84
  lru msr_prxy_1 sz=2400 hp=27 t=4 rep=1 -> mr=0.0031 tp=6.03
  lru msr_prxy_1 sz=2400 hp=27 t=4 rep=2 -> mr=0.0033 tp=6.36
  lru msr_prxy_1 sz=2400 hp=27 t=4 rep=3 -> mr=0.0030 tp=6.43
  lru msr_prxy_1 sz=4800 hp=28 t=8 rep=1 -> mr=0.0029 tp=5.45
  lru msr_prxy_1 sz=4800 hp=28 t=8 rep=2 -> mr=0.0028 tp=5.17
  lru msr_prxy_1 sz=4800 hp=28 t=8 rep=3 -> mr=0.0029 tp=5.56
  lru msr_prxy_1 sz=9600 hp=29 t=16 rep=1 -> mr=0.0028 tp=5.83
  lru msr_prxy_1 sz=9600 hp=29 t=16 rep=2 -> mr=0.0029 tp=5.94
  lru msr_prxy_1 sz=9600 hp=29 t=16 rep=3 -> mr=0.0029 tp=5.99
  s3fifo msr_prxy_1 sz=600 hp=25 t=1 rep=1 -> mr=0.0028 tp=3.81
  s3fifo msr_prxy_1 sz=600 hp=25 t=1 rep=2 -> mr=0.0028 tp=3.93
  s3fifo msr_prxy_1 sz=600 hp=25 t=1 rep=3 -> mr=0.0028 tp=3.86
=== msr_prxy_1 base_sz=1200 base_hp=26 ===
  lruforgive msr_prxy_1 sz=1200 hp=26 t=1 rep=1 -> mr=0.0027 tp=0.80
  lruforgive msr_prxy_1 sz=1200 hp=26 t=1 rep=2 -> mr=0.0027 tp=0.79
  lruforgive msr_prxy_1 sz=1200 hp=26 t=1 rep=3 -> mr=0.0027 tp=0.79
  lruforgive msr_prxy_1 sz=2400 hp=27 t=2 rep=1 -> mr=0.0026 tp=1.17
  lruforgive msr_prxy_1 sz=2400 hp=27 t=2 rep=2 -> mr=0.0027 tp=1.17
  lruforgive msr_prxy_1 sz=2400 hp=27 t=2 rep=3 -> mr=0.0027 tp=1.17
  lruforgive msr_prxy_1 sz=4800 hp=28 t=4 rep=1 -> mr=0.0025 tp=1.90
  lruforgive msr_prxy_1 sz=4800 hp=28 t=4 rep=2 -> mr=0.0025 tp=1.90
  lruforgive msr_prxy_1 sz=4800 hp=28 t=4 rep=3 -> mr=0.0025 tp=1.90
  lruforgive msr_prxy_1 sz=9600 hp=29 t=8 rep=1 -> mr=0.0024 tp=2.91
  lruforgive msr_prxy_1 sz=9600 hp=29 t=8 rep=2 -> mr=0.0024 tp=2.98
  lruforgive msr_prxy_1 sz=9600 hp=29 t=8 rep=3 -> mr=0.0024 tp=2.93
  lruforgive msr_prxy_1 sz=19200 hp=30 t=16 rep=1 -> mr=0.0023 tp=3.89
  lruforgive msr_prxy_1 sz=19200 hp=30 t=16 rep=2 -> mr=0.0023 tp=3.96
  lruforgive msr_prxy_1 sz=19200 hp=30 t=16 rep=3 -> mr=0.0023 tp=3.92
  s3fifoforgive msr_prxy_1 sz=1200 hp=26 t=1 rep=1 -> mr=0.0026 tp=0.82
  s3fifoforgive msr_prxy_1 sz=1200 hp=26 t=1 rep=2 -> mr=0.0026 tp=0.83
  s3fifoforgive msr_prxy_1 sz=1200 hp=26 t=1 rep=3 -> mr=0.0026 tp=0.82
  lru msr_prxy_1 sz=1200 hp=26 t=1 rep=1 -> mr=0.0027 tp=2.88
  lru msr_prxy_1 sz=1200 hp=26 t=1 rep=2 -> mr=0.0027 tp=2.86
  lru msr_prxy_1 sz=1200 hp=26 t=1 rep=3 -> mr=0.0027 tp=2.91
  lru msr_prxy_1 sz=2400 hp=27 t=2 rep=1 -> mr=0.0028 tp=3.84
  lru msr_prxy_1 sz=2400 hp=27 t=2 rep=2 -> mr=0.0028 tp=3.84
  lru msr_prxy_1 sz=2400 hp=27 t=2 rep=3 -> mr=0.0028 tp=3.84
  lru msr_prxy_1 sz=4800 hp=28 t=4 rep=1 -> mr=0.0026 tp=6.40
  lru msr_prxy_1 sz=4800 hp=28 t=4 rep=2 -> mr=0.0025 tp=6.32
  lru msr_prxy_1 sz=4800 hp=28 t=4 rep=3 -> mr=0.0028 tp=6.04
  lru msr_prxy_1 sz=9600 hp=29 t=8 rep=1 -> mr=0.0024 tp=5.73
  lru msr_prxy_1 sz=9600 hp=29 t=8 rep=2 -> mr=0.0023 tp=5.47
  lru msr_prxy_1 sz=9600 hp=29 t=8 rep=3 -> mr=0.0024 tp=5.38
  lru msr_prxy_1 sz=19200 hp=30 t=16 rep=1 -> mr=0.0023 tp=5.70
  lru msr_prxy_1 sz=19200 hp=30 t=16 rep=2 -> mr=0.0023 tp=5.95
  lru msr_prxy_1 sz=19200 hp=30 t=16 rep=3 -> mr=0.0023 tp=5.85
  s3fifo msr_prxy_1 sz=1200 hp=26 t=1 rep=1 -> mr=0.0026 tp=3.70
  s3fifo msr_prxy_1 sz=1200 hp=26 t=1 rep=2 -> mr=0.0026 tp=3.66
  s3fifo msr_prxy_1 sz=1200 hp=26 t=1 rep=3 -> mr=0.0026 tp=3.68
DONE -> /mydata/tardis/final_sweep_perthread_20260823_104933.csv
