nohup: ignoring input
turbo OFF (no_turbo=1); governor=performance
writing /mydata/tardis/final_mt_20260802_220735.csv
  msr_proj_0 lru t=1 hp=24 rep=1 -> mr=0.5061 tp=0.22 rt=29.53
  msr_proj_0 lruforgive t=1 hp=24 rep=1 -> mr=0.4442 tp=0.16 rt=37.17
  msr_proj_0 lruforgive t=1 hp=24 rep=2 -> mr=0.4474 tp=0.16 rt=37.08
  msr_proj_0 lruforgive t=1 hp=24 rep=3 -> mr=0.4443 tp=0.16 rt=37.07
  msr_proj_0 lruforgive t=1 hp=24 rep=4 -> mr=0.4484 tp=0.16 rt=37.10
  msr_proj_0 lruforgive t=1 hp=24 rep=5 -> mr=0.4443 tp=0.16 rt=37.23
  msr_proj_0 lru t=2 hp=25 rep=1 -> mr=0.5062 tp=0.21 rt=29.84
  msr_proj_0 lruforgive t=2 hp=25 rep=1 -> mr=0.4484 tp=0.17 rt=37.03
  msr_proj_0 lruforgive t=2 hp=25 rep=2 -> mr=0.4447 tp=0.16 rt=37.18
  msr_proj_0 lruforgive t=2 hp=25 rep=3 -> mr=0.4441 tp=0.16 rt=37.16
  msr_proj_0 lruforgive t=2 hp=25 rep=4 -> mr=0.4441 tp=0.16 rt=37.08
  msr_proj_0 lruforgive t=2 hp=25 rep=5 -> mr=0.4483 tp=0.16 rt=37.29
  msr_proj_0 lru t=4 hp=26 rep=1 -> mr=0.5901 tp=0.39 rt=17.21
  msr_proj_0 lruforgive t=4 hp=26 rep=1 -> mr=0.5449 tp=0.24 rt=26.70
  msr_proj_0 lruforgive t=4 hp=26 rep=2 -> mr=0.5449 tp=0.24 rt=26.70
  msr_proj_0 lruforgive t=4 hp=26 rep=3 -> mr=0.5463 tp=0.25 rt=26.58
  msr_proj_0 lruforgive t=4 hp=26 rep=4 -> mr=0.5497 tp=0.25 rt=25.99
  msr_proj_0 lruforgive t=4 hp=26 rep=5 -> mr=0.5456 tp=0.25 rt=26.55
  msr_proj_0 lru t=8 hp=27 rep=1 -> mr=0.6507 tp=0.71 rt=9.85
  msr_proj_0 lruforgive t=8 hp=27 rep=1 -> mr=0.6170 tp=0.39 rt=17.53
  msr_proj_0 lruforgive t=8 hp=27 rep=2 -> mr=0.6155 tp=0.39 rt=17.66
  msr_proj_0 lruforgive t=8 hp=27 rep=3 -> mr=0.6151 tp=0.39 rt=17.56
  msr_proj_0 lruforgive t=8 hp=27 rep=4 -> mr=0.6150 tp=0.39 rt=17.45
  msr_proj_0 lruforgive t=8 hp=27 rep=5 -> mr=0.6155 tp=0.39 rt=17.54
  msr_proj_0 lru t=16 hp=28 rep=1 -> mr=0.6933 tp=0.83 rt=8.61
  msr_proj_0 lruforgive t=16 hp=28 rep=1 -> mr=0.6767 tp=0.47 rt=15.16
  msr_proj_0 lruforgive t=16 hp=28 rep=2 -> mr=0.6776 tp=0.47 rt=15.15
  msr_proj_0 lruforgive t=16 hp=28 rep=3 -> mr=0.6803 tp=0.48 rt=14.76
  msr_proj_0 lruforgive t=16 hp=28 rep=4 -> mr=0.6796 tp=0.49 rt=14.51
  msr_proj_0 lruforgive t=16 hp=28 rep=5 -> mr=0.6777 tp=0.48 rt=14.90
  cache-t-00 lru t=1 hp=25 rep=1 -> mr=0.8325 tp=0.25 rt=71.38
  cache-t-00 lruforgive t=1 hp=25 rep=1 -> mr=0.7759 tp=0.15 rt=117.78
  cache-t-00 lruforgive t=1 hp=25 rep=2 -> mr=0.7759 tp=0.15 rt=117.67
  cache-t-00 lruforgive t=1 hp=25 rep=3 -> mr=0.7758 tp=0.15 rt=117.38
  cache-t-00 lruforgive t=1 hp=25 rep=4 -> mr=0.7763 tp=0.15 rt=117.54
  cache-t-00 lruforgive t=1 hp=25 rep=5 -> mr=0.7758 tp=0.15 rt=117.92
  cache-t-00 lru t=2 hp=26 rep=1 -> mr=0.9850 tp=0.23 rt=84.54
  cache-t-00 lruforgive t=2 hp=26 rep=1 -> mr=0.7760 tp=0.15 rt=118.44
  cache-t-00 lruforgive t=2 hp=26 rep=2 -> mr=0.7760 tp=0.15 rt=118.27
  cache-t-00 lruforgive t=2 hp=26 rep=3 -> mr=0.7758 tp=0.15 rt=118.71
  cache-t-00 lruforgive t=2 hp=26 rep=4 -> mr=0.7759 tp=0.15 rt=118.42
  cache-t-00 lruforgive t=2 hp=26 rep=5 -> mr=0.7762 tp=0.15 rt=118.30
  cache-t-00 lru t=4 hp=27 rep=1 -> mr=0.8872 tp=0.46 rt=40.07
  cache-t-00 lruforgive t=4 hp=27 rep=1 -> mr=0.8388 tp=0.27 rt=65.90
  cache-t-00 lruforgive t=4 hp=27 rep=2 -> mr=0.8388 tp=0.27 rt=66.28
  cache-t-00 lruforgive t=4 hp=27 rep=3 -> mr=0.8387 tp=0.27 rt=65.95
  cache-t-00 lruforgive t=4 hp=27 rep=4 -> mr=0.8386 tp=0.27 rt=66.26
  cache-t-00 lruforgive t=4 hp=27 rep=5 -> mr=0.8387 tp=0.27 rt=66.18
  cache-t-00 lru t=8 hp=28 rep=1 -> mr=0.9241 tp=0.80 rt=23.71
  cache-t-00 lruforgive t=8 hp=28 rep=1 -> mr=0.8830 tp=0.51 rt=36.30
  cache-t-00 lruforgive t=8 hp=28 rep=2 -> mr=0.8828 tp=0.51 rt=36.26
  cache-t-00 lruforgive t=8 hp=28 rep=3 -> mr=0.8832 tp=0.51 rt=36.29
  cache-t-00 lruforgive t=8 hp=28 rep=4 -> mr=0.8832 tp=0.51 rt=36.30
  cache-t-00 lruforgive t=8 hp=28 rep=5 -> mr=0.8831 tp=0.51 rt=36.18
  cache-t-00 lru t=16 hp=29 rep=1 -> mr=0.9463 tp=0.95 rt=20.13
  cache-t-00 lruforgive t=16 hp=29 rep=1 -> mr=0.9177 tp=0.79 rt=23.92
  cache-t-00 lruforgive t=16 hp=29 rep=2 -> mr=0.9177 tp=0.79 rt=24.00
  cache-t-00 lruforgive t=16 hp=29 rep=3 -> mr=0.9177 tp=0.79 rt=23.92
  cache-t-00 lruforgive t=16 hp=29 rep=4 -> mr=0.9177 tp=0.79 rt=23.93
  cache-t-00 lruforgive t=16 hp=29 rep=5 -> mr=0.9178 tp=0.79 rt=23.82
  cluster53 lru t=1 hp=23 rep=1 -> mr=0.2618 tp=0.90 rt=346.42
  cluster53 lruforgive t=1 hp=23 rep=1 -> mr=0.2426 tp=0.27 rt=1137.50
  cluster53 lruforgive t=1 hp=23 rep=2 -> mr=0.2426 tp=0.27 rt=1141.69
  cluster53 lruforgive t=1 hp=23 rep=3 -> mr=0.2426 tp=0.27 rt=1137.38
  cluster53 lruforgive t=1 hp=23 rep=4 -> mr=0.2426 tp=0.27 rt=1135.21
  cluster53 lruforgive t=1 hp=23 rep=5 -> mr=0.2427 tp=0.27 rt=1136.07
  cluster53 lru t=2 hp=24 rep=1 -> mr=0.2619 tp=0.88 rt=353.76
  cluster53 lruforgive t=2 hp=24 rep=1 -> mr=0.2426 tp=0.26 rt=1165.28
  cluster53 lruforgive t=2 hp=24 rep=2 -> mr=0.2426 tp=0.26 rt=1166.29
  cluster53 lruforgive t=2 hp=24 rep=3 -> mr=0.2427 tp=0.26 rt=1168.15
  cluster53 lruforgive t=2 hp=24 rep=4 -> mr=0.2426 tp=0.26 rt=1165.81
  cluster53 lruforgive t=2 hp=24 rep=5 -> mr=0.2426 tp=0.26 rt=1165.96
  cluster53 lru t=4 hp=25 rep=1 -> mr=0.3631 tp=1.45 rt=231.33
  cluster53 lruforgive t=4 hp=25 rep=1 -> mr=0.3423 tp=0.30 rt=1088.90
  cluster53 lruforgive t=4 hp=25 rep=2 -> mr=0.3400 tp=0.30 rt=1091.02
  cluster53 lruforgive t=4 hp=25 rep=3 -> mr=0.3397 tp=0.30 rt=1088.62
  cluster53 lruforgive t=4 hp=25 rep=4 -> mr=0.3405 tp=0.31 rt=1081.14
  cluster53 lruforgive t=4 hp=25 rep=5 -> mr=0.3405 tp=0.30 rt=1084.87
  cluster53 lru t=8 hp=26 rep=1 -> mr=0.4533 tp=2.18 rt=164.60
  cluster53 lruforgive t=8 hp=26 rep=1 -> mr=0.4286 tp=0.40 rt=889.60
  cluster53 lruforgive t=8 hp=26 rep=2 -> mr=0.4289 tp=0.40 rt=888.24
  cluster53 lruforgive t=8 hp=26 rep=3 -> mr=0.4287 tp=0.39 rt=893.15
  cluster53 lruforgive t=8 hp=26 rep=4 -> mr=0.4283 tp=0.40 rt=889.07
  cluster53 lruforgive t=8 hp=26 rep=5 -> mr=0.4286 tp=0.39 rt=891.61
  cluster53 lru t=16 hp=27 rep=1 -> mr=0.5252 tp=2.41 rt=155.96
  cluster53 lruforgive t=16 hp=27 rep=1 -> mr=0.5034 tp=0.43 rt=855.57
  cluster53 lruforgive t=16 hp=27 rep=2 -> mr=0.5037 tp=0.43 rt=856.68
  cluster53 lruforgive t=16 hp=27 rep=3 -> mr=0.5031 tp=0.43 rt=854.65
  cluster53 lruforgive t=16 hp=27 rep=4 -> mr=0.5029 tp=0.43 rt=855.95
  cluster53 lruforgive t=16 hp=27 rep=5 -> mr=0.5041 tp=0.44 rt=852.19
  msr_prxy_1 lru t=1 hp=24 rep=1 -> mr=0.2846 tp=0.71 rt=305.63
  msr_prxy_1 lruforgive t=1 hp=24 rep=1 -> mr=0.1976 tp=0.38 rt=532.29
  msr_prxy_1 lruforgive t=1 hp=24 rep=2 -> mr=0.2563 tp=0.34 rt=629.35
  msr_prxy_1 lruforgive t=1 hp=24 rep=3 -> mr=0.2551 tp=0.34 rt=629.10
  msr_prxy_1 lruforgive t=1 hp=24 rep=4 -> mr=0.2561 tp=0.34 rt=627.66
  msr_prxy_1 lruforgive t=1 hp=24 rep=5 -> mr=0.2530 tp=0.34 rt=627.18
  msr_prxy_1 lru t=2 hp=25 rep=1 -> mr=0.2820 tp=0.69 rt=312.45
  msr_prxy_1 lruforgive t=2 hp=25 rep=1 -> mr=0.1977 tp=0.38 rt=530.70
  msr_prxy_1 lruforgive t=2 hp=25 rep=2 -> mr=0.1974 tp=0.38 rt=537.87
  msr_prxy_1 lruforgive t=2 hp=25 rep=3 -> mr=0.1982 tp=0.38 rt=538.15
  msr_prxy_1 lruforgive t=2 hp=25 rep=4 -> mr=0.1958 tp=0.38 rt=535.50
  msr_prxy_1 lruforgive t=2 hp=25 rep=5 -> mr=0.1948 tp=0.40 rt=507.18
  msr_prxy_1 lru t=4 hp=26 rep=1 -> mr=0.5694 tp=0.90 rt=293.18
  msr_prxy_1 lruforgive t=4 hp=26 rep=1 -> mr=0.4671 tp=0.32 rt=781.07
  msr_prxy_1 lruforgive t=4 hp=26 rep=2 -> mr=0.4690 tp=0.32 rt=778.71
  msr_prxy_1 lruforgive t=4 hp=26 rep=3 -> mr=0.4662 tp=0.32 rt=784.19
  msr_prxy_1 lruforgive t=4 hp=26 rep=4 -> mr=0.4685 tp=0.32 rt=783.26
  msr_prxy_1 lruforgive t=4 hp=26 rep=5 -> mr=0.4607 tp=0.31 rt=782.89
  msr_prxy_1 lru t=8 hp=27 rep=1 -> mr=0.6885 tp=1.13 rt=252.00
  msr_prxy_1 lruforgive t=8 hp=27 rep=1 -> mr=0.5617 tp=0.35 rt=743.32
  msr_prxy_1 lruforgive t=8 hp=27 rep=2 -> mr=0.5633 tp=0.36 rt=740.53
  msr_prxy_1 lruforgive t=8 hp=27 rep=3 -> mr=0.5628 tp=0.35 rt=742.82
  msr_prxy_1 lruforgive t=8 hp=27 rep=4 -> mr=0.5624 tp=0.36 rt=740.03
  msr_prxy_1 lruforgive t=8 hp=27 rep=5 -> mr=0.5628 tp=0.36 rt=739.97
  msr_prxy_1 lru t=16 hp=28 rep=1 -> mr=0.7597 tp=1.19 rt=248.72
  msr_prxy_1 lruforgive t=16 hp=28 rep=1 -> mr=0.6904 tp=0.36 rt=789.82
  msr_prxy_1 lruforgive t=16 hp=28 rep=2 -> mr=0.6834 tp=0.36 rt=790.59
  msr_prxy_1 lruforgive t=16 hp=28 rep=3 -> mr=0.6915 tp=0.36 rt=787.71
  msr_prxy_1 lruforgive t=16 hp=28 rep=4 -> mr=0.6782 tp=0.36 rt=784.35
  msr_prxy_1 lruforgive t=16 hp=28 rep=5 -> mr=0.6858 tp=0.36 rt=787.47
DONE -> /mydata/tardis/final_mt_20260802_220735.csv
