nohup: ignoring input
writing /mydata/tardis/final_sweep_single-manager_20260825_005853.csv (label=single-manager, baselines=no)
=== cache-t-00 base_sz=512 base_hp=25 ===
  lruforgive cache-t-00 sz=512 hp=25 t=1 rep=1 -> mr=0.7756 tp=0.17
  lruforgive cache-t-00 sz=512 hp=25 t=1 rep=2 -> mr=0.7757 tp=0.16
  lruforgive cache-t-00 sz=512 hp=25 t=1 rep=3 -> mr=0.7756 tp=0.17
  lruforgive cache-t-00 sz=1024 hp=26 t=2 rep=1 -> mr=0.7788 tp=0.32
  lruforgive cache-t-00 sz=1024 hp=26 t=2 rep=2 -> mr=0.7789 tp=0.32
  lruforgive cache-t-00 sz=1024 hp=26 t=2 rep=3 -> mr=0.7787 tp=0.32
  lruforgive cache-t-00 sz=2048 hp=27 t=4 rep=1 -> mr=0.7873 tp=0.66
  lruforgive cache-t-00 sz=2048 hp=27 t=4 rep=2 -> mr=0.7875 tp=0.66
  lruforgive cache-t-00 sz=2048 hp=27 t=4 rep=3 -> mr=0.7872 tp=0.66
  lruforgive cache-t-00 sz=4096 hp=28 t=8 rep=1 -> mr=0.7969 tp=1.05
  lruforgive cache-t-00 sz=4096 hp=28 t=8 rep=2 -> mr=0.7971 tp=1.05
  lruforgive cache-t-00 sz=4096 hp=28 t=8 rep=3 -> mr=0.7972 tp=1.04
  lruforgive cache-t-00 sz=8192 hp=29 t=16 rep=1 -> mr=0.8094 tp=1.56
  lruforgive cache-t-00 sz=8192 hp=29 t=16 rep=2 -> mr=0.8093 tp=1.56
  lruforgive cache-t-00 sz=8192 hp=29 t=16 rep=3 -> mr=0.8092 tp=1.55
  s3fifoforgive cache-t-00 sz=512 hp=25 t=1 rep=1 -> mr=0.7679 tp=0.28
  s3fifoforgive cache-t-00 sz=512 hp=25 t=1 rep=2 -> mr=0.7679 tp=0.29
  s3fifoforgive cache-t-00 sz=512 hp=25 t=1 rep=3 -> mr=0.7679 tp=0.28
=== cache-t-00 base_sz=600 base_hp=25 ===
  lruforgive cache-t-00 sz=600 hp=25 t=1 rep=1 -> mr=0.7621 tp=0.16
  lruforgive cache-t-00 sz=600 hp=25 t=1 rep=2 -> mr=0.7622 tp=0.16
  lruforgive cache-t-00 sz=600 hp=25 t=1 rep=3 -> mr=0.7624 tp=0.16
  lruforgive cache-t-00 sz=1200 hp=26 t=2 rep=1 -> mr=0.7692 tp=0.33
  lruforgive cache-t-00 sz=1200 hp=26 t=2 rep=2 -> mr=0.7687 tp=0.33
  lruforgive cache-t-00 sz=1200 hp=26 t=2 rep=3 -> mr=0.7698 tp=0.36
  lruforgive cache-t-00 sz=2400 hp=27 t=4 rep=1 -> mr=0.7773 tp=0.67
  lruforgive cache-t-00 sz=2400 hp=27 t=4 rep=2 -> mr=0.7774 tp=0.67
  lruforgive cache-t-00 sz=2400 hp=27 t=4 rep=3 -> mr=0.7773 tp=0.67
  lruforgive cache-t-00 sz=4800 hp=28 t=8 rep=1 -> mr=0.7871 tp=1.07
  lruforgive cache-t-00 sz=4800 hp=28 t=8 rep=2 -> mr=0.7871 tp=1.06
  lruforgive cache-t-00 sz=4800 hp=28 t=8 rep=3 -> mr=0.7873 tp=1.06
  lruforgive cache-t-00 sz=9600 hp=29 t=16 rep=1 -> mr=0.7973 tp=1.51
  lruforgive cache-t-00 sz=9600 hp=29 t=16 rep=2 -> mr=0.7975 tp=1.50
  lruforgive cache-t-00 sz=9600 hp=29 t=16 rep=3 -> mr=0.7993 tp=1.53
  s3fifoforgive cache-t-00 sz=600 hp=25 t=1 rep=1 -> mr=0.7542 tp=0.27
  s3fifoforgive cache-t-00 sz=600 hp=25 t=1 rep=2 -> mr=0.7538 tp=0.25
  s3fifoforgive cache-t-00 sz=600 hp=25 t=1 rep=3 -> mr=0.7537 tp=0.27
=== cache-t-00 base_sz=1200 base_hp=26 ===
  lruforgive cache-t-00 sz=1200 hp=26 t=1 rep=1 -> mr=0.7036 tp=0.18
  lruforgive cache-t-00 sz=1200 hp=26 t=1 rep=2 -> mr=0.7035 tp=0.19
  lruforgive cache-t-00 sz=1200 hp=26 t=1 rep=3 -> mr=0.7044 tp=0.18
  lruforgive cache-t-00 sz=2400 hp=27 t=2 rep=1 -> mr=0.7194 tp=0.35
  lruforgive cache-t-00 sz=2400 hp=27 t=2 rep=2 -> mr=0.7191 tp=0.38
  lruforgive cache-t-00 sz=2400 hp=27 t=2 rep=3 -> mr=0.7200 tp=0.35
  lruforgive cache-t-00 sz=4800 hp=28 t=4 rep=1 -> mr=0.7291 tp=0.71
  lruforgive cache-t-00 sz=4800 hp=28 t=4 rep=2 -> mr=0.7291 tp=0.71
  lruforgive cache-t-00 sz=4800 hp=28 t=4 rep=3 -> mr=0.7294 tp=0.71
  lruforgive cache-t-00 sz=9600 hp=29 t=8 rep=1 -> mr=0.7392 tp=1.08
  lruforgive cache-t-00 sz=9600 hp=29 t=8 rep=2 -> mr=0.7392 tp=1.09
  lruforgive cache-t-00 sz=9600 hp=29 t=8 rep=3 -> mr=0.7383 tp=1.06
  lruforgive cache-t-00 sz=19200 hp=30 t=16 rep=1 -> mr=0.7470 tp=1.41
  lruforgive cache-t-00 sz=19200 hp=30 t=16 rep=2 -> mr=0.7471 tp=1.43
  lruforgive cache-t-00 sz=19200 hp=30 t=16 rep=3 -> mr=0.7472 tp=1.42
  s3fifoforgive cache-t-00 sz=1200 hp=26 t=1 rep=1 -> mr=0.6868 tp=0.22
  s3fifoforgive cache-t-00 sz=1200 hp=26 t=1 rep=2 -> mr=0.6867 tp=0.20
  s3fifoforgive cache-t-00 sz=1200 hp=26 t=1 rep=3 -> mr=0.6867 tp=0.22
=== msr_proj_0 base_sz=256 base_hp=24 ===
  lruforgive msr_proj_0 sz=256 hp=24 t=1 rep=1 -> mr=0.4412 tp=0.17
  lruforgive msr_proj_0 sz=256 hp=24 t=1 rep=2 -> mr=0.4416 tp=0.17
  lruforgive msr_proj_0 sz=256 hp=24 t=1 rep=3 -> mr=0.4416 tp=0.17
  lruforgive msr_proj_0 sz=512 hp=25 t=2 rep=1 -> mr=0.4218 tp=0.30
  lruforgive msr_proj_0 sz=512 hp=25 t=2 rep=2 -> mr=0.4213 tp=0.30
  lruforgive msr_proj_0 sz=512 hp=25 t=2 rep=3 -> mr=0.4224 tp=0.30
  lruforgive msr_proj_0 sz=1024 hp=26 t=4 rep=1 -> mr=0.4182 tp=0.41
  lruforgive msr_proj_0 sz=1024 hp=26 t=4 rep=2 -> mr=0.4174 tp=0.42
  lruforgive msr_proj_0 sz=1024 hp=26 t=4 rep=3 -> mr=0.4149 tp=0.42
  lruforgive msr_proj_0 sz=2048 hp=27 t=8 rep=1 -> mr=0.4165 tp=0.39
  lruforgive msr_proj_0 sz=2048 hp=27 t=8 rep=2 -> mr=0.4136 tp=0.39
  lruforgive msr_proj_0 sz=2048 hp=27 t=8 rep=3 -> mr=0.4191 tp=0.39
  lruforgive msr_proj_0 sz=4096 hp=28 t=16 rep=1 -> mr=0.4193 tp=0.35
  lruforgive msr_proj_0 sz=4096 hp=28 t=16 rep=2 -> mr=0.4159 tp=0.35
  lruforgive msr_proj_0 sz=4096 hp=28 t=16 rep=3 -> mr=0.4176 tp=0.34
  s3fifoforgive msr_proj_0 sz=256 hp=24 t=1 rep=1 -> mr=0.4122 tp=0.36
  s3fifoforgive msr_proj_0 sz=256 hp=24 t=1 rep=2 -> mr=0.4204 tp=0.38
  s3fifoforgive msr_proj_0 sz=256 hp=24 t=1 rep=3 -> mr=0.4128 tp=0.35
=== msr_proj_0 base_sz=600 base_hp=25 ===
  lruforgive msr_proj_0 sz=600 hp=25 t=1 rep=1 -> mr=0.3270 tp=0.21
  lruforgive msr_proj_0 sz=600 hp=25 t=1 rep=2 -> mr=0.3241 tp=0.19
  lruforgive msr_proj_0 sz=600 hp=25 t=1 rep=3 -> mr=0.3245 tp=0.20
  lruforgive msr_proj_0 sz=1200 hp=26 t=2 rep=1 -> mr=0.3217 tp=0.28
  lruforgive msr_proj_0 sz=1200 hp=26 t=2 rep=2 -> mr=0.3215 tp=0.28
  lruforgive msr_proj_0 sz=1200 hp=26 t=2 rep=3 -> mr=0.3216 tp=0.28
  lruforgive msr_proj_0 sz=2400 hp=27 t=4 rep=1 -> mr=0.3259 tp=0.43
  lruforgive msr_proj_0 sz=2400 hp=27 t=4 rep=2 -> mr=0.3257 tp=0.39
  lruforgive msr_proj_0 sz=2400 hp=27 t=4 rep=3 -> mr=0.3253 tp=0.39
  lruforgive msr_proj_0 sz=4800 hp=28 t=8 rep=1 -> mr=0.3271 tp=0.35
  lruforgive msr_proj_0 sz=4800 hp=28 t=8 rep=2 -> mr=0.3291 tp=0.35
  lruforgive msr_proj_0 sz=4800 hp=28 t=8 rep=3 -> mr=0.3298 tp=0.35
  lruforgive msr_proj_0 sz=9600 hp=29 t=16 rep=1 -> mr=0.3297 tp=0.30
  lruforgive msr_proj_0 sz=9600 hp=29 t=16 rep=2 -> mr=0.3291 tp=0.31
  lruforgive msr_proj_0 sz=9600 hp=29 t=16 rep=3 -> mr=0.3279 tp=0.30
  s3fifoforgive msr_proj_0 sz=600 hp=25 t=1 rep=1 -> mr=0.3083 tp=0.28
  s3fifoforgive msr_proj_0 sz=600 hp=25 t=1 rep=2 -> mr=0.3084 tp=0.31
  s3fifoforgive msr_proj_0 sz=600 hp=25 t=1 rep=3 -> mr=0.3072 tp=0.28
=== msr_proj_0 base_sz=1200 base_hp=26 ===
  lruforgive msr_proj_0 sz=1200 hp=26 t=1 rep=1 -> mr=0.2415 tp=0.23
  lruforgive msr_proj_0 sz=1200 hp=26 t=1 rep=2 -> mr=0.2417 tp=0.21
  lruforgive msr_proj_0 sz=1200 hp=26 t=1 rep=3 -> mr=0.2413 tp=0.22
  lruforgive msr_proj_0 sz=2400 hp=27 t=2 rep=1 -> mr=0.2405 tp=0.33
  lruforgive msr_proj_0 sz=2400 hp=27 t=2 rep=2 -> mr=0.2405 tp=0.33
  lruforgive msr_proj_0 sz=2400 hp=27 t=2 rep=3 -> mr=0.2405 tp=0.33
  lruforgive msr_proj_0 sz=4800 hp=28 t=4 rep=1 -> mr=0.2435 tp=0.43
  lruforgive msr_proj_0 sz=4800 hp=28 t=4 rep=2 -> mr=0.2419 tp=0.43
  lruforgive msr_proj_0 sz=4800 hp=28 t=4 rep=3 -> mr=0.2445 tp=0.43
  lruforgive msr_proj_0 sz=9600 hp=29 t=8 rep=1 -> mr=0.2458 tp=0.32
  lruforgive msr_proj_0 sz=9600 hp=29 t=8 rep=2 -> mr=0.2458 tp=0.32
  lruforgive msr_proj_0 sz=9600 hp=29 t=8 rep=3 -> mr=0.2452 tp=0.31
  lruforgive msr_proj_0 sz=19200 hp=30 t=16 rep=1 -> mr=0.2486 tp=0.29
  lruforgive msr_proj_0 sz=19200 hp=30 t=16 rep=2 -> mr=0.2485 tp=0.30
  lruforgive msr_proj_0 sz=19200 hp=30 t=16 rep=3 -> mr=0.2463 tp=0.29
  s3fifoforgive msr_proj_0 sz=1200 hp=26 t=1 rep=1 -> mr=0.2184 tp=0.25
  s3fifoforgive msr_proj_0 sz=1200 hp=26 t=1 rep=2 -> mr=0.2182 tp=0.23
  s3fifoforgive msr_proj_0 sz=1200 hp=26 t=1 rep=3 -> mr=0.2181 tp=0.24
=== cluster53 base_sz=128 base_hp=23 ===
  lruforgive cluster53 sz=128 hp=23 t=1 rep=1 -> mr=0.2426 tp=0.34
  lruforgive cluster53 sz=128 hp=23 t=1 rep=2 -> mr=0.2426 tp=0.32
  lruforgive cluster53 sz=128 hp=23 t=1 rep=3 -> mr=0.2426 tp=0.35
  lruforgive cluster53 sz=256 hp=24 t=2 rep=1 -> mr=0.2399 tp=0.49
  lruforgive cluster53 sz=256 hp=24 t=2 rep=2 -> mr=0.2412 tp=0.49
  lruforgive cluster53 sz=256 hp=24 t=2 rep=3 -> mr=0.2408 tp=0.49
  lruforgive cluster53 sz=512 hp=25 t=4 rep=1 -> mr=NA tp=NA
  lruforgive cluster53 sz=512 hp=25 t=4 rep=2 -> mr=NA tp=NA
  lruforgive cluster53 sz=512 hp=25 t=4 rep=3 -> mr=NA tp=NA
  lruforgive cluster53 sz=1024 hp=26 t=8 rep=1 -> mr=NA tp=NA
  lruforgive cluster53 sz=1024 hp=26 t=8 rep=2 -> mr=NA tp=NA
  lruforgive cluster53 sz=1024 hp=26 t=8 rep=3 -> mr=NA tp=NA
  lruforgive cluster53 sz=2048 hp=27 t=16 rep=1 -> mr=NA tp=0.58
  lruforgive cluster53 sz=2048 hp=27 t=16 rep=2 -> mr=NA tp=0.59
  lruforgive cluster53 sz=2048 hp=27 t=16 rep=3 -> mr=NA tp=0.59
  s3fifoforgive cluster53 sz=128 hp=23 t=1 rep=1 -> mr=0.2329 tp=0.41
  s3fifoforgive cluster53 sz=128 hp=23 t=1 rep=2 -> mr=0.2329 tp=0.44
  s3fifoforgive cluster53 sz=128 hp=23 t=1 rep=3 -> mr=0.2329 tp=0.41
=== cluster53 base_sz=600 base_hp=25 ===
  lruforgive cluster53 sz=600 hp=25 t=1 rep=1 -> mr=0.1276 tp=0.40
  lruforgive cluster53 sz=600 hp=25 t=1 rep=2 -> mr=0.1276 tp=0.36
  lruforgive cluster53 sz=600 hp=25 t=1 rep=3 -> mr=0.1276 tp=0.40
  lruforgive cluster53 sz=1200 hp=26 t=2 rep=1 -> mr=0.1542 tp=0.52
  lruforgive cluster53 sz=1200 hp=26 t=2 rep=2 -> mr=0.1555 tp=0.49
  lruforgive cluster53 sz=1200 hp=26 t=2 rep=3 -> mr=0.1554 tp=0.50
  lruforgive cluster53 sz=2400 hp=27 t=4 rep=1 -> mr=NA tp=NA
  lruforgive cluster53 sz=2400 hp=27 t=4 rep=2 -> mr=NA tp=NA
  lruforgive cluster53 sz=2400 hp=27 t=4 rep=3 -> mr=NA tp=NA
  lruforgive cluster53 sz=4800 hp=28 t=8 rep=1 -> mr=NA tp=NA
  lruforgive cluster53 sz=4800 hp=28 t=8 rep=2 -> mr=NA tp=NA
  lruforgive cluster53 sz=4800 hp=28 t=8 rep=3 -> mr=NA tp=NA
  lruforgive cluster53 sz=9600 hp=29 t=16 rep=1 -> mr=NA tp=NA
  lruforgive cluster53 sz=9600 hp=29 t=16 rep=2 -> mr=NA tp=NA
  lruforgive cluster53 sz=9600 hp=29 t=16 rep=3 -> mr=NA tp=NA
  s3fifoforgive cluster53 sz=600 hp=25 t=1 rep=1 -> mr=0.1213 tp=0.41
  s3fifoforgive cluster53 sz=600 hp=25 t=1 rep=2 -> mr=0.1213 tp=0.38
  s3fifoforgive cluster53 sz=600 hp=25 t=1 rep=3 -> mr=0.1213 tp=0.43
=== cluster53 base_sz=1200 base_hp=26 ===
  lruforgive cluster53 sz=1200 hp=26 t=1 rep=1 -> mr=0.0947 tp=0.35
  lruforgive cluster53 sz=1200 hp=26 t=1 rep=2 -> mr=0.0947 tp=0.41
  lruforgive cluster53 sz=1200 hp=26 t=1 rep=3 -> mr=0.0947 tp=0.38
  lruforgive cluster53 sz=2400 hp=27 t=2 rep=1 -> mr=0.1048 tp=0.51
  lruforgive cluster53 sz=2400 hp=27 t=2 rep=2 -> mr=0.1062 tp=0.48
  lruforgive cluster53 sz=2400 hp=27 t=2 rep=3 -> mr=0.1065 tp=0.49
  lruforgive cluster53 sz=4800 hp=28 t=4 rep=1 -> mr=NA tp=NA
  lruforgive cluster53 sz=4800 hp=28 t=4 rep=2 -> mr=NA tp=NA
  lruforgive cluster53 sz=4800 hp=28 t=4 rep=3 -> mr=NA tp=NA
  lruforgive cluster53 sz=9600 hp=29 t=8 rep=1 -> mr=NA tp=NA
  lruforgive cluster53 sz=9600 hp=29 t=8 rep=2 -> mr=NA tp=NA
  lruforgive cluster53 sz=9600 hp=29 t=8 rep=3 -> mr=NA tp=NA
  lruforgive cluster53 sz=19200 hp=30 t=16 rep=1 -> mr=0.123 tp=0.51
  lruforgive cluster53 sz=19200 hp=30 t=16 rep=2 -> mr=0.1235 tp=0.51
  lruforgive cluster53 sz=19200 hp=30 t=16 rep=3 -> mr=0.1234 tp=0.51
  s3fifoforgive cluster53 sz=1200 hp=26 t=1 rep=1 -> mr=0.0910 tp=0.42
  s3fifoforgive cluster53 sz=1200 hp=26 t=1 rep=2 -> mr=0.0910 tp=0.39
  s3fifoforgive cluster53 sz=1200 hp=26 t=1 rep=3 -> mr=0.0910 tp=0.38
=== msr_prxy_1 base_sz=256 base_hp=24 ===
  lruforgive msr_prxy_1 sz=256 hp=24 t=1 rep=1 -> mr=0.1948 tp=0.41
  lruforgive msr_prxy_1 sz=256 hp=24 t=1 rep=2 -> mr=0.1989 tp=0.41
  lruforgive msr_prxy_1 sz=256 hp=24 t=1 rep=3 -> mr=0.1960 tp=0.41
  lruforgive msr_prxy_1 sz=512 hp=25 t=2 rep=1 -> mr=0.0135 tp=0.56
  lruforgive msr_prxy_1 sz=512 hp=25 t=2 rep=2 -> mr=0.0136 tp=0.57
  lruforgive msr_prxy_1 sz=512 hp=25 t=2 rep=3 -> mr=0.0135 tp=0.56
  lruforgive msr_prxy_1 sz=1024 hp=26 t=4 rep=1 -> mr=0.0131 tp=0.56
  lruforgive msr_prxy_1 sz=1024 hp=26 t=4 rep=2 -> mr=0.0131 tp=0.56
  lruforgive msr_prxy_1 sz=1024 hp=26 t=4 rep=3 -> mr=0.0131 tp=0.57
  lruforgive msr_prxy_1 sz=2048 hp=27 t=8 rep=1 -> mr=NA tp=NA
  lruforgive msr_prxy_1 sz=2048 hp=27 t=8 rep=2 -> mr=NA tp=NA
  lruforgive msr_prxy_1 sz=2048 hp=27 t=8 rep=3 -> mr=NA tp=NA
  lruforgive msr_prxy_1 sz=4096 hp=28 t=16 rep=1 -> mr=NA tp=NA
  lruforgive msr_prxy_1 sz=4096 hp=28 t=16 rep=2 -> mr=NA tp=NA
  lruforgive msr_prxy_1 sz=4096 hp=28 t=16 rep=3 -> mr=NA tp=NA
  s3fifoforgive msr_prxy_1 sz=256 hp=24 t=1 rep=1 -> mr=0.1144 tp=0.49
  s3fifoforgive msr_prxy_1 sz=256 hp=24 t=1 rep=2 -> mr=NA tp=NA
  s3fifoforgive msr_prxy_1 sz=256 hp=24 t=1 rep=3 -> mr=0.1145 tp=0.49
=== msr_prxy_1 base_sz=600 base_hp=25 ===
  lruforgive msr_prxy_1 sz=600 hp=25 t=1 rep=1 -> mr=0.0030 tp=0.71
  lruforgive msr_prxy_1 sz=600 hp=25 t=1 rep=2 -> mr=0.0030 tp=0.71
  lruforgive msr_prxy_1 sz=600 hp=25 t=1 rep=3 -> mr=0.0030 tp=0.70
  lruforgive msr_prxy_1 sz=1200 hp=26 t=2 rep=1 -> mr=0.0029 tp=0.59
  lruforgive msr_prxy_1 sz=1200 hp=26 t=2 rep=2 -> mr=0.0028 tp=0.56
  lruforgive msr_prxy_1 sz=1200 hp=26 t=2 rep=3 -> mr=0.0029 tp=0.56
  lruforgive msr_prxy_1 sz=2400 hp=27 t=4 rep=1 -> mr=0.0035 tp=0.55
  lruforgive msr_prxy_1 sz=2400 hp=27 t=4 rep=2 -> mr=0.0033 tp=0.56
  lruforgive msr_prxy_1 sz=2400 hp=27 t=4 rep=3 -> mr=0.0032 tp=0.56
  lruforgive msr_prxy_1 sz=4800 hp=28 t=8 rep=1 -> mr=NA tp=NA
  lruforgive msr_prxy_1 sz=4800 hp=28 t=8 rep=2 -> mr=NA tp=NA
  lruforgive msr_prxy_1 sz=4800 hp=28 t=8 rep=3 -> mr=NA tp=NA
  lruforgive msr_prxy_1 sz=9600 hp=29 t=16 rep=1 -> mr=NA tp=NA
  lruforgive msr_prxy_1 sz=9600 hp=29 t=16 rep=2 -> mr=NA tp=NA
  lruforgive msr_prxy_1 sz=9600 hp=29 t=16 rep=3 -> mr=NA tp=NA
  s3fifoforgive msr_prxy_1 sz=600 hp=25 t=1 rep=1 -> mr=0.0028 tp=0.74
  s3fifoforgive msr_prxy_1 sz=600 hp=25 t=1 rep=2 -> mr=0.0028 tp=0.76
  s3fifoforgive msr_prxy_1 sz=600 hp=25 t=1 rep=3 -> mr=0.0028 tp=0.75
=== msr_prxy_1 base_sz=1200 base_hp=26 ===
  lruforgive msr_prxy_1 sz=1200 hp=26 t=1 rep=1 -> mr=0.0027 tp=0.71
  lruforgive msr_prxy_1 sz=1200 hp=26 t=1 rep=2 -> mr=0.0027 tp=0.71
  lruforgive msr_prxy_1 sz=1200 hp=26 t=1 rep=3 -> mr=0.0027 tp=0.70
  lruforgive msr_prxy_1 sz=2400 hp=27 t=2 rep=1 -> mr=0.0027 tp=0.60
  lruforgive msr_prxy_1 sz=2400 hp=27 t=2 rep=2 -> mr=0.0026 tp=0.60
  lruforgive msr_prxy_1 sz=2400 hp=27 t=2 rep=3 -> mr=0.0025 tp=0.55
  lruforgive msr_prxy_1 sz=4800 hp=28 t=4 rep=1 -> mr=0.0026 tp=0.56
  lruforgive msr_prxy_1 sz=4800 hp=28 t=4 rep=2 -> mr=0.0026 tp=0.55
  lruforgive msr_prxy_1 sz=4800 hp=28 t=4 rep=3 -> mr=0.0027 tp=0.55
  lruforgive msr_prxy_1 sz=9600 hp=29 t=8 rep=1 -> mr=NA tp=NA
  lruforgive msr_prxy_1 sz=9600 hp=29 t=8 rep=2 -> mr=NA tp=NA
  lruforgive msr_prxy_1 sz=9600 hp=29 t=8 rep=3 -> mr=NA tp=NA
  lruforgive msr_prxy_1 sz=19200 hp=30 t=16 rep=1 -> mr=NA tp=NA
  lruforgive msr_prxy_1 sz=19200 hp=30 t=16 rep=2 -> mr=NA tp=NA
  lruforgive msr_prxy_1 sz=19200 hp=30 t=16 rep=3 -> mr=NA tp=NA
  s3fifoforgive msr_prxy_1 sz=1200 hp=26 t=1 rep=1 -> mr=0.0026 tp=0.73
  s3fifoforgive msr_prxy_1 sz=1200 hp=26 t=1 rep=2 -> mr=0.0026 tp=0.74
  s3fifoforgive msr_prxy_1 sz=1200 hp=26 t=1 rep=3 -> mr=0.0026 tp=0.73
DONE -> /mydata/tardis/final_sweep_single-manager_20260825_005853.csv
