nohup: ignoring input
===== 200MB hp=24 =====
  lru: miss=0.4680
  lruforgive run 1: miss=0.3811 mqps=0.09
  lruforgive run 2: miss=0.3862 mqps=0.09
  lruforgive run 3: miss=0.3863 mqps=0.09
  lruforgive run 4: miss=0.3888 mqps=0.09
  lruforgive run 5: miss=0.3864 mqps=0.09
===== 256MB hp=24 =====
  lru: miss=0.3574
  lruforgive run 1: miss=0.1594 mqps=0.13
  lruforgive run 2: miss=0.1612 mqps=0.13
  lruforgive run 3: miss=0.1937 mqps=0.12
  lruforgive run 4: miss=0.2040 mqps=0.11
  lruforgive run 5: miss=0.1604 mqps=0.13
===== 320MB hp=24 =====
  lru: miss=0.0574
  lruforgive run 1: miss=0.0156 mqps=0.38
  lruforgive run 2: miss=0.0156 mqps=0.38
  lruforgive run 3: miss=0.0219 mqps=0.33
  lruforgive run 4: miss=0.0156 mqps=0.38
  lruforgive run 5: miss=0.0156 mqps=0.38
===== 400MB hp=25 =====
  lru: miss=0.0127
  lruforgive run 1: miss=0.0123 mqps=0.49
  lruforgive run 2: miss=0.0123 mqps=0.50
  lruforgive run 3: miss=0.0123 mqps=0.50
  lruforgive run 4: miss=0.0123 mqps=0.50
  lruforgive run 5: miss=0.0123 mqps=0.49
===== 800MB hp=26 =====
  lru: miss=0.0029
  lruforgive run 1: miss=0.0028 mqps=0.52
  lruforgive run 2: miss=0.0028 mqps=0.52
  lruforgive run 3: miss=0.0028 mqps=0.52
  lruforgive run 4: miss=0.0028 mqps=0.53
  lruforgive run 5: miss=0.0028 mqps=0.52
===== summary: sorted LRUForgive miss ratios per size =====
200MB (lru=0.4680): 0.3811 0.3862 0.3863 0.3864 0.3888 
256MB (lru=0.3574): 0.1594 0.1604 0.1612 0.1937 0.2040 
320MB (lru=0.0574): 0.0156 0.0156 0.0156 0.0156 0.0219 
400MB (lru=0.0127): 0.0123 0.0123 0.0123 0.0123 0.0123 
800MB (lru=0.0029): 0.0028 0.0028 0.0028 0.0028 0.0028 
DONE -> /mydata/tardis/prxy1_cliff.csv
