nohup: ignoring input
===== msr_proj_0.oracleGeneral @256MB, recentWindow=64 =====
  buf=64 msr_proj_0.oracleGeneral t=1 hp=24 run=1 miss=0.4426 mqps=0.03
  buf=64 msr_proj_0.oracleGeneral t=1 hp=24 run=2 miss=0.4429 mqps=0.03
  buf=64 msr_proj_0.oracleGeneral t=1 hp=24 run=3 miss=0.4388 mqps=0.03
  buf=64 msr_proj_0.oracleGeneral t=2 hp=25 run=1 miss=0.4390 mqps=0.03
  buf=64 msr_proj_0.oracleGeneral t=2 hp=25 run=2 miss=0.4394 mqps=0.03
  buf=64 msr_proj_0.oracleGeneral t=2 hp=25 run=3 miss=0.4391 mqps=0.03
  buf=64 msr_proj_0.oracleGeneral t=4 hp=26 run=1 miss=0.5439 mqps=0.04
  buf=64 msr_proj_0.oracleGeneral t=4 hp=26 run=2 miss=0.5531 mqps=0.04
  buf=64 msr_proj_0.oracleGeneral t=4 hp=26 run=3 miss=0.5388 mqps=0.04
  buf=64 msr_proj_0.oracleGeneral t=8 hp=27 run=1 miss=0.6142 mqps=0.07
  buf=64 msr_proj_0.oracleGeneral t=8 hp=27 run=2 miss=0.6188 mqps=0.07
  buf=64 msr_proj_0.oracleGeneral t=8 hp=27 run=3 miss=0.6187 mqps=0.07
  buf=64 msr_proj_0.oracleGeneral t=16 hp=28 run=1 miss=0.6761 mqps=0.13
  buf=64 msr_proj_0.oracleGeneral t=16 hp=28 run=2 miss=0.6750 mqps=0.13
  buf=64 msr_proj_0.oracleGeneral t=16 hp=28 run=3 miss=0.6754 mqps=0.13
===== cluster53.oracleGeneral @128MB, recentWindow=64 =====
  buf=64 cluster53.oracleGeneral t=1 hp=23 run=1 miss=FAIL mqps=
  buf=64 cluster53.oracleGeneral t=1 hp=23 run=2 miss=FAIL mqps=
  buf=64 cluster53.oracleGeneral t=1 hp=23 run=3 miss=FAIL mqps=
  buf=64 cluster53.oracleGeneral t=2 hp=24 run=1 miss=FAIL mqps=
  buf=64 cluster53.oracleGeneral t=2 hp=24 run=2 miss=FAIL mqps=
  buf=64 cluster53.oracleGeneral t=2 hp=24 run=3 miss=FAIL mqps=
  buf=64 cluster53.oracleGeneral t=4 hp=25 run=1 miss=FAIL mqps=
  buf=64 cluster53.oracleGeneral t=4 hp=25 run=2 miss=FAIL mqps=
  buf=64 cluster53.oracleGeneral t=4 hp=25 run=3 miss=FAIL mqps=
  buf=64 cluster53.oracleGeneral t=8 hp=26 run=1 miss=FAIL mqps=
  buf=64 cluster53.oracleGeneral t=8 hp=26 run=2 miss=FAIL mqps=
  buf=64 cluster53.oracleGeneral t=8 hp=26 run=3 miss=FAIL mqps=
  buf=64 cluster53.oracleGeneral t=16 hp=27 run=1 miss=0.5026 mqps=0.14
  buf=64 cluster53.oracleGeneral t=16 hp=27 run=2 miss=0.5027 mqps=0.14
  buf=64 cluster53.oracleGeneral t=16 hp=27 run=3 miss=0.5030 mqps=0.14
DONE (recentWindow=64) -> /mydata/tardis/recency_results.csv
