nohup: ignoring input
turbo OFF; branch=jane-perthread
writing /mydata/tardis/repl_matrix_20260810_014611.csv
=== msr_proj_0 base=1200MB hp_base=26 ===
  msr_proj_0 lru base=1200 sz=1200 t=1 hp=26 rep=1 -> mr=0.2462 tp=0.31
  msr_proj_0 lru base=1200 sz=1200 t=1 hp=26 rep=2 -> mr=0.2462 tp=0.31
  msr_proj_0 lru base=1200 sz=1200 t=1 hp=26 rep=3 -> mr=0.2462 tp=0.31
  msr_proj_0 lru base=1200 sz=1200 t=1 hp=26 rep=4 -> mr=0.2462 tp=0.31
  msr_proj_0 perthread base=1200 sz=1200 t=1 hp=26 rep=1 -> mr=0.2440 tp=0.23
  msr_proj_0 perthread base=1200 sz=1200 t=1 hp=26 rep=2 -> mr=0.2441 tp=0.23
  msr_proj_0 perthread base=1200 sz=1200 t=1 hp=26 rep=3 -> mr=0.2441 tp=0.23
  msr_proj_0 perthread base=1200 sz=1200 t=1 hp=26 rep=4 -> mr=0.2440 tp=0.23
  msr_proj_0 lru base=1200 sz=2400 t=2 hp=27 rep=1 -> mr=0.2434 tp=0.44
  msr_proj_0 lru base=1200 sz=2400 t=2 hp=27 rep=2 -> mr=0.2434 tp=0.44
  msr_proj_0 lru base=1200 sz=2400 t=2 hp=27 rep=3 -> mr=0.2434 tp=0.44
  msr_proj_0 lru base=1200 sz=2400 t=2 hp=27 rep=4 -> mr=0.2434 tp=0.44
  msr_proj_0 perthread base=1200 sz=2400 t=2 hp=27 rep=1 -> mr=0.2413 tp=0.33
  msr_proj_0 perthread base=1200 sz=2400 t=2 hp=27 rep=2 -> mr=0.2410 tp=0.44
  msr_proj_0 perthread base=1200 sz=2400 t=2 hp=27 rep=3 -> mr=0.2401 tp=0.44
  msr_proj_0 perthread base=1200 sz=2400 t=2 hp=27 rep=4 -> mr=0.2410 tp=0.44
  msr_proj_0 lru base=1200 sz=4800 t=4 hp=28 rep=1 -> mr=0.2429 tp=0.88
  msr_proj_0 lru base=1200 sz=4800 t=4 hp=28 rep=2 -> mr=0.2428 tp=0.87
  msr_proj_0 lru base=1200 sz=4800 t=4 hp=28 rep=3 -> mr=0.2427 tp=0.87
  msr_proj_0 lru base=1200 sz=4800 t=4 hp=28 rep=4 -> mr=0.2427 tp=0.87
  msr_proj_0 perthread base=1200 sz=4800 t=4 hp=28 rep=1 -> mr=0.2398 tp=0.65
  msr_proj_0 perthread base=1200 sz=4800 t=4 hp=28 rep=2 -> mr=0.2398 tp=0.65
  msr_proj_0 perthread base=1200 sz=4800 t=4 hp=28 rep=3 -> mr=0.2404 tp=0.65
  msr_proj_0 perthread base=1200 sz=4800 t=4 hp=28 rep=4 -> mr=0.2397 tp=0.65
  msr_proj_0 lru base=1200 sz=9600 t=8 hp=29 rep=1 -> mr=0.2409 tp=1.70
  msr_proj_0 lru base=1200 sz=9600 t=8 hp=29 rep=2 -> mr=0.2414 tp=1.68
  msr_proj_0 lru base=1200 sz=9600 t=8 hp=29 rep=3 -> mr=0.2398 tp=1.68
  msr_proj_0 lru base=1200 sz=9600 t=8 hp=29 rep=4 -> mr=0.2406 tp=1.70
  msr_proj_0 perthread base=1200 sz=9600 t=8 hp=29 rep=1 -> mr=0.2373 tp=1.02
  msr_proj_0 perthread base=1200 sz=9600 t=8 hp=29 rep=2 -> mr=0.2376 tp=1.01
  msr_proj_0 perthread base=1200 sz=9600 t=8 hp=29 rep=3 -> mr=0.2371 tp=1.02
  msr_proj_0 perthread base=1200 sz=9600 t=8 hp=29 rep=4 -> mr=0.2383 tp=1.02
  msr_proj_0 lru base=1200 sz=19200 t=16 hp=30 rep=1 -> mr=0.2414 tp=1.44
  msr_proj_0 lru base=1200 sz=19200 t=16 hp=30 rep=2 -> mr=0.2517 tp=1.61
  msr_proj_0 lru base=1200 sz=19200 t=16 hp=30 rep=3 -> mr=0.2404 tp=1.40
  msr_proj_0 lru base=1200 sz=19200 t=16 hp=30 rep=4 -> mr=0.2546 tp=1.61
  msr_proj_0 perthread base=1200 sz=19200 t=16 hp=30 rep=1 -> mr=0.2393 tp=1.02
  msr_proj_0 perthread base=1200 sz=19200 t=16 hp=30 rep=2 -> mr=0.2398 tp=1.05
  msr_proj_0 perthread base=1200 sz=19200 t=16 hp=30 rep=3 -> mr=0.2392 tp=1.03
  msr_proj_0 perthread base=1200 sz=19200 t=16 hp=30 rep=4 -> mr=0.2391 tp=1.05
=== msr_proj_0 base=600MB hp_base=25 ===
  msr_proj_0 lru base=600 sz=600 t=1 hp=25 rep=1 -> mr=0.3367 tp=0.27
  msr_proj_0 lru base=600 sz=600 t=1 hp=25 rep=2 -> mr=0.3367 tp=0.27
  msr_proj_0 lru base=600 sz=600 t=1 hp=25 rep=3 -> mr=0.3367 tp=0.27
  msr_proj_0 lru base=600 sz=600 t=1 hp=25 rep=4 -> mr=0.3367 tp=0.27
  msr_proj_0 perthread base=600 sz=600 t=1 hp=25 rep=1 -> mr=0.3357 tp=0.21
  msr_proj_0 perthread base=600 sz=600 t=1 hp=25 rep=2 -> mr=0.3335 tp=0.21
  msr_proj_0 perthread base=600 sz=600 t=1 hp=25 rep=3 -> mr=0.3357 tp=0.21
  msr_proj_0 perthread base=600 sz=600 t=1 hp=25 rep=4 -> mr=0.3357 tp=0.21
  msr_proj_0 lru base=600 sz=1200 t=2 hp=26 rep=1 -> mr=0.3292 tp=0.47
  msr_proj_0 lru base=600 sz=1200 t=2 hp=26 rep=2 -> mr=0.3284 tp=0.47
  msr_proj_0 lru base=600 sz=1200 t=2 hp=26 rep=3 -> mr=0.3288 tp=0.47
  msr_proj_0 lru base=600 sz=1200 t=2 hp=26 rep=4 -> mr=0.3292 tp=0.47
  msr_proj_0 perthread base=600 sz=1200 t=2 hp=26 rep=1 -> mr=0.3264 tp=0.35
  msr_proj_0 perthread base=600 sz=1200 t=2 hp=26 rep=2 -> mr=0.3258 tp=0.35
  msr_proj_0 perthread base=600 sz=1200 t=2 hp=26 rep=3 -> mr=0.3261 tp=0.35
  msr_proj_0 perthread base=600 sz=1200 t=2 hp=26 rep=4 -> mr=0.3261 tp=0.35
  msr_proj_0 lru base=600 sz=2400 t=4 hp=27 rep=1 -> mr=0.3266 tp=0.93
  msr_proj_0 lru base=600 sz=2400 t=4 hp=27 rep=2 -> mr=0.3245 tp=0.93
  msr_proj_0 lru base=600 sz=2400 t=4 hp=27 rep=3 -> mr=0.3275 tp=0.93
  msr_proj_0 lru base=600 sz=2400 t=4 hp=27 rep=4 -> mr=0.3262 tp=0.93
  msr_proj_0 perthread base=600 sz=2400 t=4 hp=27 rep=1 -> mr=0.3242 tp=0.70
  msr_proj_0 perthread base=600 sz=2400 t=4 hp=27 rep=2 -> mr=0.3243 tp=0.70
  msr_proj_0 perthread base=600 sz=2400 t=4 hp=27 rep=3 -> mr=0.3238 tp=0.70
  msr_proj_0 perthread base=600 sz=2400 t=4 hp=27 rep=4 -> mr=0.3224 tp=0.70
  msr_proj_0 lru base=600 sz=4800 t=8 hp=28 rep=1 -> mr=0.3219 tp=1.37
  msr_proj_0 lru base=600 sz=4800 t=8 hp=28 rep=2 -> mr=0.3220 tp=1.73
  msr_proj_0 lru base=600 sz=4800 t=8 hp=28 rep=3 -> mr=0.3216 tp=1.75
  msr_proj_0 lru base=600 sz=4800 t=8 hp=28 rep=4 -> mr=0.3223 tp=1.76
  msr_proj_0 perthread base=600 sz=4800 t=8 hp=28 rep=1 -> mr=0.3219 tp=0.91
  msr_proj_0 perthread base=600 sz=4800 t=8 hp=28 rep=2 -> mr=0.3224 tp=0.90
  msr_proj_0 perthread base=600 sz=4800 t=8 hp=28 rep=3 -> mr=0.3214 tp=0.91
  msr_proj_0 perthread base=600 sz=4800 t=8 hp=28 rep=4 -> mr=0.3229 tp=0.89
  msr_proj_0 lru base=600 sz=9600 t=16 hp=29 rep=1 -> mr=0.3351 tp=1.74
  msr_proj_0 lru base=600 sz=9600 t=16 hp=29 rep=2 -> mr=0.3199 tp=1.77
  msr_proj_0 lru base=600 sz=9600 t=16 hp=29 rep=3 -> mr=0.3265 tp=1.78
  msr_proj_0 lru base=600 sz=9600 t=16 hp=29 rep=4 -> mr=0.3325 tp=1.74
  msr_proj_0 perthread base=600 sz=9600 t=16 hp=29 rep=1 -> mr=0.3252 tp=1.00
  msr_proj_0 perthread base=600 sz=9600 t=16 hp=29 rep=2 -> mr=0.3247 tp=0.99
  msr_proj_0 perthread base=600 sz=9600 t=16 hp=29 rep=3 -> mr=0.3210 tp=0.99
  msr_proj_0 perthread base=600 sz=9600 t=16 hp=29 rep=4 -> mr=0.3193 tp=1.00
=== msr_proj_0 base=256MB hp_base=24 ===
  msr_proj_0 lru base=256 sz=256 t=1 hp=24 rep=1 -> mr=0.5061 tp=0.20
  msr_proj_0 lru base=256 sz=256 t=1 hp=24 rep=2 -> mr=0.5108 tp=0.20
  msr_proj_0 lru base=256 sz=256 t=1 hp=24 rep=3 -> mr=0.5061 tp=0.20
  msr_proj_0 lru base=256 sz=256 t=1 hp=24 rep=4 -> mr=0.5061 tp=0.20
  msr_proj_0 perthread base=256 sz=256 t=1 hp=24 rep=1 -> mr=0.5006 tp=0.17
  msr_proj_0 perthread base=256 sz=256 t=1 hp=24 rep=2 -> mr=0.5007 tp=0.17
  msr_proj_0 perthread base=256 sz=256 t=1 hp=24 rep=3 -> mr=0.5008 tp=0.17
  msr_proj_0 perthread base=256 sz=256 t=1 hp=24 rep=4 -> mr=0.5012 tp=0.17
  msr_proj_0 lru base=256 sz=512 t=2 hp=25 rep=1 -> mr=0.4608 tp=0.39
  msr_proj_0 lru base=256 sz=512 t=2 hp=25 rep=2 -> mr=0.4631 tp=0.39
  msr_proj_0 lru base=256 sz=512 t=2 hp=25 rep=3 -> mr=0.4614 tp=0.39
  msr_proj_0 lru base=256 sz=512 t=2 hp=25 rep=4 -> mr=0.4631 tp=0.39
  msr_proj_0 perthread base=256 sz=512 t=2 hp=25 rep=1 -> mr=0.4549 tp=0.31
  msr_proj_0 perthread base=256 sz=512 t=2 hp=25 rep=2 -> mr=0.4524 tp=0.31
  msr_proj_0 perthread base=256 sz=512 t=2 hp=25 rep=3 -> mr=0.4545 tp=0.31
  msr_proj_0 perthread base=256 sz=512 t=2 hp=25 rep=4 -> mr=0.4545 tp=0.31
  msr_proj_0 lru base=256 sz=1024 t=4 hp=26 rep=1 -> mr=0.4475 tp=0.76
  msr_proj_0 lru base=256 sz=1024 t=4 hp=26 rep=2 -> mr=0.4448 tp=0.76
  msr_proj_0 lru base=256 sz=1024 t=4 hp=26 rep=3 -> mr=0.4462 tp=0.76
  msr_proj_0 lru base=256 sz=1024 t=4 hp=26 rep=4 -> mr=0.4466 tp=0.76
  msr_proj_0 perthread base=256 sz=1024 t=4 hp=26 rep=1 -> mr=0.4349 tp=0.61
  msr_proj_0 perthread base=256 sz=1024 t=4 hp=26 rep=2 -> mr=0.4371 tp=0.61
  msr_proj_0 perthread base=256 sz=1024 t=4 hp=26 rep=3 -> mr=0.4389 tp=0.61
  msr_proj_0 perthread base=256 sz=1024 t=4 hp=26 rep=4 -> mr=0.4400 tp=0.61
  msr_proj_0 lru base=256 sz=2048 t=8 hp=27 rep=1 -> mr=0.4306 tp=1.47
  msr_proj_0 lru base=256 sz=2048 t=8 hp=27 rep=2 -> mr=0.4311 tp=1.47
  msr_proj_0 lru base=256 sz=2048 t=8 hp=27 rep=3 -> mr=0.4301 tp=1.48
  msr_proj_0 lru base=256 sz=2048 t=8 hp=27 rep=4 -> mr=0.4317 tp=1.46
  msr_proj_0 perthread base=256 sz=2048 t=8 hp=27 rep=1 -> mr=0.4307 tp=0.94
  msr_proj_0 perthread base=256 sz=2048 t=8 hp=27 rep=2 -> mr=0.4279 tp=0.84
  msr_proj_0 perthread base=256 sz=2048 t=8 hp=27 rep=3 -> mr=0.4305 tp=0.93
  msr_proj_0 perthread base=256 sz=2048 t=8 hp=27 rep=4 -> mr=0.4281 tp=0.94
  msr_proj_0 lru base=256 sz=4096 t=16 hp=28 rep=1 -> mr=0.4238 tp=1.59
  msr_proj_0 lru base=256 sz=4096 t=16 hp=28 rep=2 -> mr=0.4182 tp=1.58
  msr_proj_0 lru base=256 sz=4096 t=16 hp=28 rep=3 -> mr=0.4302 tp=1.56
  msr_proj_0 lru base=256 sz=4096 t=16 hp=28 rep=4 -> mr=0.4286 tp=1.59
  msr_proj_0 perthread base=256 sz=4096 t=16 hp=28 rep=1 -> mr=0.4197 tp=0.89
  msr_proj_0 perthread base=256 sz=4096 t=16 hp=28 rep=2 -> mr=0.4208 tp=0.89
  msr_proj_0 perthread base=256 sz=4096 t=16 hp=28 rep=3 -> mr=0.4199 tp=0.87
  msr_proj_0 perthread base=256 sz=4096 t=16 hp=28 rep=4 -> mr=0.4202 tp=0.87
=== cache-t-00 base=1200MB hp_base=26 ===
  cache-t-00 lru base=1200 sz=1200 t=1 hp=26 rep=1 -> mr=0.7543 tp=0.25
  cache-t-00 lru base=1200 sz=1200 t=1 hp=26 rep=2 -> mr=0.7543 tp=0.25
  cache-t-00 lru base=1200 sz=1200 t=1 hp=26 rep=3 -> mr=0.7543 tp=0.25
  cache-t-00 lru base=1200 sz=1200 t=1 hp=26 rep=4 -> mr=0.7543 tp=0.25
  cache-t-00 perthread base=1200 sz=1200 t=1 hp=26 rep=1 -> mr=0.7441 tp=0.22
  cache-t-00 perthread base=1200 sz=1200 t=1 hp=26 rep=2 -> mr=0.7440 tp=0.21
  cache-t-00 perthread base=1200 sz=1200 t=1 hp=26 rep=3 -> mr=0.7441 tp=0.22
  cache-t-00 perthread base=1200 sz=1200 t=1 hp=26 rep=4 -> mr=0.7441 tp=0.22
  cache-t-00 lru base=1200 sz=2400 t=2 hp=27 rep=1 -> mr=0.7522 tp=0.48
  cache-t-00 lru base=1200 sz=2400 t=2 hp=27 rep=2 -> mr=0.7523 tp=0.48
  cache-t-00 lru base=1200 sz=2400 t=2 hp=27 rep=3 -> mr=0.7522 tp=0.48
  cache-t-00 lru base=1200 sz=2400 t=2 hp=27 rep=4 -> mr=0.7526 tp=0.48
  cache-t-00 perthread base=1200 sz=2400 t=2 hp=27 rep=1 -> mr=0.7416 tp=0.42
  cache-t-00 perthread base=1200 sz=2400 t=2 hp=27 rep=2 -> mr=0.7419 tp=0.43
  cache-t-00 perthread base=1200 sz=2400 t=2 hp=27 rep=3 -> mr=0.7422 tp=0.43
  cache-t-00 perthread base=1200 sz=2400 t=2 hp=27 rep=4 -> mr=0.7419 tp=0.43
  cache-t-00 lru base=1200 sz=4800 t=4 hp=28 rep=1 -> mr=0.7514 tp=0.96
  cache-t-00 lru base=1200 sz=4800 t=4 hp=28 rep=2 -> mr=0.7511 tp=0.96
  cache-t-00 lru base=1200 sz=4800 t=4 hp=28 rep=3 -> mr=0.7514 tp=0.96
  cache-t-00 lru base=1200 sz=4800 t=4 hp=28 rep=4 -> mr=0.7512 tp=0.96
  cache-t-00 perthread base=1200 sz=4800 t=4 hp=28 rep=1 -> mr=0.7415 tp=0.78
  cache-t-00 perthread base=1200 sz=4800 t=4 hp=28 rep=2 -> mr=0.7415 tp=0.78
  cache-t-00 perthread base=1200 sz=4800 t=4 hp=28 rep=3 -> mr=0.7413 tp=0.78
  cache-t-00 perthread base=1200 sz=4800 t=4 hp=28 rep=4 -> mr=0.7413 tp=0.78
  cache-t-00 lru base=1200 sz=9600 t=8 hp=29 rep=1 -> mr=0.7501 tp=1.85
  cache-t-00 lru base=1200 sz=9600 t=8 hp=29 rep=2 -> mr=0.7502 tp=1.85
  cache-t-00 lru base=1200 sz=9600 t=8 hp=29 rep=3 -> mr=0.7500 tp=1.85
  cache-t-00 lru base=1200 sz=9600 t=8 hp=29 rep=4 -> mr=0.7501 tp=1.85
  cache-t-00 perthread base=1200 sz=9600 t=8 hp=29 rep=1 -> mr=0.7401 tp=1.43
  cache-t-00 perthread base=1200 sz=9600 t=8 hp=29 rep=2 -> mr=0.7402 tp=1.44
  cache-t-00 perthread base=1200 sz=9600 t=8 hp=29 rep=3 -> mr=0.7402 tp=1.38
  cache-t-00 perthread base=1200 sz=9600 t=8 hp=29 rep=4 -> mr=0.7399 tp=1.43
  cache-t-00 lru base=1200 sz=19200 t=16 hp=30 rep=1 -> mr=0.7454 tp=1.44
  cache-t-00 lru base=1200 sz=19200 t=16 hp=30 rep=2 -> mr=0.7457 tp=1.46
  cache-t-00 lru base=1200 sz=19200 t=16 hp=30 rep=3 -> mr=0.7454 tp=1.44
  cache-t-00 lru base=1200 sz=19200 t=16 hp=30 rep=4 -> mr=0.7455 tp=1.46
  cache-t-00 perthread base=1200 sz=19200 t=16 hp=30 rep=1 -> mr=0.7390 tp=1.40
  cache-t-00 perthread base=1200 sz=19200 t=16 hp=30 rep=2 -> mr=0.7387 tp=1.50
  cache-t-00 perthread base=1200 sz=19200 t=16 hp=30 rep=3 -> mr=0.7386 tp=1.41
  cache-t-00 perthread base=1200 sz=19200 t=16 hp=30 rep=4 -> mr=0.7381 tp=1.48
=== cache-t-00 base=600MB hp_base=25 ===
  cache-t-00 lru base=600 sz=600 t=1 hp=25 rep=1 -> mr=0.8188 tp=0.25
  cache-t-00 lru base=600 sz=600 t=1 hp=25 rep=2 -> mr=0.8188 tp=0.25
  cache-t-00 lru base=600 sz=600 t=1 hp=25 rep=3 -> mr=0.8188 tp=0.26
  cache-t-00 lru base=600 sz=600 t=1 hp=25 rep=4 -> mr=0.8188 tp=0.25
  cache-t-00 perthread base=600 sz=600 t=1 hp=25 rep=1 -> mr=0.8071 tp=0.22
  cache-t-00 perthread base=600 sz=600 t=1 hp=25 rep=2 -> mr=0.8071 tp=0.22
  cache-t-00 perthread base=600 sz=600 t=1 hp=25 rep=3 -> mr=0.8071 tp=0.22
  cache-t-00 perthread base=600 sz=600 t=1 hp=25 rep=4 -> mr=0.8071 tp=0.22
  cache-t-00 lru base=600 sz=1200 t=2 hp=26 rep=1 -> mr=0.9836 tp=0.44
  cache-t-00 lru base=600 sz=1200 t=2 hp=26 rep=2 -> mr=0.9836 tp=0.41
  cache-t-00 lru base=600 sz=1200 t=2 hp=26 rep=3 -> mr=0.9837 tp=0.44
  cache-t-00 lru base=600 sz=1200 t=2 hp=26 rep=4 -> mr=0.9837 tp=0.41
  cache-t-00 perthread base=600 sz=1200 t=2 hp=26 rep=1 -> mr=0.8027 tp=0.40
  cache-t-00 perthread base=600 sz=1200 t=2 hp=26 rep=2 -> mr=0.8025 tp=0.40
  cache-t-00 perthread base=600 sz=1200 t=2 hp=26 rep=3 -> mr=0.8027 tp=0.40
  cache-t-00 perthread base=600 sz=1200 t=2 hp=26 rep=4 -> mr=0.8024 tp=0.40
  cache-t-00 lru base=600 sz=2400 t=4 hp=27 rep=1 -> mr=0.8139 tp=0.89
  cache-t-00 lru base=600 sz=2400 t=4 hp=27 rep=2 -> mr=0.8135 tp=0.89
  cache-t-00 lru base=600 sz=2400 t=4 hp=27 rep=3 -> mr=0.8137 tp=0.89
  cache-t-00 lru base=600 sz=2400 t=4 hp=27 rep=4 -> mr=0.8135 tp=0.89
  cache-t-00 perthread base=600 sz=2400 t=4 hp=27 rep=1 -> mr=0.8014 tp=0.74
  cache-t-00 perthread base=600 sz=2400 t=4 hp=27 rep=2 -> mr=0.8018 tp=0.74
  cache-t-00 perthread base=600 sz=2400 t=4 hp=27 rep=3 -> mr=0.8020 tp=0.74
  cache-t-00 perthread base=600 sz=2400 t=4 hp=27 rep=4 -> mr=0.8022 tp=0.74
  cache-t-00 lru base=600 sz=4800 t=8 hp=28 rep=1 -> mr=0.8125 tp=1.87
  cache-t-00 lru base=600 sz=4800 t=8 hp=28 rep=2 -> mr=0.8126 tp=1.87
  cache-t-00 lru base=600 sz=4800 t=8 hp=28 rep=3 -> mr=0.8123 tp=1.86
  cache-t-00 lru base=600 sz=4800 t=8 hp=28 rep=4 -> mr=0.8123 tp=1.87
  cache-t-00 perthread base=600 sz=4800 t=8 hp=28 rep=1 -> mr=0.8006 tp=1.37
  cache-t-00 perthread base=600 sz=4800 t=8 hp=28 rep=2 -> mr=0.8008 tp=1.32
  cache-t-00 perthread base=600 sz=4800 t=8 hp=28 rep=3 -> mr=0.8006 tp=1.32
  cache-t-00 perthread base=600 sz=4800 t=8 hp=28 rep=4 -> mr=0.8005 tp=1.32
  cache-t-00 lru base=600 sz=9600 t=16 hp=29 rep=1 -> mr=0.8108 tp=2.09
  cache-t-00 lru base=600 sz=9600 t=16 hp=29 rep=2 -> mr=0.8108 tp=2.09
  cache-t-00 lru base=600 sz=9600 t=16 hp=29 rep=3 -> mr=0.8107 tp=2.10
  cache-t-00 lru base=600 sz=9600 t=16 hp=29 rep=4 -> mr=0.8109 tp=2.12
  cache-t-00 perthread base=600 sz=9600 t=16 hp=29 rep=1 -> mr=0.7999 tp=1.77
  cache-t-00 perthread base=600 sz=9600 t=16 hp=29 rep=2 -> mr=0.7999 tp=1.78
  cache-t-00 perthread base=600 sz=9600 t=16 hp=29 rep=3 -> mr=0.7998 tp=1.76
  cache-t-00 perthread base=600 sz=9600 t=16 hp=29 rep=4 -> mr=0.7998 tp=1.77
=== cache-t-00 base=512MB hp_base=25 ===
  cache-t-00 lru base=512 sz=512 t=1 hp=25 rep=1 -> mr=0.8325 tp=0.24
  cache-t-00 lru base=512 sz=512 t=1 hp=25 rep=2 -> mr=0.8325 tp=0.24
  cache-t-00 lru base=512 sz=512 t=1 hp=25 rep=3 -> mr=0.8325 tp=0.24
  cache-t-00 lru base=512 sz=512 t=1 hp=25 rep=4 -> mr=0.8325 tp=0.24
  cache-t-00 perthread base=512 sz=512 t=1 hp=25 rep=1 -> mr=0.8212 tp=0.21
  cache-t-00 perthread base=512 sz=512 t=1 hp=25 rep=2 -> mr=0.8211 tp=0.20
  cache-t-00 perthread base=512 sz=512 t=1 hp=25 rep=3 -> mr=0.8213 tp=0.20
  cache-t-00 perthread base=512 sz=512 t=1 hp=25 rep=4 -> mr=0.8212 tp=0.20
  cache-t-00 lru base=512 sz=1024 t=2 hp=26 rep=1 -> mr=0.9850 tp=0.44
  cache-t-00 lru base=512 sz=1024 t=2 hp=26 rep=2 -> mr=0.9849 tp=0.44
  cache-t-00 lru base=512 sz=1024 t=2 hp=26 rep=3 -> mr=0.9851 tp=0.41
  cache-t-00 lru base=512 sz=1024 t=2 hp=26 rep=4 -> mr=0.9851 tp=0.41
  cache-t-00 perthread base=512 sz=1024 t=2 hp=26 rep=1 -> mr=0.8155 tp=0.41
  cache-t-00 perthread base=512 sz=1024 t=2 hp=26 rep=2 -> mr=0.8155 tp=0.41
  cache-t-00 perthread base=512 sz=1024 t=2 hp=26 rep=3 -> mr=0.8159 tp=0.41
  cache-t-00 perthread base=512 sz=1024 t=2 hp=26 rep=4 -> mr=0.8163 tp=0.41
  cache-t-00 lru base=512 sz=2048 t=4 hp=27 rep=1 -> mr=0.8263 tp=0.90
  cache-t-00 lru base=512 sz=2048 t=4 hp=27 rep=2 -> mr=0.8258 tp=0.90
  cache-t-00 lru base=512 sz=2048 t=4 hp=27 rep=3 -> mr=0.8260 tp=0.90
  cache-t-00 lru base=512 sz=2048 t=4 hp=27 rep=4 -> mr=0.8261 tp=0.90
  cache-t-00 perthread base=512 sz=2048 t=4 hp=27 rep=1 -> mr=0.8141 tp=0.74
  cache-t-00 perthread base=512 sz=2048 t=4 hp=27 rep=2 -> mr=0.8140 tp=0.74
  cache-t-00 perthread base=512 sz=2048 t=4 hp=27 rep=3 -> mr=0.8140 tp=0.74
  cache-t-00 perthread base=512 sz=2048 t=4 hp=27 rep=4 -> mr=0.8144 tp=0.74
  cache-t-00 lru base=512 sz=4096 t=8 hp=28 rep=1 -> mr=0.8251 tp=1.74
  cache-t-00 lru base=512 sz=4096 t=8 hp=28 rep=2 -> mr=0.8248 tp=1.74
  cache-t-00 lru base=512 sz=4096 t=8 hp=28 rep=3 -> mr=0.8247 tp=1.74
  cache-t-00 lru base=512 sz=4096 t=8 hp=28 rep=4 -> mr=0.8248 tp=1.74
  cache-t-00 perthread base=512 sz=4096 t=8 hp=28 rep=1 -> mr=0.8131 tp=1.33
  cache-t-00 perthread base=512 sz=4096 t=8 hp=28 rep=2 -> mr=0.8133 tp=1.33
  cache-t-00 perthread base=512 sz=4096 t=8 hp=28 rep=3 -> mr=0.8133 tp=1.33
  cache-t-00 perthread base=512 sz=4096 t=8 hp=28 rep=4 -> mr=0.8130 tp=1.33
  cache-t-00 lru base=512 sz=8192 t=16 hp=29 rep=1 -> mr=0.8224 tp=2.19
  cache-t-00 lru base=512 sz=8192 t=16 hp=29 rep=2 -> mr=0.8228 tp=2.25
  cache-t-00 lru base=512 sz=8192 t=16 hp=29 rep=3 -> mr=0.8228 tp=2.24
  cache-t-00 lru base=512 sz=8192 t=16 hp=29 rep=4 -> mr=0.8227 tp=2.24
  cache-t-00 perthread base=512 sz=8192 t=16 hp=29 rep=1 -> mr=0.8119 tp=1.79
  cache-t-00 perthread base=512 sz=8192 t=16 hp=29 rep=2 -> mr=0.8124 tp=1.81
  cache-t-00 perthread base=512 sz=8192 t=16 hp=29 rep=3 -> mr=0.8118 tp=1.80
  cache-t-00 perthread base=512 sz=8192 t=16 hp=29 rep=4 -> mr=0.8124 tp=1.81
=== cluster53 base=1200MB hp_base=26 ===
  cluster53 lru base=1200 sz=1200 t=1 hp=26 rep=1 -> mr=0.0948 tp=1.49
  cluster53 lru base=1200 sz=1200 t=1 hp=26 rep=2 -> mr=0.0948 tp=1.48
  cluster53 lru base=1200 sz=1200 t=1 hp=26 rep=3 -> mr=0.0948 tp=1.48
  cluster53 lru base=1200 sz=1200 t=1 hp=26 rep=4 -> mr=0.0948 tp=1.49
  cluster53 perthread base=1200 sz=1200 t=1 hp=26 rep=1 -> mr=0.0948 tp=0.42
  cluster53 perthread base=1200 sz=1200 t=1 hp=26 rep=2 -> mr=0.0948 tp=0.42
  cluster53 perthread base=1200 sz=1200 t=1 hp=26 rep=3 -> mr=0.0948 tp=0.42
  cluster53 perthread base=1200 sz=1200 t=1 hp=26 rep=4 -> mr=0.0948 tp=0.42
  cluster53 lru base=1200 sz=2400 t=2 hp=27 rep=1 -> mr=0.1049 tp=2.43
  cluster53 lru base=1200 sz=2400 t=2 hp=27 rep=2 -> mr=0.1049 tp=2.43
  cluster53 lru base=1200 sz=2400 t=2 hp=27 rep=3 -> mr=0.1049 tp=2.43
  cluster53 lru base=1200 sz=2400 t=2 hp=27 rep=4 -> mr=0.1049 tp=2.43
  cluster53 perthread base=1200 sz=2400 t=2 hp=27 rep=1 -> mr=0.1049 tp=0.73
  cluster53 perthread base=1200 sz=2400 t=2 hp=27 rep=2 -> mr=0.1049 tp=0.73
  cluster53 perthread base=1200 sz=2400 t=2 hp=27 rep=3 -> mr=0.1049 tp=0.72
  cluster53 perthread base=1200 sz=2400 t=2 hp=27 rep=4 -> mr=0.1049 tp=0.73
  cluster53 lru base=1200 sz=4800 t=4 hp=28 rep=1 -> mr=0.1130 tp=4.25
  cluster53 lru base=1200 sz=4800 t=4 hp=28 rep=2 -> mr=0.1126 tp=4.35
  cluster53 lru base=1200 sz=4800 t=4 hp=28 rep=3 -> mr=0.1125 tp=4.32
  cluster53 lru base=1200 sz=4800 t=4 hp=28 rep=4 -> mr=0.1135 tp=4.29
  cluster53 perthread base=1200 sz=4800 t=4 hp=28 rep=1 -> mr=0.1130 tp=1.29
  cluster53 perthread base=1200 sz=4800 t=4 hp=28 rep=2 -> mr=0.1134 tp=1.27
  cluster53 perthread base=1200 sz=4800 t=4 hp=28 rep=3 -> mr=0.1134 tp=1.27
  cluster53 perthread base=1200 sz=4800 t=4 hp=28 rep=4 -> mr=0.1134 tp=1.27
  cluster53 lru base=1200 sz=9600 t=8 hp=29 rep=1 -> mr=0.1129 tp=4.66
  cluster53 lru base=1200 sz=9600 t=8 hp=29 rep=2 -> mr=0.1128 tp=4.61
  cluster53 lru base=1200 sz=9600 t=8 hp=29 rep=3 -> mr=0.1133 tp=4.65
  cluster53 lru base=1200 sz=9600 t=8 hp=29 rep=4 -> mr=0.1130 tp=4.69
  cluster53 perthread base=1200 sz=9600 t=8 hp=29 rep=1 -> mr=0.1131 tp=1.95
  cluster53 perthread base=1200 sz=9600 t=8 hp=29 rep=2 -> mr=0.1130 tp=1.95
  cluster53 perthread base=1200 sz=9600 t=8 hp=29 rep=3 -> mr=0.1131 tp=1.97
  cluster53 perthread base=1200 sz=9600 t=8 hp=29 rep=4 -> mr=0.1130 tp=1.95
  cluster53 lru base=1200 sz=19200 t=16 hp=30 rep=1 -> mr=0.1149 tp=4.54
  cluster53 lru base=1200 sz=19200 t=16 hp=30 rep=2 -> mr=0.1146 tp=4.48
  cluster53 lru base=1200 sz=19200 t=16 hp=30 rep=3 -> mr=0.1149 tp=4.56
  cluster53 lru base=1200 sz=19200 t=16 hp=30 rep=4 -> mr=0.1148 tp=4.59
  cluster53 perthread base=1200 sz=19200 t=16 hp=30 rep=1 -> mr=0.1155 tp=2.19
  cluster53 perthread base=1200 sz=19200 t=16 hp=30 rep=2 -> mr=0.1148 tp=2.22
  cluster53 perthread base=1200 sz=19200 t=16 hp=30 rep=3 -> mr=0.1154 tp=2.20
  cluster53 perthread base=1200 sz=19200 t=16 hp=30 rep=4 -> mr=0.1149 tp=2.20
=== cluster53 base=600MB hp_base=25 ===
  cluster53 lru base=600 sz=600 t=1 hp=25 rep=1 -> mr=0.1281 tp=1.32
  cluster53 lru base=600 sz=600 t=1 hp=25 rep=2 -> mr=0.1281 tp=1.34
  cluster53 lru base=600 sz=600 t=1 hp=25 rep=3 -> mr=0.1281 tp=1.35
  cluster53 lru base=600 sz=600 t=1 hp=25 rep=4 -> mr=0.1281 tp=1.33
  cluster53 perthread base=600 sz=600 t=1 hp=25 rep=1 -> mr=0.1280 tp=0.43
  cluster53 perthread base=600 sz=600 t=1 hp=25 rep=2 -> mr=0.1280 tp=0.43
  cluster53 perthread base=600 sz=600 t=1 hp=25 rep=3 -> mr=0.1280 tp=0.43
  cluster53 perthread base=600 sz=600 t=1 hp=25 rep=4 -> mr=0.1280 tp=0.44
  cluster53 lru base=600 sz=1200 t=2 hp=26 rep=1 -> mr=0.1545 tp=2.22
  cluster53 lru base=600 sz=1200 t=2 hp=26 rep=2 -> mr=0.1545 tp=2.22
  cluster53 lru base=600 sz=1200 t=2 hp=26 rep=3 -> mr=0.1545 tp=2.22
  cluster53 lru base=600 sz=1200 t=2 hp=26 rep=4 -> mr=0.1545 tp=2.22
  cluster53 perthread base=600 sz=1200 t=2 hp=26 rep=1 -> mr=0.1544 tp=0.76
  cluster53 perthread base=600 sz=1200 t=2 hp=26 rep=2 -> mr=0.1544 tp=0.75
  cluster53 perthread base=600 sz=1200 t=2 hp=26 rep=3 -> mr=0.1544 tp=0.76
  cluster53 perthread base=600 sz=1200 t=2 hp=26 rep=4 -> mr=0.1544 tp=0.76
  cluster53 lru base=600 sz=2400 t=4 hp=27 rep=1 -> mr=0.1578 tp=3.86
  cluster53 lru base=600 sz=2400 t=4 hp=27 rep=2 -> mr=0.1568 tp=3.97
  cluster53 lru base=600 sz=2400 t=4 hp=27 rep=3 -> mr=0.1578 tp=3.76
  cluster53 lru base=600 sz=2400 t=4 hp=27 rep=4 -> mr=0.1570 tp=4.00
  cluster53 perthread base=600 sz=2400 t=4 hp=27 rep=1 -> mr=0.1578 tp=1.25
  cluster53 perthread base=600 sz=2400 t=4 hp=27 rep=2 -> mr=0.1578 tp=1.25
  cluster53 perthread base=600 sz=2400 t=4 hp=27 rep=3 -> mr=0.1578 tp=1.26
  cluster53 perthread base=600 sz=2400 t=4 hp=27 rep=4 -> mr=0.1577 tp=1.28
  cluster53 lru base=600 sz=4800 t=8 hp=28 rep=1 -> mr=0.1598 tp=4.28
  cluster53 lru base=600 sz=4800 t=8 hp=28 rep=2 -> mr=0.1601 tp=4.14
  cluster53 lru base=600 sz=4800 t=8 hp=28 rep=3 -> mr=0.1600 tp=4.26
  cluster53 lru base=600 sz=4800 t=8 hp=28 rep=4 -> mr=0.1600 tp=4.16
  cluster53 perthread base=600 sz=4800 t=8 hp=28 rep=1 -> mr=0.1609 tp=1.82
  cluster53 perthread base=600 sz=4800 t=8 hp=28 rep=2 -> mr=0.1608 tp=1.82
  cluster53 perthread base=600 sz=4800 t=8 hp=28 rep=3 -> mr=0.1605 tp=1.83
  cluster53 perthread base=600 sz=4800 t=8 hp=28 rep=4 -> mr=0.1607 tp=1.83
  cluster53 lru base=600 sz=9600 t=16 hp=29 rep=1 -> mr=0.1616 tp=4.07
  cluster53 lru base=600 sz=9600 t=16 hp=29 rep=2 -> mr=0.1614 tp=4.05
  cluster53 lru base=600 sz=9600 t=16 hp=29 rep=3 -> mr=0.1615 tp=3.99
  cluster53 lru base=600 sz=9600 t=16 hp=29 rep=4 -> mr=0.1613 tp=3.89
  cluster53 perthread base=600 sz=9600 t=16 hp=29 rep=1 -> mr=0.1613 tp=1.94
  cluster53 perthread base=600 sz=9600 t=16 hp=29 rep=2 -> mr=0.1619 tp=1.92
  cluster53 perthread base=600 sz=9600 t=16 hp=29 rep=3 -> mr=0.1619 tp=1.92
  cluster53 perthread base=600 sz=9600 t=16 hp=29 rep=4 -> mr=0.1624 tp=1.93
=== cluster53 base=128MB hp_base=23 ===
  cluster53 lru base=128 sz=128 t=1 hp=23 rep=1 -> mr=0.2618 tp=0.92
  cluster53 lru base=128 sz=128 t=1 hp=23 rep=2 -> mr=0.2618 tp=0.90
  cluster53 lru base=128 sz=128 t=1 hp=23 rep=3 -> mr=0.2618 tp=0.91
  cluster53 lru base=128 sz=128 t=1 hp=23 rep=4 -> mr=0.2618 tp=0.91
  cluster53 perthread base=128 sz=128 t=1 hp=23 rep=1 -> mr=0.2608 tp=0.44
  cluster53 perthread base=128 sz=128 t=1 hp=23 rep=2 -> mr=0.2608 tp=0.44
  cluster53 perthread base=128 sz=128 t=1 hp=23 rep=3 -> mr=0.2608 tp=0.44
  cluster53 perthread base=128 sz=128 t=1 hp=23 rep=4 -> mr=0.2608 tp=0.44
  cluster53 lru base=128 sz=256 t=2 hp=24 rep=1 -> mr=0.2725 tp=1.43
  cluster53 lru base=128 sz=256 t=2 hp=24 rep=2 -> mr=0.2724 tp=1.48
  cluster53 lru base=128 sz=256 t=2 hp=24 rep=3 -> mr=0.2725 tp=1.43
  cluster53 lru base=128 sz=256 t=2 hp=24 rep=4 -> mr=0.2725 tp=1.43
  cluster53 perthread base=128 sz=256 t=2 hp=24 rep=1 -> mr=0.2690 tp=0.67
  cluster53 perthread base=128 sz=256 t=2 hp=24 rep=2 -> mr=0.2690 tp=0.67
  cluster53 perthread base=128 sz=256 t=2 hp=24 rep=3 -> mr=0.2692 tp=0.69
  cluster53 perthread base=128 sz=256 t=2 hp=24 rep=4 -> mr=0.2690 tp=0.66
  cluster53 lru base=128 sz=512 t=4 hp=25 rep=1 -> mr=0.2909 tp=2.74
  cluster53 lru base=128 sz=512 t=4 hp=25 rep=2 -> mr=0.2909 tp=2.74
  cluster53 lru base=128 sz=512 t=4 hp=25 rep=3 -> mr=0.2909 tp=2.74
  cluster53 lru base=128 sz=512 t=4 hp=25 rep=4 -> mr=0.2912 tp=2.70
  cluster53 perthread base=128 sz=512 t=4 hp=25 rep=1 -> mr=0.2936 tp=1.21
  cluster53 perthread base=128 sz=512 t=4 hp=25 rep=2 -> mr=0.2937 tp=1.22
  cluster53 perthread base=128 sz=512 t=4 hp=25 rep=3 -> mr=0.2937 tp=1.23
  cluster53 perthread base=128 sz=512 t=4 hp=25 rep=4 -> mr=0.2937 tp=1.21
  cluster53 lru base=128 sz=1024 t=8 hp=26 rep=1 -> mr=0.3204 tp=3.38
  cluster53 lru base=128 sz=1024 t=8 hp=26 rep=2 -> mr=0.3203 tp=3.40
  cluster53 lru base=128 sz=1024 t=8 hp=26 rep=3 -> mr=0.3201 tp=3.35
  cluster53 lru base=128 sz=1024 t=8 hp=26 rep=4 -> mr=0.3200 tp=3.38
  cluster53 perthread base=128 sz=1024 t=8 hp=26 rep=1 -> mr=0.3246 tp=1.56
  cluster53 perthread base=128 sz=1024 t=8 hp=26 rep=2 -> mr=0.3242 tp=1.58
  cluster53 perthread base=128 sz=1024 t=8 hp=26 rep=3 -> mr=0.3243 tp=1.56
  cluster53 perthread base=128 sz=1024 t=8 hp=26 rep=4 -> mr=0.3225 tp=1.56
  cluster53 lru base=128 sz=2048 t=16 hp=27 rep=1 -> mr=0.3533 tp=2.94
  cluster53 lru base=128 sz=2048 t=16 hp=27 rep=2 -> mr=0.3507 tp=2.93
  cluster53 lru base=128 sz=2048 t=16 hp=27 rep=3 -> mr=0.3534 tp=2.89
  cluster53 lru base=128 sz=2048 t=16 hp=27 rep=4 -> mr=0.3536 tp=2.90
  cluster53 perthread base=128 sz=2048 t=16 hp=27 rep=1 -> mr=0.3575 tp=1.44
  cluster53 perthread base=128 sz=2048 t=16 hp=27 rep=2 -> mr=0.3582 tp=1.44
  cluster53 perthread base=128 sz=2048 t=16 hp=27 rep=3 -> mr=0.3581 tp=1.44
  cluster53 perthread base=128 sz=2048 t=16 hp=27 rep=4 -> mr=0.3582 tp=1.45
=== msr_prxy_1 base=1200MB hp_base=26 ===
  msr_prxy_1 lru base=1200 sz=1200 t=1 hp=26 rep=1 -> mr=0.0027 tp=2.92
  msr_prxy_1 lru base=1200 sz=1200 t=1 hp=26 rep=2 -> mr=0.0027 tp=2.91
  msr_prxy_1 lru base=1200 sz=1200 t=1 hp=26 rep=3 -> mr=0.0027 tp=2.95
  msr_prxy_1 lru base=1200 sz=1200 t=1 hp=26 rep=4 -> mr=0.0027 tp=2.94
  msr_prxy_1 perthread base=1200 sz=1200 t=1 hp=26 rep=1 -> mr=0.0027 tp=0.68
  msr_prxy_1 perthread base=1200 sz=1200 t=1 hp=26 rep=2 -> mr=0.0027 tp=0.68
  msr_prxy_1 perthread base=1200 sz=1200 t=1 hp=26 rep=3 -> mr=0.0027 tp=0.67
  msr_prxy_1 perthread base=1200 sz=1200 t=1 hp=26 rep=4 -> mr=0.0027 tp=0.68
  msr_prxy_1 lru base=1200 sz=2400 t=2 hp=27 rep=1 -> mr=0.0028 tp=4.23
  msr_prxy_1 lru base=1200 sz=2400 t=2 hp=27 rep=2 -> mr=0.0028 tp=4.23
  msr_prxy_1 lru base=1200 sz=2400 t=2 hp=27 rep=3 -> mr=0.0028 tp=4.23
  msr_prxy_1 lru base=1200 sz=2400 t=2 hp=27 rep=4 -> mr=0.0028 tp=4.23
  msr_prxy_1 perthread base=1200 sz=2400 t=2 hp=27 rep=1 -> mr=0.0027 tp=1.03
  msr_prxy_1 perthread base=1200 sz=2400 t=2 hp=27 rep=2 -> mr=0.0027 tp=1.03
  msr_prxy_1 perthread base=1200 sz=2400 t=2 hp=27 rep=3 -> mr=0.0027 tp=1.03
  msr_prxy_1 perthread base=1200 sz=2400 t=2 hp=27 rep=4 -> mr=0.0027 tp=1.03
  msr_prxy_1 lru base=1200 sz=4800 t=4 hp=28 rep=1 -> mr=0.0025 tp=6.52
  msr_prxy_1 lru base=1200 sz=4800 t=4 hp=28 rep=2 -> mr=0.0024 tp=6.50
  msr_prxy_1 lru base=1200 sz=4800 t=4 hp=28 rep=3 -> mr=0.0025 tp=6.49
  msr_prxy_1 lru base=1200 sz=4800 t=4 hp=28 rep=4 -> mr=0.0024 tp=6.45
  msr_prxy_1 perthread base=1200 sz=4800 t=4 hp=28 rep=1 -> mr=0.0027 tp=1.76
  msr_prxy_1 perthread base=1200 sz=4800 t=4 hp=28 rep=2 -> mr=0.0027 tp=1.76
  msr_prxy_1 perthread base=1200 sz=4800 t=4 hp=28 rep=3 -> mr=0.0027 tp=1.76
  msr_prxy_1 perthread base=1200 sz=4800 t=4 hp=28 rep=4 -> mr=0.0027 tp=1.76
  msr_prxy_1 lru base=1200 sz=9600 t=8 hp=29 rep=1 -> mr=0.0024 tp=5.44
  msr_prxy_1 lru base=1200 sz=9600 t=8 hp=29 rep=2 -> mr=0.0023 tp=5.57
  msr_prxy_1 lru base=1200 sz=9600 t=8 hp=29 rep=3 -> mr=0.0024 tp=5.47
  msr_prxy_1 lru base=1200 sz=9600 t=8 hp=29 rep=4 -> mr=0.0023 tp=5.60
  msr_prxy_1 perthread base=1200 sz=9600 t=8 hp=29 rep=1 -> mr=0.0024 tp=2.91
  msr_prxy_1 perthread base=1200 sz=9600 t=8 hp=29 rep=2 -> mr=0.0024 tp=2.93
  msr_prxy_1 perthread base=1200 sz=9600 t=8 hp=29 rep=3 -> mr=0.0025 tp=2.91
  msr_prxy_1 perthread base=1200 sz=9600 t=8 hp=29 rep=4 -> mr=0.0024 tp=2.95
  msr_prxy_1 lru base=1200 sz=19200 t=16 hp=30 rep=1 -> mr=0.0024 tp=6.09
  msr_prxy_1 lru base=1200 sz=19200 t=16 hp=30 rep=2 -> mr=0.0023 tp=5.98
  msr_prxy_1 lru base=1200 sz=19200 t=16 hp=30 rep=3 -> mr=0.0023 tp=5.86
  msr_prxy_1 lru base=1200 sz=19200 t=16 hp=30 rep=4 -> mr=0.0023 tp=5.87
  msr_prxy_1 perthread base=1200 sz=19200 t=16 hp=30 rep=1 -> mr=0.0024 tp=3.92
  msr_prxy_1 perthread base=1200 sz=19200 t=16 hp=30 rep=2 -> mr=0.0024 tp=3.91
  msr_prxy_1 perthread base=1200 sz=19200 t=16 hp=30 rep=3 -> mr=0.0024 tp=3.94
  msr_prxy_1 perthread base=1200 sz=19200 t=16 hp=30 rep=4 -> mr=0.0023 tp=3.93
=== msr_prxy_1 base=600MB hp_base=25 ===
  msr_prxy_1 lru base=600 sz=600 t=1 hp=25 rep=1 -> mr=0.0031 tp=2.93
  msr_prxy_1 lru base=600 sz=600 t=1 hp=25 rep=2 -> mr=0.0031 tp=2.95
  msr_prxy_1 lru base=600 sz=600 t=1 hp=25 rep=3 -> mr=0.0031 tp=2.95
  msr_prxy_1 lru base=600 sz=600 t=1 hp=25 rep=4 -> mr=0.0031 tp=2.91
  msr_prxy_1 perthread base=600 sz=600 t=1 hp=25 rep=1 -> mr=0.0031 tp=0.69
  msr_prxy_1 perthread base=600 sz=600 t=1 hp=25 rep=2 -> mr=0.0031 tp=0.69
  msr_prxy_1 perthread base=600 sz=600 t=1 hp=25 rep=3 -> mr=0.0031 tp=0.68
  msr_prxy_1 perthread base=600 sz=600 t=1 hp=25 rep=4 -> mr=0.0031 tp=0.69
  msr_prxy_1 lru base=600 sz=1200 t=2 hp=26 rep=1 -> mr=0.0032 tp=4.23
  msr_prxy_1 lru base=600 sz=1200 t=2 hp=26 rep=2 -> mr=0.0032 tp=4.23
  msr_prxy_1 lru base=600 sz=1200 t=2 hp=26 rep=3 -> mr=0.0031 tp=4.23
  msr_prxy_1 lru base=600 sz=1200 t=2 hp=26 rep=4 -> mr=0.0032 tp=4.23
  msr_prxy_1 perthread base=600 sz=1200 t=2 hp=26 rep=1 -> mr=0.0031 tp=1.06
  msr_prxy_1 perthread base=600 sz=1200 t=2 hp=26 rep=2 -> mr=0.0031 tp=1.06
  msr_prxy_1 perthread base=600 sz=1200 t=2 hp=26 rep=3 -> mr=0.0031 tp=1.06
  msr_prxy_1 perthread base=600 sz=1200 t=2 hp=26 rep=4 -> mr=0.0031 tp=1.06
  msr_prxy_1 lru base=600 sz=2400 t=4 hp=27 rep=1 -> mr=0.0030 tp=6.48
  msr_prxy_1 lru base=600 sz=2400 t=4 hp=27 rep=2 -> mr=0.0030 tp=6.47
  msr_prxy_1 lru base=600 sz=2400 t=4 hp=27 rep=3 -> mr=0.0030 tp=6.41
  msr_prxy_1 lru base=600 sz=2400 t=4 hp=27 rep=4 -> mr=0.0029 tp=6.34
  msr_prxy_1 perthread base=600 sz=2400 t=4 hp=27 rep=1 -> mr=0.0033 tp=1.83
  msr_prxy_1 perthread base=600 sz=2400 t=4 hp=27 rep=2 -> mr=0.0033 tp=1.80
  msr_prxy_1 perthread base=600 sz=2400 t=4 hp=27 rep=3 -> mr=0.0033 tp=1.76
  msr_prxy_1 perthread base=600 sz=2400 t=4 hp=27 rep=4 -> mr=0.0033 tp=1.76
  msr_prxy_1 lru base=600 sz=4800 t=8 hp=28 rep=1 -> mr=0.0029 tp=5.31
  msr_prxy_1 lru base=600 sz=4800 t=8 hp=28 rep=2 -> mr=0.0029 tp=5.66
  msr_prxy_1 lru base=600 sz=4800 t=8 hp=28 rep=3 -> mr=0.0029 tp=5.41
  msr_prxy_1 lru base=600 sz=4800 t=8 hp=28 rep=4 -> mr=0.0029 tp=5.46
  msr_prxy_1 perthread base=600 sz=4800 t=8 hp=28 rep=1 -> mr=0.0029 tp=2.98
  msr_prxy_1 perthread base=600 sz=4800 t=8 hp=28 rep=2 -> mr=0.0030 tp=2.94
  msr_prxy_1 perthread base=600 sz=4800 t=8 hp=28 rep=3 -> mr=0.0029 tp=3.01
  msr_prxy_1 perthread base=600 sz=4800 t=8 hp=28 rep=4 -> mr=0.0029 tp=2.98
  msr_prxy_1 lru base=600 sz=9600 t=16 hp=29 rep=1 -> mr=0.0029 tp=5.78
  msr_prxy_1 lru base=600 sz=9600 t=16 hp=29 rep=2 -> mr=0.0029 tp=5.88
  msr_prxy_1 lru base=600 sz=9600 t=16 hp=29 rep=3 -> mr=0.0029 tp=5.84
  msr_prxy_1 lru base=600 sz=9600 t=16 hp=29 rep=4 -> mr=0.0029 tp=6.00
  msr_prxy_1 perthread base=600 sz=9600 t=16 hp=29 rep=1 -> mr=0.0028 tp=3.89
  msr_prxy_1 perthread base=600 sz=9600 t=16 hp=29 rep=2 -> mr=0.0028 tp=3.94
  msr_prxy_1 perthread base=600 sz=9600 t=16 hp=29 rep=3 -> mr=0.0028 tp=3.92
  msr_prxy_1 perthread base=600 sz=9600 t=16 hp=29 rep=4 -> mr=0.0028 tp=3.94
=== msr_prxy_1 base=256MB hp_base=24 ===
  msr_prxy_1 lru base=256 sz=256 t=1 hp=24 rep=1 -> mr=0.3574 tp=0.69
  msr_prxy_1 lru base=256 sz=256 t=1 hp=24 rep=2 -> mr=0.3574 tp=0.69
  msr_prxy_1 lru base=256 sz=256 t=1 hp=24 rep=3 -> mr=0.3574 tp=0.69
  msr_prxy_1 lru base=256 sz=256 t=1 hp=24 rep=4 -> mr=0.3574 tp=0.69
  msr_prxy_1 perthread base=256 sz=256 t=1 hp=24 rep=1 -> mr=0.3218 tp=0.44
  msr_prxy_1 perthread base=256 sz=256 t=1 hp=24 rep=2 -> mr=0.2495 tp=0.47
  msr_prxy_1 perthread base=256 sz=256 t=1 hp=24 rep=3 -> mr=0.2497 tp=0.47
  msr_prxy_1 perthread base=256 sz=256 t=1 hp=24 rep=4 -> mr=0.2573 tp=0.44
  msr_prxy_1 lru base=256 sz=512 t=2 hp=25 rep=1 -> mr=0.0196 tp=3.30
  msr_prxy_1 lru base=256 sz=512 t=2 hp=25 rep=2 -> mr=0.0195 tp=3.29
  msr_prxy_1 lru base=256 sz=512 t=2 hp=25 rep=3 -> mr=0.0195 tp=3.30
  msr_prxy_1 lru base=256 sz=512 t=2 hp=25 rep=4 -> mr=0.0164 tp=3.74
  msr_prxy_1 perthread base=256 sz=512 t=2 hp=25 rep=1 -> mr=0.0179 tp=1.00
  msr_prxy_1 perthread base=256 sz=512 t=2 hp=25 rep=2 -> mr=0.0224 tp=0.98
  msr_prxy_1 perthread base=256 sz=512 t=2 hp=25 rep=3 -> mr=0.0179 tp=1.00
  msr_prxy_1 perthread base=256 sz=512 t=2 hp=25 rep=4 -> mr=0.0224 tp=0.96
  msr_prxy_1 lru base=256 sz=1024 t=4 hp=26 rep=1 -> mr=0.0128 tp=6.19
  msr_prxy_1 lru base=256 sz=1024 t=4 hp=26 rep=2 -> mr=0.0129 tp=6.05
  msr_prxy_1 lru base=256 sz=1024 t=4 hp=26 rep=3 -> mr=0.0127 tp=6.42
  msr_prxy_1 lru base=256 sz=1024 t=4 hp=26 rep=4 -> mr=0.0129 tp=6.15
  msr_prxy_1 perthread base=256 sz=1024 t=4 hp=26 rep=1 -> mr=0.0138 tp=1.82
  msr_prxy_1 perthread base=256 sz=1024 t=4 hp=26 rep=2 -> mr=0.0138 tp=1.82
  msr_prxy_1 perthread base=256 sz=1024 t=4 hp=26 rep=3 -> mr=0.0138 tp=1.82
  msr_prxy_1 perthread base=256 sz=1024 t=4 hp=26 rep=4 -> mr=0.0138 tp=1.82
  msr_prxy_1 lru base=256 sz=2048 t=8 hp=27 rep=1 -> mr=0.0126 tp=5.40
  msr_prxy_1 lru base=256 sz=2048 t=8 hp=27 rep=2 -> mr=0.0126 tp=5.29
  msr_prxy_1 lru base=256 sz=2048 t=8 hp=27 rep=3 -> mr=0.0126 tp=5.14
  msr_prxy_1 lru base=256 sz=2048 t=8 hp=27 rep=4 -> mr=0.0126 tp=5.44
  msr_prxy_1 perthread base=256 sz=2048 t=8 hp=27 rep=1 -> mr=0.0127 tp=3.03
  msr_prxy_1 perthread base=256 sz=2048 t=8 hp=27 rep=2 -> mr=0.0126 tp=3.00
  msr_prxy_1 perthread base=256 sz=2048 t=8 hp=27 rep=3 -> mr=0.0127 tp=3.02
  msr_prxy_1 perthread base=256 sz=2048 t=8 hp=27 rep=4 -> mr=0.0127 tp=3.04
  msr_prxy_1 lru base=256 sz=4096 t=16 hp=28 rep=1 -> mr=0.0127 tp=5.59
  msr_prxy_1 lru base=256 sz=4096 t=16 hp=28 rep=2 -> mr=0.0127 tp=5.84
  msr_prxy_1 lru base=256 sz=4096 t=16 hp=28 rep=3 -> mr=0.0128 tp=5.94
  msr_prxy_1 lru base=256 sz=4096 t=16 hp=28 rep=4 -> mr=0.0128 tp=5.84
  msr_prxy_1 perthread base=256 sz=4096 t=16 hp=28 rep=1 -> mr=0.0125 tp=3.97
  msr_prxy_1 perthread base=256 sz=4096 t=16 hp=28 rep=2 -> mr=0.0125 tp=3.97
  msr_prxy_1 perthread base=256 sz=4096 t=16 hp=28 rep=3 -> mr=0.0125 tp=3.95
  msr_prxy_1 perthread base=256 sz=4096 t=16 hp=28 rep=4 -> mr=0.0125 tp=4.00
DONE -> /mydata/tardis/repl_matrix_20260810_014611.csv
