nohup: ignoring input
turbo OFF; S3FIFOForgive vs S3FIFO, t=1, 4 reps
writing /mydata/tardis/s3ff_sweep_20260817_140333.csv
=== msr_proj_0 sz=1200MB hp=26 ===
  msr_proj_0 s3fifo sz=1200 hp=26 rep=1 -> mr=0.2182 tp=0.35
  msr_proj_0 s3fifo sz=1200 hp=26 rep=2 -> mr=0.2183 tp=0.34
  msr_proj_0 s3fifo sz=1200 hp=26 rep=3 -> mr=0.2183 tp=0.34
  msr_proj_0 s3fifo sz=1200 hp=26 rep=4 -> mr=0.2183 tp=0.34
  msr_proj_0 s3fifoforgive sz=1200 hp=26 rep=1 -> mr=0.2182 tp=0.22
  msr_proj_0 s3fifoforgive sz=1200 hp=26 rep=2 -> mr=0.2183 tp=0.23
  msr_proj_0 s3fifoforgive sz=1200 hp=26 rep=3 -> mr=0.2181 tp=0.23
  msr_proj_0 s3fifoforgive sz=1200 hp=26 rep=4 -> mr=0.2182 tp=0.22
=== msr_proj_0 sz=600MB hp=25 ===
  msr_proj_0 s3fifo sz=600 hp=25 rep=1 -> mr=0.3111 tp=0.49
  msr_proj_0 s3fifo sz=600 hp=25 rep=2 -> mr=0.3111 tp=0.48
  msr_proj_0 s3fifo sz=600 hp=25 rep=3 -> mr=0.3112 tp=0.48
  msr_proj_0 s3fifo sz=600 hp=25 rep=4 -> mr=0.3112 tp=0.48
  msr_proj_0 s3fifoforgive sz=600 hp=25 rep=1 -> mr=0.3072 tp=0.28
  msr_proj_0 s3fifoforgive sz=600 hp=25 rep=2 -> mr=0.3072 tp=0.28
  msr_proj_0 s3fifoforgive sz=600 hp=25 rep=3 -> mr=0.3075 tp=0.28
  msr_proj_0 s3fifoforgive sz=600 hp=25 rep=4 -> mr=0.3085 tp=0.28
=== msr_proj_0 sz=256MB hp=24 ===
  msr_proj_0 s3fifo sz=256 hp=24 rep=1 -> mr=0.4216 tp=0.58
  msr_proj_0 s3fifo sz=256 hp=24 rep=2 -> mr=0.4217 tp=0.58
  msr_proj_0 s3fifo sz=256 hp=24 rep=3 -> mr=0.4261 tp=0.58
  msr_proj_0 s3fifo sz=256 hp=24 rep=4 -> mr=0.4219 tp=0.58
  msr_proj_0 s3fifoforgive sz=256 hp=24 rep=1 -> mr=0.4201 tp=0.38
  msr_proj_0 s3fifoforgive sz=256 hp=24 rep=2 -> mr=0.4209 tp=0.36
  msr_proj_0 s3fifoforgive sz=256 hp=24 rep=3 -> mr=0.4213 tp=0.36
  msr_proj_0 s3fifoforgive sz=256 hp=24 rep=4 -> mr=0.4127 tp=0.35
=== cache-t-00 sz=1200MB hp=26 ===
  cache-t-00 s3fifo sz=1200 hp=26 rep=1 -> mr=0.6902 tp=0.26
  cache-t-00 s3fifo sz=1200 hp=26 rep=2 -> mr=0.6902 tp=0.26
  cache-t-00 s3fifo sz=1200 hp=26 rep=3 -> mr=0.6902 tp=0.26
  cache-t-00 s3fifo sz=1200 hp=26 rep=4 -> mr=0.6902 tp=0.26
  cache-t-00 s3fifoforgive sz=1200 hp=26 rep=1 -> mr=0.6867 tp=0.20
  cache-t-00 s3fifoforgive sz=1200 hp=26 rep=2 -> mr=0.6866 tp=0.20
  cache-t-00 s3fifoforgive sz=1200 hp=26 rep=3 -> mr=0.6866 tp=0.20
  cache-t-00 s3fifoforgive sz=1200 hp=26 rep=4 -> mr=0.6867 tp=0.20
=== cache-t-00 sz=600MB hp=25 ===
  cache-t-00 s3fifo sz=600 hp=25 rep=1 -> mr=0.7603 tp=0.36
  cache-t-00 s3fifo sz=600 hp=25 rep=2 -> mr=0.7603 tp=0.36
  cache-t-00 s3fifo sz=600 hp=25 rep=3 -> mr=0.7603 tp=0.36
  cache-t-00 s3fifo sz=600 hp=25 rep=4 -> mr=0.7672 tp=0.33
  cache-t-00 s3fifoforgive sz=600 hp=25 rep=1 -> mr=0.7537 tp=0.24
  cache-t-00 s3fifoforgive sz=600 hp=25 rep=2 -> mr=0.7625 tp=0.24
  cache-t-00 s3fifoforgive sz=600 hp=25 rep=3 -> mr=0.7537 tp=0.24
  cache-t-00 s3fifoforgive sz=600 hp=25 rep=4 -> mr=0.7537 tp=0.24
=== cache-t-00 sz=512MB hp=25 ===
  cache-t-00 s3fifo sz=512 hp=25 rep=1 -> mr=0.7750 tp=0.43
  cache-t-00 s3fifo sz=512 hp=25 rep=2 -> mr=0.7750 tp=0.42
  cache-t-00 s3fifo sz=512 hp=25 rep=3 -> mr=0.7750 tp=0.43
  cache-t-00 s3fifo sz=512 hp=25 rep=4 -> mr=0.7750 tp=0.43
  cache-t-00 s3fifoforgive sz=512 hp=25 rep=1 -> mr=0.7679 tp=0.28
  cache-t-00 s3fifoforgive sz=512 hp=25 rep=2 -> mr=0.7679 tp=0.29
  cache-t-00 s3fifoforgive sz=512 hp=25 rep=3 -> mr=0.7679 tp=0.31
  cache-t-00 s3fifoforgive sz=512 hp=25 rep=4 -> mr=0.7680 tp=0.31
=== cluster53 sz=1200MB hp=26 ===
  cluster53 s3fifo sz=1200 hp=26 rep=1 -> mr=0.0910 tp=1.62
  cluster53 s3fifo sz=1200 hp=26 rep=2 -> mr=0.0910 tp=1.58
  cluster53 s3fifo sz=1200 hp=26 rep=3 -> mr=0.0910 tp=1.57
  cluster53 s3fifo sz=1200 hp=26 rep=4 -> mr=0.0910 tp=1.59
  cluster53 s3fifoforgive sz=1200 hp=26 rep=1 -> mr=0.0910 tp=0.40
  cluster53 s3fifoforgive sz=1200 hp=26 rep=2 -> mr=0.0910 tp=0.39
  cluster53 s3fifoforgive sz=1200 hp=26 rep=3 -> mr=0.0910 tp=0.38
  cluster53 s3fifoforgive sz=1200 hp=26 rep=4 -> mr=0.0910 tp=0.40
=== cluster53 sz=600MB hp=25 ===
  cluster53 s3fifo sz=600 hp=25 rep=1 -> mr=0.1213 tp=1.48
  cluster53 s3fifo sz=600 hp=25 rep=2 -> mr=0.1213 tp=1.47
  cluster53 s3fifo sz=600 hp=25 rep=3 -> mr=0.1213 tp=1.48
  cluster53 s3fifo sz=600 hp=25 rep=4 -> mr=0.1213 tp=1.47
  cluster53 s3fifoforgive sz=600 hp=25 rep=1 -> mr=0.1213 tp=0.42
  cluster53 s3fifoforgive sz=600 hp=25 rep=2 -> mr=0.1213 tp=0.42
  cluster53 s3fifoforgive sz=600 hp=25 rep=3 -> mr=0.1213 tp=0.42
  cluster53 s3fifoforgive sz=600 hp=25 rep=4 -> mr=0.1213 tp=0.42
=== cluster53 sz=128MB hp=23 ===
  cluster53 s3fifo sz=128 hp=23 rep=1 -> mr=0.2359 tp=1.32
  cluster53 s3fifo sz=128 hp=23 rep=2 -> mr=0.2359 tp=1.32
  cluster53 s3fifo sz=128 hp=23 rep=3 -> mr=0.2359 tp=1.31
  cluster53 s3fifo sz=128 hp=23 rep=4 -> mr=0.2359 tp=1.32
  cluster53 s3fifoforgive sz=128 hp=23 rep=1 -> mr=0.2329 tp=0.45
  cluster53 s3fifoforgive sz=128 hp=23 rep=2 -> mr=0.2329 tp=0.45
  cluster53 s3fifoforgive sz=128 hp=23 rep=3 -> mr=0.2329 tp=0.45
  cluster53 s3fifoforgive sz=128 hp=23 rep=4 -> mr=0.2329 tp=0.45
=== msr_prxy_1 sz=1200MB hp=26 ===
  msr_prxy_1 s3fifo sz=1200 hp=26 rep=1 -> mr=0.0026 tp=3.78
  msr_prxy_1 s3fifo sz=1200 hp=26 rep=2 -> mr=0.0026 tp=3.68
  msr_prxy_1 s3fifo sz=1200 hp=26 rep=3 -> mr=0.0026 tp=3.78
  msr_prxy_1 s3fifo sz=1200 hp=26 rep=4 -> mr=0.0026 tp=3.70
  msr_prxy_1 s3fifoforgive sz=1200 hp=26 rep=1 -> mr=0.0026 tp=0.73
  msr_prxy_1 s3fifoforgive sz=1200 hp=26 rep=2 -> mr=0.0026 tp=0.73
  msr_prxy_1 s3fifoforgive sz=1200 hp=26 rep=3 -> mr=0.0026 tp=0.73
  msr_prxy_1 s3fifoforgive sz=1200 hp=26 rep=4 -> mr=0.0026 tp=0.74
=== msr_prxy_1 sz=600MB hp=25 ===
  msr_prxy_1 s3fifo sz=600 hp=25 rep=1 -> mr=0.0028 tp=3.84
  msr_prxy_1 s3fifo sz=600 hp=25 rep=2 -> mr=0.0028 tp=3.95
  msr_prxy_1 s3fifo sz=600 hp=25 rep=3 -> mr=0.0028 tp=3.86
  msr_prxy_1 s3fifo sz=600 hp=25 rep=4 -> mr=0.0028 tp=3.86
  msr_prxy_1 s3fifoforgive sz=600 hp=25 rep=1 -> mr=0.0028 tp=0.76
  msr_prxy_1 s3fifoforgive sz=600 hp=25 rep=2 -> mr=0.0028 tp=0.76
  msr_prxy_1 s3fifoforgive sz=600 hp=25 rep=3 -> mr=0.0028 tp=0.75
  msr_prxy_1 s3fifoforgive sz=600 hp=25 rep=4 -> mr=0.0028 tp=0.75
=== msr_prxy_1 sz=256MB hp=24 ===
  msr_prxy_1 s3fifo sz=256 hp=24 rep=1 -> mr=0.1621 tp=1.17
