nohup: ignoring input
writing /mydata/tardis/s3ff_baseline_perthread_20260822_183639.csv (label=perthread)
== t=1 (size=512 hp=25) ==
  s3fifo t=1 rep=1 -> mr=0.7750 tp=0.43
  s3fifoforgive t=1 rep=1 -> mr=0.7725 tp=0.35
  s3fifo t=1 rep=2 -> mr=0.7750 tp=0.45
  s3fifoforgive t=1 rep=2 -> mr=0.7679 tp=0.34
  s3fifo t=1 rep=3 -> mr=0.7750 tp=0.44
  s3fifoforgive t=1 rep=3 -> mr=0.7680 tp=0.34
== t=4 (size=2048 hp=27) ==
  s3fifo t=4 rep=1 -> mr=0.7673 tp=0.95
  s3fifoforgive t=4 rep=1 -> mr=0.7605 tp=0.79
  s3fifo t=4 rep=2 -> mr=NA tp=NA
  s3fifoforgive t=4 rep=2 -> mr=NA tp=NA
  s3fifo t=4 rep=3 -> mr=NA tp=NA
  s3fifoforgive t=4 rep=3 -> mr=NA tp=NA
== t=8 (size=4096 hp=28) ==
  s3fifo t=8 rep=1 -> mr=NA tp=NA
  s3fifoforgive t=8 rep=1 -> mr=0.7592 tp=1.52
  s3fifo t=8 rep=2 -> mr=NA tp=NA
  s3fifoforgive t=8 rep=2 -> mr=NA tp=NA
  s3fifo t=8 rep=3 -> mr=NA tp=NA
  s3fifoforgive t=8 rep=3 -> mr=NA tp=NA
== t=16 (size=8192 hp=29) ==
  s3fifo t=16 rep=1 -> mr=NA tp=NA
  s3fifoforgive t=16 rep=1 -> mr=NA tp=NA
  s3fifo t=16 rep=2 -> mr=NA tp=NA
  s3fifoforgive t=16 rep=2 -> mr=NA tp=NA
  s3fifo t=16 rep=3 -> mr=NA tp=NA
  s3fifoforgive t=16 rep=3 -> mr=NA tp=NA
DONE -> /mydata/tardis/s3ff_baseline_perthread_20260822_183639.csv
