nohup: ignoring input
turbo OFF; branch=tardis-implementation (must be tardis-implementation for shared mode)
writing /mydata/tardis/shared_matrix_20260815_232328.csv
=== msr_proj_0 sz=1200MB hp_base=26 (shared, constant) ===
  msr_proj_0 lru sz=1200 t=1 hp=26 rep=1 -> mr=0.2462 tp=0.32 req=4224523
  msr_proj_0 lru sz=1200 t=1 hp=26 rep=2 -> mr=0.2462 tp=0.33 req=4224523
  msr_proj_0 logbackoff sz=1200 t=1 hp=26 rep=1 -> mr=0.2416 tp=0.23 req=4224523
  msr_proj_0 logbackoff sz=1200 t=1 hp=26 rep=2 -> mr=0.2415 tp=0.25 req=4224523
  msr_proj_0 lru sz=1200 t=2 hp=27 rep=1 -> mr=0.2466 tp=0.33 req=4224524
  msr_proj_0 lru sz=1200 t=2 hp=27 rep=2 -> mr=0.2466 tp=0.33 req=4224524
  msr_proj_0 logbackoff sz=1200 t=2 hp=27 rep=1 -> mr=0.2413 tp=0.33 req=4224524
  msr_proj_0 logbackoff sz=1200 t=2 hp=27 rep=2 -> mr=0.2418 tp=0.33 req=4224524
  msr_proj_0 lru sz=1200 t=4 hp=28 rep=1 -> mr=0.2473 tp=0.66 req=4224524
  msr_proj_0 lru sz=1200 t=4 hp=28 rep=2 -> mr=0.2468 tp=0.66 req=4224524
  msr_proj_0 logbackoff sz=1200 t=4 hp=28 rep=1 -> mr=0.2422 tp=0.33 req=4224524
  msr_proj_0 logbackoff sz=1200 t=4 hp=28 rep=2 -> mr=0.2406 tp=0.33 req=4224524
  msr_proj_0 lru sz=1200 t=8 hp=29 rep=1 -> mr=0.2577 tp=0.66 req=4224524
  msr_proj_0 lru sz=1200 t=8 hp=29 rep=2 -> mr=0.2524 tp=0.66 req=4224524
  msr_proj_0 logbackoff sz=1200 t=8 hp=29 rep=1 -> mr=0.2509 tp=0.33 req=4224524
  msr_proj_0 logbackoff sz=1200 t=8 hp=29 rep=2 -> mr=0.2481 tp=0.33 req=4224524
  msr_proj_0 lru sz=1200 t=16 hp=30 rep=1 -> mr=0.2757 tp=0.67 req=4224524
  msr_proj_0 lru sz=1200 t=16 hp=30 rep=2 -> mr=0.2718 tp=0.67 req=4224524
  msr_proj_0 logbackoff sz=1200 t=16 hp=30 rep=1 -> mr=0.2526 tp=0.33 req=4224524
  msr_proj_0 logbackoff sz=1200 t=16 hp=30 rep=2 -> mr=0.2524 tp=0.33 req=4224524
=== msr_proj_0 sz=600MB hp_base=25 (shared, constant) ===
  msr_proj_0 lru sz=600 t=1 hp=25 rep=1 -> mr=0.3367 tp=0.28 req=4224523
  msr_proj_0 lru sz=600 t=1 hp=25 rep=2 -> mr=0.3367 tp=0.28 req=4224523
  msr_proj_0 logbackoff sz=600 t=1 hp=25 rep=1 -> mr=0.3269 tp=0.21 req=4224523
  msr_proj_0 logbackoff sz=600 t=1 hp=25 rep=2 -> mr=0.3255 tp=0.20 req=4224523
  msr_proj_0 lru sz=600 t=2 hp=26 rep=1 -> mr=0.3379 tp=0.35 req=4224524
  msr_proj_0 lru sz=600 t=2 hp=26 rep=2 -> mr=0.3381 tp=0.35 req=4224524
  msr_proj_0 logbackoff sz=600 t=2 hp=26 rep=1 -> mr=0.3242 tp=0.23 req=4224524
  msr_proj_0 logbackoff sz=600 t=2 hp=26 rep=2 -> mr=0.3257 tp=0.35 req=4224524
  msr_proj_0 lru sz=600 t=4 hp=27 rep=1 -> mr=0.3462 tp=0.71 req=4224524
  msr_proj_0 lru sz=600 t=4 hp=27 rep=2 -> mr=0.3483 tp=0.71 req=4224524
  msr_proj_0 logbackoff sz=600 t=4 hp=27 rep=1 -> mr=0.3228 tp=0.35 req=4224524
  msr_proj_0 logbackoff sz=600 t=4 hp=27 rep=2 -> mr=0.3224 tp=0.35 req=4224524
  msr_proj_0 lru sz=600 t=8 hp=28 rep=1 -> mr=0.3616 tp=0.72 req=4224524
  msr_proj_0 lru sz=600 t=8 hp=28 rep=2 -> mr=0.3639 tp=0.72 req=4224524
  msr_proj_0 logbackoff sz=600 t=8 hp=28 rep=1 -> mr=0.3364 tp=0.35 req=4224524
  msr_proj_0 logbackoff sz=600 t=8 hp=28 rep=2 -> mr=0.3324 tp=0.35 req=4224524
  msr_proj_0 lru sz=600 t=16 hp=29 rep=1 -> mr=0.3831 tp=0.73 req=4224524
  msr_proj_0 lru sz=600 t=16 hp=29 rep=2 -> mr=0.3855 tp=0.73 req=4224524
  msr_proj_0 logbackoff sz=600 t=16 hp=29 rep=1 -> mr=0.3405 tp=0.35 req=4224524
  msr_proj_0 logbackoff sz=600 t=16 hp=29 rep=2 -> mr=0.3411 tp=0.35 req=4224524
=== msr_proj_0 sz=256MB hp_base=24 (shared, constant) ===
  msr_proj_0 lru sz=256 t=1 hp=24 rep=1 -> mr=0.5108 tp=0.20 req=4224523
  msr_proj_0 lru sz=256 t=1 hp=24 rep=2 -> mr=0.5061 tp=0.21 req=4224523
  msr_proj_0 logbackoff sz=256 t=1 hp=24 rep=1 -> mr=0.4447 tp=0.18 req=4224523
  msr_proj_0 logbackoff sz=256 t=1 hp=24 rep=2 -> mr=0.4443 tp=0.18 req=4224523
  msr_proj_0 lru sz=256 t=2 hp=25 rep=1 -> mr=0.4999 tp=0.40 req=4224524
  msr_proj_0 lru sz=256 t=2 hp=25 rep=2 -> mr=0.4955 tp=0.39 req=4224524
  msr_proj_0 logbackoff sz=256 t=2 hp=25 rep=1 -> mr=0.4523 tp=0.26 req=4224524
  msr_proj_0 logbackoff sz=256 t=2 hp=25 rep=2 -> mr=0.4411 tp=0.25 req=4224524
  msr_proj_0 lru sz=256 t=4 hp=26 rep=1 -> mr=0.4964 tp=0.78 req=4224524
  msr_proj_0 lru sz=256 t=4 hp=26 rep=2 -> mr=0.4954 tp=0.78 req=4224524
  msr_proj_0 logbackoff sz=256 t=4 hp=26 rep=1 -> mr=0.4500 tp=0.38 req=4224524
  msr_proj_0 logbackoff sz=256 t=4 hp=26 rep=2 -> mr=0.4495 tp=0.38 req=4224524
  msr_proj_0 lru sz=256 t=8 hp=27 rep=1 -> mr=0.5006 tp=0.79 req=4224524
  msr_proj_0 lru sz=256 t=8 hp=27 rep=2 -> mr=0.5042 tp=0.79 req=4224524
  msr_proj_0 logbackoff sz=256 t=8 hp=27 rep=1 -> mr=0.4637 tp=0.39 req=4224524
  msr_proj_0 logbackoff sz=256 t=8 hp=27 rep=2 -> mr=0.4566 tp=0.38 req=4224524
  msr_proj_0 lru sz=256 t=16 hp=28 rep=1 -> mr=0.5199 tp=0.80 req=4224524
  msr_proj_0 lru sz=256 t=16 hp=28 rep=2 -> mr=0.5314 tp=0.81 req=4224524
  msr_proj_0 logbackoff sz=256 t=16 hp=28 rep=1 -> mr=0.4628 tp=0.37 req=4224524
  msr_proj_0 logbackoff sz=256 t=16 hp=28 rep=2 -> mr=0.4705 tp=0.38 req=4224524
=== cache-t-00 sz=1200MB hp_base=26 (shared, constant) ===
  cache-t-00 lru sz=1200 t=1 hp=26 rep=1 -> mr=0.7543 tp=0.27 req=9826680
  cache-t-00 lru sz=1200 t=1 hp=26 rep=2 -> mr=0.7543 tp=0.27 req=9826680
  cache-t-00 logbackoff sz=1200 t=1 hp=26 rep=1 -> mr=0.7039 tp=0.18 req=9826680
  cache-t-00 logbackoff sz=1200 t=1 hp=26 rep=2 -> mr=0.7039 tp=0.18 req=9826680
  cache-t-00 lru sz=1200 t=2 hp=27 rep=1 -> mr=0.7544 tp=0.43 req=9826681
  cache-t-00 lru sz=1200 t=2 hp=27 rep=2 -> mr=0.7543 tp=0.43 req=9826681
  cache-t-00 logbackoff sz=1200 t=2 hp=27 rep=1 -> mr=0.7151 tp=0.35 req=9826681
  cache-t-00 logbackoff sz=1200 t=2 hp=27 rep=2 -> mr=0.7142 tp=0.35 req=9826681
  cache-t-00 lru sz=1200 t=4 hp=28 rep=1 -> mr=0.7544 tp=0.72 req=9826681
  cache-t-00 lru sz=1200 t=4 hp=28 rep=2 -> mr=0.7544 tp=0.72 req=9826681
  cache-t-00 logbackoff sz=1200 t=4 hp=28 rep=1 -> mr=0.7236 tp=0.53 req=9826681
  cache-t-00 logbackoff sz=1200 t=4 hp=28 rep=2 -> mr=0.7218 tp=0.53 req=9826681
  cache-t-00 lru sz=1200 t=8 hp=29 rep=1 -> mr=0.7791 tp=1.09 req=9826681
  cache-t-00 lru sz=1200 t=8 hp=29 rep=2 -> mr=0.7789 tp=1.09 req=9826681
  cache-t-00 logbackoff sz=1200 t=8 hp=29 rep=1 -> mr=0.7248 tp=0.71 req=9826681
  cache-t-00 logbackoff sz=1200 t=8 hp=29 rep=2 -> mr=0.7227 tp=0.71 req=9826681
  cache-t-00 lru sz=1200 t=16 hp=30 rep=1 -> mr=0.7809 tp=2.14 req=9826681
  cache-t-00 lru sz=1200 t=16 hp=30 rep=2 -> mr=0.7844 tp=2.14 req=9826681
  cache-t-00 logbackoff sz=1200 t=16 hp=30 rep=1 -> mr=0.7230 tp=1.02 req=9826681
  cache-t-00 logbackoff sz=1200 t=16 hp=30 rep=2 -> mr=0.7189 tp=1.04 req=9826681
=== cache-t-00 sz=600MB hp_base=25 (shared, constant) ===
  cache-t-00 lru sz=600 t=1 hp=25 rep=1 -> mr=0.8188 tp=0.25 req=9826680
  cache-t-00 lru sz=600 t=1 hp=25 rep=2 -> mr=0.8188 tp=0.25 req=9826680
  cache-t-00 logbackoff sz=600 t=1 hp=25 rep=1 -> mr=0.7625 tp=0.17 req=9826680
  cache-t-00 logbackoff sz=600 t=1 hp=25 rep=2 -> mr=0.7624 tp=0.16 req=9826680
  cache-t-00 lru sz=600 t=2 hp=26 rep=1 -> mr=0.9678 tp=0.40 req=9826681
  cache-t-00 lru sz=600 t=2 hp=26 rep=2 -> mr=0.9678 tp=0.40 req=9826681
  cache-t-00 logbackoff sz=600 t=2 hp=26 rep=1 -> mr=0.7745 tp=0.31 req=9826681
  cache-t-00 logbackoff sz=600 t=2 hp=26 rep=2 -> mr=0.7759 tp=0.30 req=9826681
  cache-t-00 lru sz=600 t=4 hp=27 rep=1 -> mr=0.8195 tp=0.74 req=9826681
  cache-t-00 lru sz=600 t=4 hp=27 rep=2 -> mr=0.8194 tp=0.74 req=9826681
  cache-t-00 logbackoff sz=600 t=4 hp=27 rep=1 -> mr=0.7832 tp=0.55 req=9826681
  cache-t-00 logbackoff sz=600 t=4 hp=27 rep=2 -> mr=0.7835 tp=0.55 req=9826681
  cache-t-00 lru sz=600 t=8 hp=28 rep=1 -> mr=0.8422 tp=1.13 req=9826681
  cache-t-00 lru sz=600 t=8 hp=28 rep=2 -> mr=0.8434 tp=1.13 req=9826681
  cache-t-00 logbackoff sz=600 t=8 hp=28 rep=1 -> mr=0.7855 tp=0.73 req=9826681
  cache-t-00 logbackoff sz=600 t=8 hp=28 rep=2 -> mr=0.7884 tp=0.73 req=9826681
  cache-t-00 lru sz=600 t=16 hp=29 rep=1 -> mr=0.8467 tp=2.04 req=9826681
  cache-t-00 lru sz=600 t=16 hp=29 rep=2 -> mr=0.8491 tp=2.04 req=9826681
  cache-t-00 logbackoff sz=600 t=16 hp=29 rep=1 -> mr=0.7900 tp=0.73 req=9826681
  cache-t-00 logbackoff sz=600 t=16 hp=29 rep=2 -> mr=0.7857 tp=0.73 req=9826681
=== cache-t-00 sz=512MB hp_base=25 (shared, constant) ===
  cache-t-00 lru sz=512 t=1 hp=25 rep=1 -> mr=0.8325 tp=0.24 req=9826680
  cache-t-00 lru sz=512 t=1 hp=25 rep=2 -> mr=0.8325 tp=0.24 req=9826680
  cache-t-00 logbackoff sz=512 t=1 hp=25 rep=1 -> mr=0.7760 tp=0.15 req=9826680
  cache-t-00 logbackoff sz=512 t=1 hp=25 rep=2 -> mr=0.7759 tp=0.15 req=9826680
  cache-t-00 lru sz=512 t=2 hp=26 rep=1 -> mr=0.9710 tp=0.40 req=9826681
  cache-t-00 lru sz=512 t=2 hp=26 rep=2 -> mr=0.9709 tp=0.40 req=9826681
  cache-t-00 logbackoff sz=512 t=2 hp=26 rep=1 -> mr=0.7850 tp=0.31 req=9826681
  cache-t-00 logbackoff sz=512 t=2 hp=26 rep=2 -> mr=0.7872 tp=0.31 req=9826681
  cache-t-00 lru sz=512 t=4 hp=27 rep=1 -> mr=0.8330 tp=0.75 req=9826681
  cache-t-00 lru sz=512 t=4 hp=27 rep=2 -> mr=0.8332 tp=0.75 req=9826681
  cache-t-00 logbackoff sz=512 t=4 hp=27 rep=1 -> mr=0.7942 tp=0.54 req=9826681
  cache-t-00 logbackoff sz=512 t=4 hp=27 rep=2 -> mr=0.7958 tp=0.55 req=9826681
  cache-t-00 lru sz=512 t=8 hp=28 rep=1 -> mr=0.8580 tp=1.14 req=9826681
  cache-t-00 lru sz=512 t=8 hp=28 rep=2 -> mr=0.8571 tp=1.14 req=9826681
  cache-t-00 logbackoff sz=512 t=8 hp=28 rep=1 -> mr=0.8018 tp=0.74 req=9826681
  cache-t-00 logbackoff sz=512 t=8 hp=28 rep=2 -> mr=0.8013 tp=0.74 req=9826681
  cache-t-00 lru sz=512 t=16 hp=29 rep=1 -> mr=0.8656 tp=2.03 req=9826681
  cache-t-00 lru sz=512 t=16 hp=29 rep=2 -> mr=0.8646 tp=2.03 req=9826681
  cache-t-00 logbackoff sz=512 t=16 hp=29 rep=1 -> mr=0.8036 tp=0.74 req=9826681
  cache-t-00 logbackoff sz=512 t=16 hp=29 rep=2 -> mr=0.8016 tp=0.74 req=9826681
=== cluster53 sz=1200MB hp_base=26 (shared, constant) ===
  cluster53 lru sz=1200 t=1 hp=26 rep=1 -> mr=0.0948 tp=1.62 req=246508261
  cluster53 lru sz=1200 t=1 hp=26 rep=2 -> mr=0.0948 tp=1.61 req=246508261
  cluster53 logbackoff sz=1200 t=1 hp=26 rep=1 -> mr=0.0947 tp=0.54 req=246508261
  cluster53 logbackoff sz=1200 t=1 hp=26 rep=2 -> mr=0.0947 tp=0.55 req=246508261
  cluster53 lru sz=1200 t=2 hp=27 rep=1 -> mr=0.0965 tp=2.60 req=246508262
  cluster53 lru sz=1200 t=2 hp=27 rep=2 -> mr=0.0965 tp=2.60 req=246508262
  cluster53 logbackoff sz=1200 t=2 hp=27 rep=1 -> mr=0.0958 tp=0.59 req=246508262
  cluster53 logbackoff sz=1200 t=2 hp=27 rep=2 -> mr=0.0958 tp=0.59 req=246508262
  cluster53 lru sz=1200 t=4 hp=28 rep=1 -> mr=0.0981 tp=4.23 req=246508262
  cluster53 lru sz=1200 t=4 hp=28 rep=2 -> mr=0.0975 tp=4.23 req=246508262
  cluster53 logbackoff sz=1200 t=4 hp=28 rep=1 -> mr=0.0953 tp=0.57 req=246508262
  cluster53 logbackoff sz=1200 t=4 hp=28 rep=2 -> mr=0.0954 tp=0.56 req=246508262
  cluster53 lru sz=1200 t=8 hp=29 rep=1 -> mr=0.0972 tp=4.83 req=246508262
  cluster53 lru sz=1200 t=8 hp=29 rep=2 -> mr=0.0967 tp=4.83 req=246508262
  cluster53 logbackoff sz=1200 t=8 hp=29 rep=1 -> mr=0.0952 tp=0.50 req=246508262
  cluster53 logbackoff sz=1200 t=8 hp=29 rep=2 -> mr=0.0952 tp=0.50 req=246508262
  cluster53 lru sz=1200 t=16 hp=30 rep=1 -> mr=0.0966 tp=4.83 req=246508262
  cluster53 lru sz=1200 t=16 hp=30 rep=2 -> mr=0.0969 tp=4.83 req=246508262
  cluster53 logbackoff sz=1200 t=16 hp=30 rep=1 -> mr=0.0954 tp=0.55 req=246508262
  cluster53 logbackoff sz=1200 t=16 hp=30 rep=2 -> mr=0.0955 tp=0.56 req=246508262
=== cluster53 sz=600MB hp_base=25 (shared, constant) ===
  cluster53 lru sz=600 t=1 hp=25 rep=1 -> mr=0.1281 tp=1.43 req=246508261
  cluster53 lru sz=600 t=1 hp=25 rep=2 -> mr=0.1281 tp=1.43 req=246508261
  cluster53 logbackoff sz=600 t=1 hp=25 rep=1 -> mr=0.1276 tp=0.48 req=246508261
  cluster53 logbackoff sz=600 t=1 hp=25 rep=2 -> mr=0.1276 tp=0.51 req=246508261
  cluster53 lru sz=600 t=2 hp=26 rep=1 -> mr=0.1299 tp=2.49 req=246508262
  cluster53 lru sz=600 t=2 hp=26 rep=2 -> mr=0.1299 tp=2.49 req=246508262
  cluster53 logbackoff sz=600 t=2 hp=26 rep=1 -> mr=0.1285 tp=0.58 req=246508262
  cluster53 logbackoff sz=600 t=2 hp=26 rep=2 -> mr=0.1286 tp=0.60 req=246508262
  cluster53 lru sz=600 t=4 hp=27 rep=1 -> mr=0.1309 tp=3.87 req=246508262
  cluster53 lru sz=600 t=4 hp=27 rep=2 -> mr=0.1313 tp=3.87 req=246508262
  cluster53 logbackoff sz=600 t=4 hp=27 rep=1 -> mr=0.1283 tp=0.53 req=246508262
  cluster53 logbackoff sz=600 t=4 hp=27 rep=2 -> mr=0.1286 tp=0.55 req=246508262
  cluster53 lru sz=600 t=8 hp=28 rep=1 -> mr=0.1298 tp=4.35 req=246508262
  cluster53 lru sz=600 t=8 hp=28 rep=2 -> mr=0.1300 tp=4.35 req=246508262
  cluster53 logbackoff sz=600 t=8 hp=28 rep=1 -> mr=0.1281 tp=0.48 req=246508262
  cluster53 logbackoff sz=600 t=8 hp=28 rep=2 -> mr=0.1282 tp=0.48 req=246508262
  cluster53 lru sz=600 t=16 hp=29 rep=1 -> mr=0.1297 tp=4.35 req=246508262
  cluster53 lru sz=600 t=16 hp=29 rep=2 -> mr=0.1296 tp=4.35 req=246508262
  cluster53 logbackoff sz=600 t=16 hp=29 rep=1 -> mr=0.1283 tp=0.52 req=246508262
  cluster53 logbackoff sz=600 t=16 hp=29 rep=2 -> mr=0.1283 tp=0.53 req=246508262
=== cluster53 sz=128MB hp_base=23 (shared, constant) ===
  cluster53 lru sz=128 t=1 hp=23 rep=1 -> mr=0.2618 tp=0.96 req=246508261
  cluster53 lru sz=128 t=1 hp=23 rep=2 -> mr=0.2618 tp=0.95 req=246508261
  cluster53 logbackoff sz=128 t=1 hp=23 rep=1 -> mr=0.2426 tp=0.35 req=246508261
  cluster53 logbackoff sz=128 t=1 hp=23 rep=2 -> mr=0.2426 tp=0.35 req=246508261
  cluster53 lru sz=128 t=2 hp=24 rep=1 -> mr=0.2653 tp=1.77 req=246508262
  cluster53 lru sz=128 t=2 hp=24 rep=2 -> mr=0.2653 tp=1.70 req=246508262
  cluster53 logbackoff sz=128 t=2 hp=24 rep=1 -> mr=0.2490 tp=0.52 req=246508262
  cluster53 logbackoff sz=128 t=2 hp=24 rep=2 -> mr=0.2500 tp=0.52 req=246508262
  cluster53 lru sz=128 t=4 hp=25 rep=1 -> mr=0.2677 tp=3.00 req=246508262
  cluster53 lru sz=128 t=4 hp=25 rep=2 -> mr=0.2679 tp=3.01 req=246508262
  cluster53 logbackoff sz=128 t=4 hp=25 rep=1 -> mr=0.2473 tp=0.57 req=246508262
  cluster53 logbackoff sz=128 t=4 hp=25 rep=2 -> mr=0.2475 tp=0.56 req=246508262
  cluster53 lru sz=128 t=8 hp=26 rep=1 -> mr=0.3021 tp=3.84 req=246508262
  cluster53 lru sz=128 t=8 hp=26 rep=2 -> mr=0.3060 tp=3.80 req=246508262
  cluster53 logbackoff sz=128 t=8 hp=26 rep=1 -> mr=0.3052 tp=0.51 req=246508262
  cluster53 logbackoff sz=128 t=8 hp=26 rep=2 -> mr=0.3054 tp=0.51 req=246508262
  cluster53 lru sz=128 t=16 hp=27 rep=1 -> mr=0.3425 tp=3.76 req=246508262
  cluster53 lru sz=128 t=16 hp=27 rep=2 -> mr=0.3471 tp=3.62 req=246508262
  cluster53 logbackoff sz=128 t=16 hp=27 rep=1 -> mr=0.2552 tp=0.57 req=246508262
  cluster53 logbackoff sz=128 t=16 hp=27 rep=2 -> mr=0.2562 tp=0.57 req=246508262
=== msr_prxy_1 sz=1200MB hp_base=26 (shared, constant) ===
  msr_prxy_1 lru sz=1200 t=1 hp=26 rep=1 -> mr=0.0027 tp=3.10 req=168638963
  msr_prxy_1 lru sz=1200 t=1 hp=26 rep=2 -> mr=0.0027 tp=3.11 req=168638963
  msr_prxy_1 logbackoff sz=1200 t=1 hp=26 rep=1 -> mr=0.0027 tp=1.65 req=168638963
  msr_prxy_1 logbackoff sz=1200 t=1 hp=26 rep=2 -> mr=0.0027 tp=1.63 req=168638963
  msr_prxy_1 lru sz=1200 t=2 hp=27 rep=1 -> mr=0.0027 tp=4.23 req=168638964
  msr_prxy_1 lru sz=1200 t=2 hp=27 rep=2 -> mr=0.0028 tp=4.23 req=168638964
  msr_prxy_1 logbackoff sz=1200 t=2 hp=27 rep=1 -> mr=0.0027 tp=1.24 req=168638964
  msr_prxy_1 logbackoff sz=1200 t=2 hp=27 rep=2 -> mr=0.0027 tp=1.76 req=168638964
  msr_prxy_1 lru sz=1200 t=4 hp=28 rep=1 -> mr=0.0027 tp=7.05 req=168638964
  msr_prxy_1 lru sz=1200 t=4 hp=28 rep=2 -> mr=0.0027 tp=7.05 req=168638964
  msr_prxy_1 logbackoff sz=1200 t=4 hp=28 rep=1 -> mr=0.0027 tp=1.17 req=168638964
  msr_prxy_1 logbackoff sz=1200 t=4 hp=28 rep=2 -> mr=0.0027 tp=1.63 req=168638964
  msr_prxy_1 lru sz=1200 t=8 hp=29 rep=1 -> mr=0.0027 tp=7.05 req=168638964
  msr_prxy_1 lru sz=1200 t=8 hp=29 rep=2 -> mr=0.0027 tp=7.05 req=168638964
  msr_prxy_1 logbackoff sz=1200 t=8 hp=29 rep=1 -> mr=0.0027 tp=1.51 req=168638964
  msr_prxy_1 logbackoff sz=1200 t=8 hp=29 rep=2 -> mr=0.0027 tp=1.63 req=168638964
  msr_prxy_1 lru sz=1200 t=16 hp=30 rep=1 -> mr=0.0029 tp=9.85 req=168638964
  msr_prxy_1 lru sz=1200 t=16 hp=30 rep=2 -> mr=0.0028 tp=9.78 req=168638964
  msr_prxy_1 logbackoff sz=1200 t=16 hp=30 rep=1 -> mr=0.0027 tp=1.63 req=168638964
  msr_prxy_1 logbackoff sz=1200 t=16 hp=30 rep=2 -> mr=0.0027 tp=1.63 req=168638964
=== msr_prxy_1 sz=600MB hp_base=25 (shared, constant) ===
  msr_prxy_1 lru sz=600 t=1 hp=25 rep=1 -> mr=0.0031 tp=3.19 req=168638963
  msr_prxy_1 lru sz=600 t=1 hp=25 rep=2 -> mr=0.0031 tp=3.18 req=168638963
  msr_prxy_1 logbackoff sz=600 t=1 hp=25 rep=1 -> mr=0.0030 tp=1.67 req=168638963
  msr_prxy_1 logbackoff sz=600 t=1 hp=25 rep=2 -> mr=0.0030 tp=1.71 req=168638963
  msr_prxy_1 lru sz=600 t=2 hp=26 rep=1 -> mr=0.0031 tp=4.23 req=168638964
  msr_prxy_1 lru sz=600 t=2 hp=26 rep=2 -> mr=0.0031 tp=4.23 req=168638964
  msr_prxy_1 logbackoff sz=600 t=2 hp=26 rep=1 -> mr=0.0030 tp=1.63 req=168638964
  msr_prxy_1 logbackoff sz=600 t=2 hp=26 rep=2 -> mr=0.0030 tp=1.63 req=168638964
  msr_prxy_1 lru sz=600 t=4 hp=27 rep=1 -> mr=0.0032 tp=7.05 req=168638964
  msr_prxy_1 lru sz=600 t=4 hp=27 rep=2 -> mr=0.0033 tp=7.05 req=168638964
  msr_prxy_1 logbackoff sz=600 t=4 hp=27 rep=1 -> mr=0.0030 tp=1.63 req=168638964
  msr_prxy_1 logbackoff sz=600 t=4 hp=27 rep=2 -> mr=0.0030 tp=1.32 req=168638964
  msr_prxy_1 lru sz=600 t=8 hp=28 rep=1 -> mr=0.0032 tp=7.05 req=168638964
  msr_prxy_1 lru sz=600 t=8 hp=28 rep=2 -> mr=0.0031 tp=7.05 req=168638964
  msr_prxy_1 logbackoff sz=600 t=8 hp=28 rep=1 -> mr=0.0030 tp=1.51 req=168638964
  msr_prxy_1 logbackoff sz=600 t=8 hp=28 rep=2 -> mr=0.0030 tp=1.17 req=168638964
  msr_prxy_1 lru sz=600 t=16 hp=29 rep=1 -> mr=0.0035 tp=10.01 req=168638964
  msr_prxy_1 lru sz=600 t=16 hp=29 rep=2 -> mr=0.0035 tp=9.59 req=168638964
  msr_prxy_1 logbackoff sz=600 t=16 hp=29 rep=1 -> mr=0.0030 tp=1.32 req=168638964
  msr_prxy_1 logbackoff sz=600 t=16 hp=29 rep=2 -> mr=0.0030 tp=1.51 req=168638964
=== msr_prxy_1 sz=256MB hp_base=24 (shared, constant) ===
  msr_prxy_1 lru sz=256 t=1 hp=24 rep=1 -> mr=0.2846 tp=0.69 req=168638963
  msr_prxy_1 lru sz=256 t=1 hp=24 rep=2 -> mr=0.2846 tp=0.69 req=168638963
  msr_prxy_1 logbackoff sz=256 t=1 hp=24 rep=1 -> mr=0.1964 tp=0.43 req=168638963
  msr_prxy_1 logbackoff sz=256 t=1 hp=24 rep=2 -> mr=0.1996 tp=0.42 req=168638963
  msr_prxy_1 lru sz=256 t=2 hp=25 rep=1 -> mr=0.1087 tp=1.80 req=168638964
  msr_prxy_1 lru sz=256 t=2 hp=25 rep=2 -> mr=0.2624 tp=1.40 req=168638964
  msr_prxy_1 logbackoff sz=256 t=2 hp=25 rep=1 -> mr=0.0911 tp=0.70 req=168638964
  msr_prxy_1 logbackoff sz=256 t=2 hp=25 rep=2 -> mr=0.0915 tp=0.70 req=168638964
  msr_prxy_1 lru sz=256 t=4 hp=26 rep=1 -> mr=0.0855 tp=3.81 req=168638964
  msr_prxy_1 lru sz=256 t=4 hp=26 rep=2 -> mr=0.0884 tp=3.82 req=168638964
  msr_prxy_1 logbackoff sz=256 t=4 hp=26 rep=1 -> mr=0.0750 tp=0.76 req=168638964
  msr_prxy_1 logbackoff sz=256 t=4 hp=26 rep=2 -> mr=0.0630 tp=0.80 req=168638964
  msr_prxy_1 lru sz=256 t=8 hp=27 rep=1 -> mr=0.1289 tp=3.40 req=168638964
  msr_prxy_1 lru sz=256 t=8 hp=27 rep=2 -> mr=0.1064 tp=3.89 req=168638964
  msr_prxy_1 logbackoff sz=256 t=8 hp=27 rep=1 -> mr=0.0577 tp=0.74 req=168638964
  msr_prxy_1 logbackoff sz=256 t=8 hp=27 rep=2 -> mr=0.0689 tp=0.64 req=168638964
  msr_prxy_1 lru sz=256 t=16 hp=28 rep=1 -> mr=0.0901 tp=4.44 req=168638964
  msr_prxy_1 lru sz=256 t=16 hp=28 rep=2 -> mr=0.0820 tp=4.56 req=168638964
  msr_prxy_1 logbackoff sz=256 t=16 hp=28 rep=1 -> mr=0.0533 tp=0.71 req=168638964
  msr_prxy_1 logbackoff sz=256 t=16 hp=28 rep=2 -> mr=0.0544 tp=0.71 req=168638964
DONE -> /mydata/tardis/shared_matrix_20260815_232328.csv
