nohup: ignoring input
turbo OFF; governor=performance
writing /mydata/tardis/shared_mt_20260805_174058.csv
=== msr_proj_0 @256MB ===
  msr_proj_0 lru t=1 hp=24 rep=1 -> mr=0.5108 tp=0.21 req=4224523
  msr_proj_0 lru t=1 hp=24 rep=2 -> mr=0.5108 tp=0.21 req=4224523
  msr_proj_0 lru t=1 hp=24 rep=3 -> mr=0.5108 tp=0.21 req=4224523
  msr_proj_0 lru t=1 hp=24 rep=4 -> mr=0.5061 tp=0.22 req=4224523
  msr_proj_0 lru t=1 hp=24 rep=5 -> mr=0.5061 tp=0.22 req=4224523
  msr_proj_0 lruforgive t=1 hp=24 rep=1 -> mr=0.4444 tp=0.16 req=4224523
  msr_proj_0 lruforgive t=1 hp=24 rep=2 -> mr=0.4473 tp=0.16 req=4224523
  msr_proj_0 lruforgive t=1 hp=24 rep=3 -> mr=0.4480 tp=0.16 req=4224523
  msr_proj_0 lruforgive t=1 hp=24 rep=4 -> mr=0.4411 tp=0.16 req=4224523
  msr_proj_0 lruforgive t=1 hp=24 rep=5 -> mr=0.4446 tp=0.16 req=4224523
  msr_proj_0 lru t=2 hp=25 rep=1 -> mr=0.4985 tp=0.40 req=4224524
  msr_proj_0 lru t=2 hp=25 rep=2 -> mr=0.5003 tp=0.40 req=4224524
  msr_proj_0 lru t=2 hp=25 rep=3 -> mr=0.4990 tp=0.40 req=4224524
  msr_proj_0 lru t=2 hp=25 rep=4 -> mr=0.4958 tp=0.39 req=4224524
  msr_proj_0 lru t=2 hp=25 rep=5 -> mr=0.4959 tp=0.39 req=4224524
  msr_proj_0 lruforgive t=2 hp=25 rep=1 -> mr=0.4389 tp=0.19 req=4224524
  msr_proj_0 lruforgive t=2 hp=25 rep=2 -> mr=0.4369 tp=0.19 req=4224524
  msr_proj_0 lruforgive t=2 hp=25 rep=3 -> mr=0.4466 tp=0.19 req=4224524
  msr_proj_0 lruforgive t=2 hp=25 rep=4 -> mr=0.4421 tp=0.19 req=4224524
  msr_proj_0 lruforgive t=2 hp=25 rep=5 -> mr=0.4461 tp=0.19 req=4224524
  msr_proj_0 lru t=4 hp=26 rep=1 -> mr=0.4996 tp=0.77 req=4224524
  msr_proj_0 lru t=4 hp=26 rep=2 -> mr=0.4962 tp=0.78 req=4224524
  msr_proj_0 lru t=4 hp=26 rep=3 -> mr=0.4958 tp=0.77 req=4224524
  msr_proj_0 lru t=4 hp=26 rep=4 -> mr=0.4958 tp=0.77 req=4224524
  msr_proj_0 lru t=4 hp=26 rep=5 -> mr=0.4988 tp=0.78 req=4224524
  msr_proj_0 lruforgive t=4 hp=26 rep=1 -> mr=0.4449 tp=0.25 req=4224524
  msr_proj_0 lruforgive t=4 hp=26 rep=2 -> mr=0.4435 tp=0.25 req=4224524
  msr_proj_0 lruforgive t=4 hp=26 rep=3 -> mr=0.4514 tp=0.26 req=4224524
  msr_proj_0 lruforgive t=4 hp=26 rep=4 -> mr=0.4514 tp=0.26 req=4224524
  msr_proj_0 lruforgive t=4 hp=26 rep=5 -> mr=0.4477 tp=0.25 req=4224524
  msr_proj_0 lru t=8 hp=27 rep=1 -> mr=0.5118 tp=0.80 req=4224524
  msr_proj_0 lru t=8 hp=27 rep=2 -> mr=0.5037 tp=0.79 req=4224524
  msr_proj_0 lru t=8 hp=27 rep=3 -> mr=0.5079 tp=0.80 req=4224524
  msr_proj_0 lru t=8 hp=27 rep=4 -> mr=0.5133 tp=0.80 req=4224524
  msr_proj_0 lru t=8 hp=27 rep=5 -> mr=0.4997 tp=0.79 req=4224524
  msr_proj_0 lruforgive t=8 hp=27 rep=1 -> mr=0.4593 tp=0.26 req=4224524
  msr_proj_0 lruforgive t=8 hp=27 rep=2 -> mr=0.4601 tp=0.26 req=4224524
  msr_proj_0 lruforgive t=8 hp=27 rep=3 -> mr=0.4626 tp=0.26 req=4224524
  msr_proj_0 lruforgive t=8 hp=27 rep=4 -> mr=0.4558 tp=0.26 req=4224524
  msr_proj_0 lruforgive t=8 hp=27 rep=5 -> mr=0.4603 tp=0.26 req=4224524
  msr_proj_0 lru t=16 hp=28 rep=1 -> mr=0.5243 tp=0.80 req=4224524
  msr_proj_0 lru t=16 hp=28 rep=2 -> mr=0.5148 tp=0.80 req=4224524
  msr_proj_0 lru t=16 hp=28 rep=3 -> mr=0.5182 tp=0.80 req=4224524
  msr_proj_0 lru t=16 hp=28 rep=4 -> mr=0.5206 tp=0.80 req=4224524
  msr_proj_0 lru t=16 hp=28 rep=5 -> mr=0.5186 tp=0.80 req=4224524
  msr_proj_0 lruforgive t=16 hp=28 rep=1 -> mr=0.4612 tp=0.26 req=4224524
  msr_proj_0 lruforgive t=16 hp=28 rep=2 -> mr=0.4597 tp=0.26 req=4224524
  msr_proj_0 lruforgive t=16 hp=28 rep=3 -> mr=0.4563 tp=0.26 req=4224524
  msr_proj_0 lruforgive t=16 hp=28 rep=4 -> mr=0.4626 tp=0.26 req=4224524
  msr_proj_0 lruforgive t=16 hp=28 rep=5 -> mr=0.4658 tp=0.26 req=4224524
=== cache-t-00 @512MB ===
  cache-t-00 lru t=1 hp=25 rep=1 -> mr=0.8325 tp=0.25 req=9826680
  cache-t-00 lru t=1 hp=25 rep=2 -> mr=0.8325 tp=0.25 req=9826680
  cache-t-00 lru t=1 hp=25 rep=3 -> mr=0.8325 tp=0.25 req=9826680
  cache-t-00 lru t=1 hp=25 rep=4 -> mr=0.8325 tp=0.25 req=9826680
  cache-t-00 lru t=1 hp=25 rep=5 -> mr=0.8325 tp=0.25 req=9826680
  cache-t-00 lruforgive t=1 hp=25 rep=1 -> mr=0.7762 tp=0.15 req=9826680
  cache-t-00 lruforgive t=1 hp=25 rep=2 -> mr=0.7758 tp=0.15 req=9826680
  cache-t-00 lruforgive t=1 hp=25 rep=3 -> mr=0.7758 tp=0.15 req=9826680
  cache-t-00 lruforgive t=1 hp=25 rep=4 -> mr=0.7759 tp=0.15 req=9826680
  cache-t-00 lruforgive t=1 hp=25 rep=5 -> mr=0.7759 tp=0.15 req=9826680
  cache-t-00 lru t=2 hp=26 rep=1 -> mr=0.9708 tp=0.40 req=9826681
  cache-t-00 lru t=2 hp=26 rep=2 -> mr=0.9706 tp=0.40 req=9826681
  cache-t-00 lru t=2 hp=26 rep=3 -> mr=0.9708 tp=0.40 req=9826681
  cache-t-00 lru t=2 hp=26 rep=4 -> mr=0.9708 tp=0.40 req=9826681
  cache-t-00 lru t=2 hp=26 rep=5 -> mr=0.9710 tp=0.40 req=9826681
  cache-t-00 lruforgive t=2 hp=26 rep=1 -> mr=0.7780 tp=0.24 req=9826681
  cache-t-00 lruforgive t=2 hp=26 rep=2 -> mr=0.7778 tp=0.24 req=9826681
  cache-t-00 lruforgive t=2 hp=26 rep=3 -> mr=0.7780 tp=0.24 req=9826681
  cache-t-00 lruforgive t=2 hp=26 rep=4 -> mr=0.7780 tp=0.24 req=9826681
  cache-t-00 lruforgive t=2 hp=26 rep=5 -> mr=0.7778 tp=0.24 req=9826681
  cache-t-00 lru t=4 hp=27 rep=1 -> mr=0.8329 tp=0.75 req=9826681
  cache-t-00 lru t=4 hp=27 rep=2 -> mr=0.8337 tp=0.75 req=9826681
  cache-t-00 lru t=4 hp=27 rep=3 -> mr=0.8392 tp=0.75 req=9826681
  cache-t-00 lru t=4 hp=27 rep=4 -> mr=0.8446 tp=0.76 req=9826681
  cache-t-00 lru t=4 hp=27 rep=5 -> mr=0.8330 tp=0.75 req=9826681
  cache-t-00 lruforgive t=4 hp=27 rep=1 -> mr=0.7912 tp=0.37 req=9826681
  cache-t-00 lruforgive t=4 hp=27 rep=2 -> mr=0.7870 tp=0.37 req=9826681
  cache-t-00 lruforgive t=4 hp=27 rep=3 -> mr=0.7834 tp=0.37 req=9826681
  cache-t-00 lruforgive t=4 hp=27 rep=4 -> mr=0.7887 tp=0.37 req=9826681
  cache-t-00 lruforgive t=4 hp=27 rep=5 -> mr=0.7837 tp=0.37 req=9826681
  cache-t-00 lru t=8 hp=28 rep=1 -> mr=0.8555 tp=1.14 req=9826681
  cache-t-00 lru t=8 hp=28 rep=2 -> mr=0.8555 tp=1.14 req=9826681
  cache-t-00 lru t=8 hp=28 rep=3 -> mr=0.8558 tp=1.14 req=9826681
  cache-t-00 lru t=8 hp=28 rep=4 -> mr=0.8547 tp=1.14 req=9826681
  cache-t-00 lru t=8 hp=28 rep=5 -> mr=0.8550 tp=1.14 req=9826681
  cache-t-00 lruforgive t=8 hp=28 rep=1 -> mr=0.8011 tp=0.55 req=9826681
  cache-t-00 lruforgive t=8 hp=28 rep=2 -> mr=0.8017 tp=0.55 req=9826681
  cache-t-00 lruforgive t=8 hp=28 rep=3 -> mr=0.8018 tp=0.55 req=9826681
  cache-t-00 lruforgive t=8 hp=28 rep=4 -> mr=0.8009 tp=0.55 req=9826681
  cache-t-00 lruforgive t=8 hp=28 rep=5 -> mr=0.8004 tp=0.55 req=9826681
  cache-t-00 lru t=16 hp=29 rep=1 -> mr=0.8633 tp=2.01 req=9826681
  cache-t-00 lru t=16 hp=29 rep=2 -> mr=0.8648 tp=2.02 req=9826681
  cache-t-00 lru t=16 hp=29 rep=3 -> mr=0.8672 tp=2.01 req=9826681
  cache-t-00 lru t=16 hp=29 rep=4 -> mr=0.8630 tp=2.02 req=9826681
  cache-t-00 lru t=16 hp=29 rep=5 -> mr=0.8615 tp=2.01 req=9826681
  cache-t-00 lruforgive t=16 hp=29 rep=1 -> mr=0.8050 tp=0.73 req=9826681
  cache-t-00 lruforgive t=16 hp=29 rep=2 -> mr=0.8048 tp=0.73 req=9826681
  cache-t-00 lruforgive t=16 hp=29 rep=3 -> mr=0.8060 tp=0.74 req=9826681
  cache-t-00 lruforgive t=16 hp=29 rep=4 -> mr=0.8055 tp=0.73 req=9826681
  cache-t-00 lruforgive t=16 hp=29 rep=5 -> mr=0.8035 tp=0.73 req=9826681
=== cluster53 @128MB ===
  cluster53 lru t=1 hp=23 rep=1 -> mr=0.2618 tp=0.95 req=246508261
  cluster53 lru t=1 hp=23 rep=2 -> mr=0.2618 tp=0.97 req=246508261
  cluster53 lru t=1 hp=23 rep=3 -> mr=0.2618 tp=0.96 req=246508261
  cluster53 lru t=1 hp=23 rep=4 -> mr=0.2618 tp=0.96 req=246508261
  cluster53 lru t=1 hp=23 rep=5 -> mr=0.2618 tp=0.96 req=246508261
  cluster53 lruforgive t=1 hp=23 rep=1 -> mr=0.2426 tp=0.27 req=246508261
  cluster53 lruforgive t=1 hp=23 rep=2 -> mr=0.2427 tp=0.27 req=246508261
  cluster53 lruforgive t=1 hp=23 rep=3 -> mr=0.2427 tp=0.27 req=246508261
  cluster53 lruforgive t=1 hp=23 rep=4 -> mr=0.2426 tp=0.27 req=246508261
  cluster53 lruforgive t=1 hp=23 rep=5 -> mr=0.2426 tp=0.27 req=246508261
  cluster53 lru t=2 hp=24 rep=1 -> mr=0.2653 tp=1.70 req=246508262
  cluster53 lru t=2 hp=24 rep=2 -> mr=0.2653 tp=1.77 req=246508262
  cluster53 lru t=2 hp=24 rep=3 -> mr=0.2653 tp=1.77 req=246508262
  cluster53 lru t=2 hp=24 rep=4 -> mr=0.2653 tp=1.70 req=246508262
  cluster53 lru t=2 hp=24 rep=5 -> mr=0.2654 tp=1.77 req=246508262
  cluster53 lruforgive t=2 hp=24 rep=1 -> mr=0.2455 tp=0.30 req=246508262
  cluster53 lruforgive t=2 hp=24 rep=2 -> mr=0.2452 tp=0.30 req=246508262
  cluster53 lruforgive t=2 hp=24 rep=3 -> mr=0.2451 tp=0.30 req=246508262
  cluster53 lruforgive t=2 hp=24 rep=4 -> mr=0.2456 tp=0.30 req=246508262
  cluster53 lruforgive t=2 hp=24 rep=5 -> mr=0.2454 tp=0.30 req=246508262
  cluster53 lru t=4 hp=25 rep=1 -> mr=0.2677 tp=3.00 req=246508262
  cluster53 lru t=4 hp=25 rep=2 -> mr=0.2676 tp=3.00 req=246508262
  cluster53 lru t=4 hp=25 rep=3 -> mr=0.2677 tp=3.00 req=246508262
  cluster53 lru t=4 hp=25 rep=4 -> mr=0.2677 tp=3.00 req=246508262
  cluster53 lru t=4 hp=25 rep=5 -> mr=0.2679 tp=3.01 req=246508262
  cluster53 lruforgive t=4 hp=25 rep=1 -> mr=0.2825 tp=0.29 req=246508262
  cluster53 lruforgive t=4 hp=25 rep=2 -> mr=0.2914 tp=0.29 req=246508262
  cluster53 lruforgive t=4 hp=25 rep=3 -> mr=0.2732 tp=0.29 req=246508262
  cluster53 lruforgive t=4 hp=25 rep=4 -> mr=0.2833 tp=0.29 req=246508262
  cluster53 lruforgive t=4 hp=25 rep=5 -> mr=0.2831 tp=0.29 req=246508262
  cluster53 lru t=8 hp=26 rep=1 -> mr=0.2947 tp=3.97 req=246508262
  cluster53 lru t=8 hp=26 rep=2 -> mr=0.2997 tp=3.86 req=246508262
  cluster53 lru t=8 hp=26 rep=3 -> mr=0.2659 tp=3.90 req=246508262
  cluster53 lru t=8 hp=26 rep=4 -> mr=0.2732 tp=3.92 req=246508262
  cluster53 lru t=8 hp=26 rep=5 -> mr=0.2661 tp=3.90 req=246508262
  cluster53 lruforgive t=8 hp=26 rep=1 -> mr=0.2983 tp=0.36 req=246508262
  cluster53 lruforgive t=8 hp=26 rep=2 -> mr=0.3053 tp=0.36 req=246508262
  cluster53 lruforgive t=8 hp=26 rep=3 -> mr=0.3185 tp=0.36 req=246508262
  cluster53 lruforgive t=8 hp=26 rep=4 -> mr=0.3047 tp=0.36 req=246508262
  cluster53 lruforgive t=8 hp=26 rep=5 -> mr=0.3053 tp=0.36 req=246508262
  cluster53 lru t=16 hp=27 rep=1 -> mr=0.3318 tp=4.04 req=246508262
  cluster53 lru t=16 hp=27 rep=2 -> mr=0.3496 tp=3.66 req=246508262
  cluster53 lru t=16 hp=27 rep=3 -> mr=0.3404 tp=3.61 req=246508262
  cluster53 lru t=16 hp=27 rep=4 -> mr=0.3274 tp=3.79 req=246508262
  cluster53 lru t=16 hp=27 rep=5 -> mr=0.3299 tp=3.87 req=246508262
  cluster53 lruforgive t=16 hp=27 rep=1 -> mr=0.3088 tp=0.49 req=246508262
  cluster53 lruforgive t=16 hp=27 rep=2 -> mr=0.3101 tp=0.48 req=246508262
  cluster53 lruforgive t=16 hp=27 rep=3 -> mr=0.3140 tp=0.48 req=246508262
  cluster53 lruforgive t=16 hp=27 rep=4 -> mr=0.3143 tp=0.48 req=246508262
  cluster53 lruforgive t=16 hp=27 rep=5 -> mr=0.3084 tp=0.48 req=246508262
=== msr_prxy_1 @256MB ===
  msr_prxy_1 lru t=1 hp=24 rep=1 -> mr=0.3574 tp=0.70 req=168638963
  msr_prxy_1 lru t=1 hp=24 rep=2 -> mr=0.3574 tp=0.71 req=168638963
  msr_prxy_1 lru t=1 hp=24 rep=3 -> mr=0.3574 tp=0.70 req=168638963
  msr_prxy_1 lru t=1 hp=24 rep=4 -> mr=0.2846 tp=0.73 req=168638963
  msr_prxy_1 lru t=1 hp=24 rep=5 -> mr=0.3575 tp=0.70 req=168638963
  msr_prxy_1 lruforgive t=1 hp=24 rep=1 -> mr=0.2584 tp=0.34 req=168638963
  msr_prxy_1 lruforgive t=1 hp=24 rep=2 -> mr=0.2006 tp=0.38 req=168638963
  msr_prxy_1 lruforgive t=1 hp=24 rep=3 -> mr=0.2560 tp=0.34 req=168638963
  msr_prxy_1 lruforgive t=1 hp=24 rep=4 -> mr=0.2562 tp=0.34 req=168638963
  msr_prxy_1 lruforgive t=1 hp=24 rep=5 -> mr=0.2015 tp=0.38 req=168638963
  msr_prxy_1 lru t=2 hp=25 rep=1 -> mr=0.1137 tp=1.81 req=168638964
  msr_prxy_1 lru t=2 hp=25 rep=2 -> mr=0.1760 tp=1.65 req=168638964
  msr_prxy_1 lru t=2 hp=25 rep=3 -> mr=0.1851 tp=1.67 req=168638964
  msr_prxy_1 lru t=2 hp=25 rep=4 -> mr=0.2539 tp=1.39 req=168638964
  msr_prxy_1 lru t=2 hp=25 rep=5 -> mr=0.1160 tp=1.81 req=168638964
  msr_prxy_1 lruforgive t=2 hp=25 rep=1 -> mr=0.1021 tp=0.53 req=168638964
  msr_prxy_1 lruforgive t=2 hp=25 rep=2 -> mr=0.0930 tp=0.52 req=168638964
  msr_prxy_1 lruforgive t=2 hp=25 rep=3 -> mr=0.0898 tp=0.52 req=168638964
  msr_prxy_1 lruforgive t=2 hp=25 rep=4 -> mr=0.0605 tp=0.62 req=168638964
  msr_prxy_1 lruforgive t=2 hp=25 rep=5 -> mr=0.0931 tp=0.52 req=168638964
  msr_prxy_1 lru t=4 hp=26 rep=1 -> mr=0.0794 tp=3.79 req=168638964
  msr_prxy_1 lru t=4 hp=26 rep=2 -> mr=0.0752 tp=3.78 req=168638964
  msr_prxy_1 lru t=4 hp=26 rep=3 -> mr=0.1006 tp=3.31 req=168638964
  msr_prxy_1 lru t=4 hp=26 rep=4 -> mr=0.0725 tp=3.77 req=168638964
  msr_prxy_1 lru t=4 hp=26 rep=5 -> mr=0.0881 tp=3.78 req=168638964
  msr_prxy_1 lruforgive t=4 hp=26 rep=1 -> mr=0.0724 tp=0.53 req=168638964
  msr_prxy_1 lruforgive t=4 hp=26 rep=2 -> mr=0.0714 tp=0.53 req=168638964
  msr_prxy_1 lruforgive t=4 hp=26 rep=3 -> mr=0.0760 tp=0.52 req=168638964
  msr_prxy_1 lruforgive t=4 hp=26 rep=4 -> mr=0.0629 tp=0.57 req=168638964
  msr_prxy_1 lruforgive t=4 hp=26 rep=5 -> mr=0.0719 tp=0.53 req=168638964
  msr_prxy_1 lru t=8 hp=27 rep=1 -> mr=0.1254 tp=3.39 req=168638964
  msr_prxy_1 lru t=8 hp=27 rep=2 -> mr=0.1079 tp=3.89 req=168638964
  msr_prxy_1 lru t=8 hp=27 rep=3 -> mr=0.1057 tp=3.88 req=168638964
  msr_prxy_1 lru t=8 hp=27 rep=4 -> mr=0.0916 tp=3.83 req=168638964
  msr_prxy_1 lru t=8 hp=27 rep=5 -> mr=0.1287 tp=3.40 req=168638964
  msr_prxy_1 lruforgive t=8 hp=27 rep=1 -> mr=0.0777 tp=0.45 req=168638964
  msr_prxy_1 lruforgive t=8 hp=27 rep=2 -> mr=0.0655 tp=0.52 req=168638964
  msr_prxy_1 lruforgive t=8 hp=27 rep=3 -> mr=0.0608 tp=0.54 req=168638964
  msr_prxy_1 lruforgive t=8 hp=27 rep=4 -> mr=0.0657 tp=0.52 req=168638964
  msr_prxy_1 lruforgive t=8 hp=27 rep=5 -> mr=0.0780 tp=0.46 req=168638964
  msr_prxy_1 lru t=16 hp=28 rep=1 -> mr=0.0897 tp=4.52 req=168638964
  msr_prxy_1 lru t=16 hp=28 rep=2 -> mr=0.0864 tp=4.58 req=168638964
  msr_prxy_1 lru t=16 hp=28 rep=3 -> mr=0.0897 tp=4.54 req=168638964
  msr_prxy_1 lru t=16 hp=28 rep=4 -> mr=0.0983 tp=4.17 req=168638964
  msr_prxy_1 lru t=16 hp=28 rep=5 -> mr=0.0900 tp=4.46 req=168638964
  msr_prxy_1 lruforgive t=16 hp=28 rep=1 -> mr=0.0576 tp=0.55 req=168638964
  msr_prxy_1 lruforgive t=16 hp=28 rep=2 -> mr=0.0766 tp=0.46 req=168638964
  msr_prxy_1 lruforgive t=16 hp=28 rep=3 -> mr=0.0726 tp=0.46 req=168638964
  msr_prxy_1 lruforgive t=16 hp=28 rep=4 -> mr=0.0579 tp=0.55 req=168638964
  msr_prxy_1 lruforgive t=16 hp=28 rep=5 -> mr=0.0733 tp=0.47 req=168638964
DONE -> /mydata/tardis/shared_mt_20260805_174058.csv
