writing /mydata/tardis/subsample_20260821_023627.csv
== LRU baseline ==
miss ratio 0.8325
  mode=0 rate=1.0 rep=1 -> mr=0.7759 tp=0.17
  mode=0 rate=1.0 rep=2 -> mr=0.7759 tp=0.17
  mode=0 rate=1.0 rep=3 -> mr=0.7761 tp=0.18
  mode=0 rate=0.5 rep=1 -> mr=0.7808 tp=0.19
  mode=0 rate=0.5 rep=2 -> mr=0.7805 tp=0.19
  mode=0 rate=0.5 rep=3 -> mr=0.7807 tp=0.19
  mode=0 rate=0.25 rep=1 -> mr=0.7880 tp=0.20
  mode=0 rate=0.25 rep=2 -> mr=0.7877 tp=0.20
  mode=0 rate=0.25 rep=3 -> mr=0.7878 tp=0.20
  mode=0 rate=0.1 rep=1 -> mr=0.8007 tp=0.21
  mode=0 rate=0.1 rep=2 -> mr=0.8010 tp=0.21
  mode=0 rate=0.1 rep=3 -> mr=0.8010 tp=0.22
  mode=0 rate=0.05 rep=1 -> mr=0.8110 tp=0.22
  mode=0 rate=0.05 rep=2 -> mr=0.8109 tp=0.22
  mode=0 rate=0.05 rep=3 -> mr=0.8110 tp=0.21
  mode=0 rate=0.01 rep=1 -> mr=0.8272 tp=0.23
  mode=0 rate=0.01 rep=2 -> mr=0.8271 tp=0.23
  mode=0 rate=0.01 rep=3 -> mr=0.8272 tp=0.23
  mode=1 rate=1.0 rep=1 -> mr=0.7761 tp=0.17
  mode=1 rate=1.0 rep=2 -> mr=0.7761 tp=0.17
  mode=1 rate=1.0 rep=3 -> mr=0.7761 tp=0.17
  mode=1 rate=0.5 rep=1 -> mr=0.8077 tp=0.19
  mode=1 rate=0.5 rep=2 -> mr=0.8070 tp=0.20
  mode=1 rate=0.5 rep=3 -> mr=0.8077 tp=0.19
  mode=1 rate=0.25 rep=1 -> mr=0.8223 tp=0.21
  mode=1 rate=0.25 rep=2 -> mr=0.8224 tp=0.21
  mode=1 rate=0.25 rep=3 -> mr=0.8218 tp=0.21
  mode=1 rate=0.1 rep=1 -> mr=0.8292 tp=0.22
  mode=1 rate=0.1 rep=2 -> mr=0.8292 tp=0.22
  mode=1 rate=0.1 rep=3 -> mr=0.8290 tp=0.22
  mode=1 rate=0.05 rep=1 -> mr=0.8311 tp=0.22
  mode=1 rate=0.05 rep=2 -> mr=0.8311 tp=0.22
  mode=1 rate=0.05 rep=3 -> mr=0.8311 tp=0.22
  mode=1 rate=0.01 rep=1 -> mr=0.8325 tp=0.22
  mode=1 rate=0.01 rep=2 -> mr=0.8325 tp=0.22
  mode=1 rate=0.01 rep=3 -> mr=0.8325 tp=0.22
DONE -> /mydata/tardis/subsample_20260821_023627.csv
