nohup: ignoring input
writing /mydata/tardis/results/subsample_all_traces_perthread_20260902_015953.csv (label=perthread)
=== cache-t-00 (base 512/25) ===
  cache-t-00 t=1 rate=1.0 rep=1 -> mr=0.7761 tp=0.19
  cache-t-00 t=1 rate=1.0 rep=2 -> mr=0.7760 tp=0.18
  cache-t-00 t=1 rate=1.0 rep=3 -> mr=0.7762 tp=0.18
  cache-t-00 t=1 rate=1.0 rep=4 -> mr=0.7758 tp=0.19
  cache-t-00 t=1 rate=1.0 rep=5 -> mr=0.7758 tp=0.19
  cache-t-00 t=1 rate=0.5 rep=1 -> mr=0.7816 tp=0.20
  cache-t-00 t=1 rate=0.5 rep=2 -> mr=0.7803 tp=0.20
  cache-t-00 t=1 rate=0.5 rep=3 -> mr=0.7805 tp=0.20
  cache-t-00 t=1 rate=0.5 rep=4 -> mr=0.7805 tp=0.20
  cache-t-00 t=1 rate=0.5 rep=5 -> mr=0.7800 tp=0.20
  cache-t-00 t=1 rate=0.25 rep=1 -> mr=0.7877 tp=0.22
  cache-t-00 t=1 rate=0.25 rep=2 -> mr=0.7879 tp=0.21
  cache-t-00 t=1 rate=0.25 rep=3 -> mr=0.7879 tp=0.21
  cache-t-00 t=1 rate=0.25 rep=4 -> mr=0.7882 tp=0.22
  cache-t-00 t=1 rate=0.25 rep=5 -> mr=0.7876 tp=0.22
  cache-t-00 t=1 rate=0.1 rep=1 -> mr=0.8006 tp=0.23
  cache-t-00 t=1 rate=0.1 rep=2 -> mr=0.8010 tp=0.22
  cache-t-00 t=1 rate=0.1 rep=3 -> mr=0.8007 tp=0.22
  cache-t-00 t=1 rate=0.1 rep=4 -> mr=0.8006 tp=0.22
  cache-t-00 t=1 rate=0.1 rep=5 -> mr=0.8007 tp=0.22
  cache-t-00 t=4 rate=1.0 rep=1 -> mr=0.7721 tp=0.62
  cache-t-00 t=4 rate=1.0 rep=2 -> mr=0.7723 tp=0.62
  cache-t-00 t=4 rate=1.0 rep=3 -> mr=0.7721 tp=0.62
  cache-t-00 t=4 rate=1.0 rep=4 -> mr=0.7722 tp=0.62
  cache-t-00 t=4 rate=1.0 rep=5 -> mr=0.7724 tp=0.62
  cache-t-00 t=4 rate=0.5 rep=1 -> mr=0.7760 tp=0.67
  cache-t-00 t=4 rate=0.5 rep=2 -> mr=0.7759 tp=0.67
  cache-t-00 t=4 rate=0.5 rep=3 -> mr=0.7759 tp=0.67
  cache-t-00 t=4 rate=0.5 rep=4 -> mr=0.7759 tp=0.67
  cache-t-00 t=4 rate=0.5 rep=5 -> mr=0.7759 tp=0.67
  cache-t-00 t=4 rate=0.25 rep=1 -> mr=0.7826 tp=0.73
  cache-t-00 t=4 rate=0.25 rep=2 -> mr=0.7826 tp=0.73
  cache-t-00 t=4 rate=0.25 rep=3 -> mr=0.7823 tp=0.73
  cache-t-00 t=4 rate=0.25 rep=4 -> mr=0.7822 tp=0.73
  cache-t-00 t=4 rate=0.25 rep=5 -> mr=0.7827 tp=0.73
  cache-t-00 t=4 rate=0.1 rep=1 -> mr=0.7946 tp=0.73
  cache-t-00 t=4 rate=0.1 rep=2 -> mr=0.7948 tp=0.73
  cache-t-00 t=4 rate=0.1 rep=3 -> mr=0.7949 tp=0.73
  cache-t-00 t=4 rate=0.1 rep=4 -> mr=0.7946 tp=0.73
  cache-t-00 t=4 rate=0.1 rep=5 -> mr=0.7947 tp=0.73
  cache-t-00 t=8 rate=1.0 rep=1 -> mr=0.7718 tp=0.97
  cache-t-00 t=8 rate=1.0 rep=2 -> mr=0.7718 tp=0.98
  cache-t-00 t=8 rate=1.0 rep=3 -> mr=0.7718 tp=0.97
  cache-t-00 t=8 rate=1.0 rep=4 -> mr=0.7722 tp=0.98
  cache-t-00 t=8 rate=1.0 rep=5 -> mr=0.7720 tp=0.97
  cache-t-00 t=8 rate=0.5 rep=1 -> mr=0.7752 tp=1.06
  cache-t-00 t=8 rate=0.5 rep=2 -> mr=0.7748 tp=1.04
  cache-t-00 t=8 rate=0.5 rep=3 -> mr=0.7750 tp=1.05
  cache-t-00 t=8 rate=0.5 rep=4 -> mr=0.7751 tp=1.05
  cache-t-00 t=8 rate=0.5 rep=5 -> mr=0.7751 tp=1.06
  cache-t-00 t=8 rate=0.25 rep=1 -> mr=0.7822 tp=1.15
  cache-t-00 t=8 rate=0.25 rep=2 -> mr=0.7823 tp=1.15
  cache-t-00 t=8 rate=0.25 rep=3 -> mr=0.7823 tp=1.15
  cache-t-00 t=8 rate=0.25 rep=4 -> mr=0.7823 tp=1.15
  cache-t-00 t=8 rate=0.25 rep=5 -> mr=0.7822 tp=1.15
  cache-t-00 t=8 rate=0.1 rep=1 -> mr=0.7944 tp=1.17
  cache-t-00 t=8 rate=0.1 rep=2 -> mr=0.7944 tp=1.17
  cache-t-00 t=8 rate=0.1 rep=3 -> mr=0.7941 tp=1.17
  cache-t-00 t=8 rate=0.1 rep=4 -> mr=0.7942 tp=1.17
  cache-t-00 t=8 rate=0.1 rep=5 -> mr=0.7944 tp=1.17
  cache-t-00 t=16 rate=1.0 rep=1 -> mr=0.7745 tp=1.25
  cache-t-00 t=16 rate=1.0 rep=2 -> mr=0.7746 tp=1.24
  cache-t-00 t=16 rate=1.0 rep=3 -> mr=0.7745 tp=1.25
  cache-t-00 t=16 rate=1.0 rep=4 -> mr=0.7747 tp=1.24
  cache-t-00 t=16 rate=1.0 rep=5 -> mr=0.7746 tp=1.25
  cache-t-00 t=16 rate=0.5 rep=1 -> mr=0.7769 tp=1.27
  cache-t-00 t=16 rate=0.5 rep=2 -> mr=0.7770 tp=1.28
  cache-t-00 t=16 rate=0.5 rep=3 -> mr=0.7769 tp=1.27
  cache-t-00 t=16 rate=0.5 rep=4 -> mr=0.7771 tp=1.28
  cache-t-00 t=16 rate=0.5 rep=5 -> mr=0.7771 tp=1.27
  cache-t-00 t=16 rate=0.25 rep=1 -> mr=0.7820 tp=1.32
  cache-t-00 t=16 rate=0.25 rep=2 -> mr=0.7821 tp=1.31
  cache-t-00 t=16 rate=0.25 rep=3 -> mr=0.7821 tp=1.32
  cache-t-00 t=16 rate=0.25 rep=4 -> mr=0.7820 tp=1.31
  cache-t-00 t=16 rate=0.25 rep=5 -> mr=0.7820 tp=1.33
  cache-t-00 t=16 rate=0.1 rep=1 -> mr=0.7934 tp=1.30
  cache-t-00 t=16 rate=0.1 rep=2 -> mr=0.7936 tp=1.32
  cache-t-00 t=16 rate=0.1 rep=3 -> mr=0.7934 tp=1.30
  cache-t-00 t=16 rate=0.1 rep=4 -> mr=0.7937 tp=1.33
  cache-t-00 t=16 rate=0.1 rep=5 -> mr=0.7934 tp=1.30
=== msr_proj_0 (base 256/24) ===
  msr_proj_0 t=1 rate=1.0 rep=1 -> mr=0.4483 tp=0.20
  msr_proj_0 t=1 rate=1.0 rep=2 -> mr=0.4484 tp=0.20
  msr_proj_0 t=1 rate=1.0 rep=3 -> mr=0.4482 tp=0.19
  msr_proj_0 t=1 rate=1.0 rep=4 -> mr=0.4475 tp=0.19
  msr_proj_0 t=1 rate=1.0 rep=5 -> mr=0.4414 tp=0.19
  msr_proj_0 t=1 rate=0.5 rep=1 -> mr=0.4628 tp=0.21
  msr_proj_0 t=1 rate=0.5 rep=2 -> mr=0.4552 tp=0.20
  msr_proj_0 t=1 rate=0.5 rep=3 -> mr=0.4541 tp=0.21
  msr_proj_0 t=1 rate=0.5 rep=4 -> mr=0.4583 tp=0.21
  msr_proj_0 t=1 rate=0.5 rep=5 -> mr=0.4541 tp=0.21
  msr_proj_0 t=1 rate=0.25 rep=1 -> mr=0.4595 tp=0.21
  msr_proj_0 t=1 rate=0.25 rep=2 -> mr=0.4621 tp=0.21
  msr_proj_0 t=1 rate=0.25 rep=3 -> mr=0.4580 tp=0.21
  msr_proj_0 t=1 rate=0.25 rep=4 -> mr=0.4619 tp=0.21
  msr_proj_0 t=1 rate=0.25 rep=5 -> mr=0.4585 tp=0.21
  msr_proj_0 t=1 rate=0.1 rep=1 -> mr=0.4708 tp=0.21
  msr_proj_0 t=1 rate=0.1 rep=2 -> mr=0.4703 tp=0.21
  msr_proj_0 t=1 rate=0.1 rep=3 -> mr=0.4705 tp=0.21
  msr_proj_0 t=1 rate=0.1 rep=4 -> mr=0.4708 tp=0.21
  msr_proj_0 t=1 rate=0.1 rep=5 -> mr=0.4704 tp=0.21
  msr_proj_0 t=4 rate=1.0 rep=1 -> mr=0.4027 tp=0.49
  msr_proj_0 t=4 rate=1.0 rep=2 -> mr=0.4014 tp=0.49
  msr_proj_0 t=4 rate=1.0 rep=3 -> mr=0.4000 tp=0.49
  msr_proj_0 t=4 rate=1.0 rep=4 -> mr=0.4014 tp=0.49
  msr_proj_0 t=4 rate=1.0 rep=5 -> mr=0.4022 tp=0.49
  msr_proj_0 t=4 rate=0.5 rep=1 -> mr=0.4075 tp=0.57
  msr_proj_0 t=4 rate=0.5 rep=2 -> mr=0.4065 tp=0.58
  msr_proj_0 t=4 rate=0.5 rep=3 -> mr=0.4045 tp=0.59
  msr_proj_0 t=4 rate=0.5 rep=4 -> mr=0.4035 tp=0.59
  msr_proj_0 t=4 rate=0.5 rep=5 -> mr=0.4047 tp=0.59
  msr_proj_0 t=4 rate=0.25 rep=1 -> mr=0.4075 tp=0.59
  msr_proj_0 t=4 rate=0.25 rep=2 -> mr=0.4058 tp=0.59
  msr_proj_0 t=4 rate=0.25 rep=3 -> mr=0.4127 tp=0.57
  msr_proj_0 t=4 rate=0.25 rep=4 -> mr=0.4087 tp=0.60
  msr_proj_0 t=4 rate=0.25 rep=5 -> mr=0.4079 tp=0.59
  msr_proj_0 t=4 rate=0.1 rep=1 -> mr=0.4162 tp=0.60
  msr_proj_0 t=4 rate=0.1 rep=2 -> mr=0.4184 tp=0.60
  msr_proj_0 t=4 rate=0.1 rep=3 -> mr=0.4185 tp=0.60
  msr_proj_0 t=4 rate=0.1 rep=4 -> mr=0.4166 tp=0.60
  msr_proj_0 t=4 rate=0.1 rep=5 -> mr=0.4163 tp=0.60
  msr_proj_0 t=8 rate=1.0 rep=1 -> mr=0.3944 tp=0.63
  msr_proj_0 t=8 rate=1.0 rep=2 -> mr=0.3932 tp=0.63
  msr_proj_0 t=8 rate=1.0 rep=3 -> mr=0.3940 tp=0.64
  msr_proj_0 t=8 rate=1.0 rep=4 -> mr=0.3928 tp=0.63
  msr_proj_0 t=8 rate=1.0 rep=5 -> mr=0.3948 tp=0.63
  msr_proj_0 t=8 rate=0.5 rep=1 -> mr=0.3949 tp=0.69
  msr_proj_0 t=8 rate=0.5 rep=2 -> mr=0.3946 tp=0.68
  msr_proj_0 t=8 rate=0.5 rep=3 -> mr=0.3965 tp=0.69
  msr_proj_0 t=8 rate=0.5 rep=4 -> mr=0.3957 tp=0.68
  msr_proj_0 t=8 rate=0.5 rep=5 -> mr=0.3932 tp=0.69
  msr_proj_0 t=8 rate=0.25 rep=1 -> mr=0.3962 tp=0.71
  msr_proj_0 t=8 rate=0.25 rep=2 -> mr=0.3992 tp=0.71
  msr_proj_0 t=8 rate=0.25 rep=3 -> mr=0.3966 tp=0.72
  msr_proj_0 t=8 rate=0.25 rep=4 -> mr=0.4003 tp=0.71
  msr_proj_0 t=8 rate=0.25 rep=5 -> mr=0.3975 tp=0.71
  msr_proj_0 t=8 rate=0.1 rep=1 -> mr=0.4046 tp=0.74
  msr_proj_0 t=8 rate=0.1 rep=2 -> mr=0.4035 tp=0.72
  msr_proj_0 t=8 rate=0.1 rep=3 -> mr=0.4029 tp=0.74
  msr_proj_0 t=8 rate=0.1 rep=4 -> mr=0.4041 tp=0.73
  msr_proj_0 t=8 rate=0.1 rep=5 -> mr=0.4016 tp=0.75
  msr_proj_0 t=16 rate=1.0 rep=1 -> mr=0.3920 tp=0.65
  msr_proj_0 t=16 rate=1.0 rep=2 -> mr=0.3910 tp=0.65
  msr_proj_0 t=16 rate=1.0 rep=3 -> mr=0.3941 tp=0.65
  msr_proj_0 t=16 rate=1.0 rep=4 -> mr=0.3928 tp=0.66
  msr_proj_0 t=16 rate=1.0 rep=5 -> mr=0.3918 tp=0.65
  msr_proj_0 t=16 rate=0.5 rep=1 -> mr=0.3945 tp=0.71
  msr_proj_0 t=16 rate=0.5 rep=2 -> mr=0.3945 tp=0.71
  msr_proj_0 t=16 rate=0.5 rep=3 -> mr=0.3929 tp=0.71
  msr_proj_0 t=16 rate=0.5 rep=4 -> mr=0.3931 tp=0.70
  msr_proj_0 t=16 rate=0.5 rep=5 -> mr=0.3925 tp=0.70
  msr_proj_0 t=16 rate=0.25 rep=1 -> mr=0.3984 tp=0.74
  msr_proj_0 t=16 rate=0.25 rep=2 -> mr=0.3984 tp=0.74
  msr_proj_0 t=16 rate=0.25 rep=3 -> mr=0.3968 tp=0.75
  msr_proj_0 t=16 rate=0.25 rep=4 -> mr=0.3988 tp=0.74
  msr_proj_0 t=16 rate=0.25 rep=5 -> mr=0.3995 tp=0.74
  msr_proj_0 t=16 rate=0.1 rep=1 -> mr=0.4063 tp=0.78
  msr_proj_0 t=16 rate=0.1 rep=2 -> mr=0.4085 tp=0.78
  msr_proj_0 t=16 rate=0.1 rep=3 -> mr=0.4050 tp=0.78
  msr_proj_0 t=16 rate=0.1 rep=4 -> mr=0.4044 tp=0.77
  msr_proj_0 t=16 rate=0.1 rep=5 -> mr=0.4082 tp=0.78
=== cluster53 (base 128/23) ===
  cluster53 t=1 rate=1.0 rep=1 -> mr=0.2426 tp=0.36
  cluster53 t=1 rate=1.0 rep=2 -> mr=0.2426 tp=0.36
  cluster53 t=1 rate=1.0 rep=3 -> mr=0.2426 tp=0.36
  cluster53 t=1 rate=1.0 rep=4 -> mr=0.2426 tp=0.36
  cluster53 t=1 rate=1.0 rep=5 -> mr=0.2426 tp=0.36
  cluster53 t=1 rate=0.5 rep=1 -> mr=0.2413 tp=0.44
  cluster53 t=1 rate=0.5 rep=2 -> mr=0.2413 tp=0.44
  cluster53 t=1 rate=0.5 rep=3 -> mr=0.2413 tp=0.43
  cluster53 t=1 rate=0.5 rep=4 -> mr=0.2413 tp=0.43
  cluster53 t=1 rate=0.5 rep=5 -> mr=0.2413 tp=0.44
  cluster53 t=1 rate=0.25 rep=1 -> mr=0.2400 tp=0.50
  cluster53 t=1 rate=0.25 rep=2 -> mr=0.2400 tp=0.49
  cluster53 t=1 rate=0.25 rep=3 -> mr=0.2400 tp=0.50
  cluster53 t=1 rate=0.25 rep=4 -> mr=0.2400 tp=0.51
  cluster53 t=1 rate=0.25 rep=5 -> mr=0.2400 tp=0.53
  cluster53 t=1 rate=0.1 rep=1 -> mr=0.2389 tp=0.60
  cluster53 t=1 rate=0.1 rep=2 -> mr=0.2389 tp=0.57
  cluster53 t=1 rate=0.1 rep=3 -> mr=0.2389 tp=0.57
  cluster53 t=1 rate=0.1 rep=4 -> mr=0.2389 tp=0.56
  cluster53 t=1 rate=0.1 rep=5 -> mr=0.2389 tp=0.56
  cluster53 t=4 rate=1.0 rep=1 -> mr=0.2611 tp=0.93
  cluster53 t=4 rate=1.0 rep=2 -> mr=0.2611 tp=0.93
  cluster53 t=4 rate=1.0 rep=3 -> mr=0.2612 tp=0.93
  cluster53 t=4 rate=1.0 rep=4 -> mr=0.2612 tp=0.93
  cluster53 t=4 rate=1.0 rep=5 -> mr=0.2612 tp=0.93
  cluster53 t=4 rate=0.5 rep=1 -> mr=0.2626 tp=1.12
  cluster53 t=4 rate=0.5 rep=2 -> mr=0.2625 tp=1.11
  cluster53 t=4 rate=0.5 rep=3 -> mr=0.2625 tp=1.11
  cluster53 t=4 rate=0.5 rep=4 -> mr=0.2624 tp=1.11
