nohup: ignoring input
##### PASS 1: BASELINES #####
=== lru ===
[have] lru cluster26.oracleGeneral 4MB
[have] lru cluster26.oracleGeneral 8MB
[have] lru cluster26.oracleGeneral 16MB
[have] lru cluster26.oracleGeneral 32MB
[have] lru cluster26.oracleGeneral 64MB
[have] lru cluster26.oracleGeneral 128MB
[have] lru cluster26.oracleGeneral 256MB
[have] lru cluster26.oracleGeneral 512MB
[have] lru cluster26.oracleGeneral 1024MB
[have] lru cluster26.oracleGeneral 2048MB
[have] lru cluster26.oracleGeneral 4096MB
[have] lru cluster26.oracleGeneral 8192MB
[have] lru cluster10.oracleGeneral 4MB
[have] lru cluster10.oracleGeneral 8MB
[have] lru cluster10.oracleGeneral 16MB
[have] lru cluster10.oracleGeneral 32MB
[have] lru cluster10.oracleGeneral 64MB
[have] lru cluster10.oracleGeneral 128MB
[have] lru cluster10.oracleGeneral 256MB
[have] lru cluster10.oracleGeneral 512MB
[have] lru cluster10.oracleGeneral 1024MB
[have] lru cluster10.oracleGeneral 2048MB
[have] lru cluster10.oracleGeneral 4096MB
[have] lru cluster10.oracleGeneral 8192MB
[have] lru cluster50.oracleGeneral 4MB
[have] lru cluster50.oracleGeneral 8MB
[have] lru cluster50.oracleGeneral 16MB
[have] lru cluster50.oracleGeneral 32MB
[have] lru cluster50.oracleGeneral 64MB
[have] lru cluster50.oracleGeneral 128MB
[have] lru cluster50.oracleGeneral 256MB
[have] lru cluster50.oracleGeneral 512MB
[have] lru cluster50.oracleGeneral 1024MB
[have] lru cluster50.oracleGeneral 2048MB
[have] lru cluster50.oracleGeneral 4096MB
[have] lru cluster50.oracleGeneral 8192MB
[have] lru cluster53.oracleGeneral 4MB
[have] lru cluster53.oracleGeneral 8MB
[have] lru cluster53.oracleGeneral 16MB
[have] lru cluster53.oracleGeneral 32MB
[have] lru cluster53.oracleGeneral 64MB
[have] lru cluster53.oracleGeneral 128MB
[have] lru cluster53.oracleGeneral 256MB
[have] lru cluster53.oracleGeneral 512MB
[have] lru cluster53.oracleGeneral 1024MB
[have] lru cluster53.oracleGeneral 2048MB
[have] lru cluster53.oracleGeneral 4096MB
[have] lru cluster53.oracleGeneral 8192MB
[have] lru cluster45.oracleGeneral 4MB
[have] lru cluster45.oracleGeneral 8MB
[have] lru cluster45.oracleGeneral 16MB
[have] lru cluster45.oracleGeneral 32MB
[have] lru cluster45.oracleGeneral 64MB
[have] lru cluster45.oracleGeneral 128MB
[have] lru cluster45.oracleGeneral 256MB
[have] lru cluster45.oracleGeneral 512MB
[have] lru cluster45.oracleGeneral 1024MB
[have] lru cluster45.oracleGeneral 2048MB
[have] lru cluster45.oracleGeneral 4096MB
[have] lru cluster45.oracleGeneral 8192MB
[have] lru msr_proj_0.oracleGeneral 4MB
[have] lru msr_proj_0.oracleGeneral 8MB
[have] lru msr_proj_0.oracleGeneral 16MB
[have] lru msr_proj_0.oracleGeneral 32MB
[have] lru msr_proj_0.oracleGeneral 64MB
[have] lru msr_proj_0.oracleGeneral 128MB
[have] lru msr_proj_0.oracleGeneral 256MB
[have] lru msr_proj_0.oracleGeneral 512MB
[have] lru msr_proj_0.oracleGeneral 1024MB
[have] lru msr_proj_0.oracleGeneral 2048MB
[have] lru msr_proj_0.oracleGeneral 4096MB
[have] lru msr_proj_0.oracleGeneral 8192MB
[have] lru 202206_kv_traces_all.csv.oracleGeneral 4MB
[have] lru 202206_kv_traces_all.csv.oracleGeneral 8MB
[have] lru 202206_kv_traces_all.csv.oracleGeneral 16MB
[have] lru 202206_kv_traces_all.csv.oracleGeneral 32MB
[have] lru 202206_kv_traces_all.csv.oracleGeneral 64MB
[have] lru 202206_kv_traces_all.csv.oracleGeneral 128MB
[have] lru 202206_kv_traces_all.csv.oracleGeneral 256MB
[have] lru 202206_kv_traces_all.csv.oracleGeneral 512MB
[have] lru 202206_kv_traces_all.csv.oracleGeneral 1024MB
[have] lru 202206_kv_traces_all.csv.oracleGeneral 2048MB
[have] lru 202206_kv_traces_all.csv.oracleGeneral 4096MB
[have] lru 202206_kv_traces_all.csv.oracleGeneral 8192MB
[have] lru 202210_kv_traces_all_sort.csv.oracleGeneral 4MB
[have] lru 202210_kv_traces_all_sort.csv.oracleGeneral 8MB
[have] lru 202210_kv_traces_all_sort.csv.oracleGeneral 16MB
[have] lru 202210_kv_traces_all_sort.csv.oracleGeneral 32MB
[have] lru 202210_kv_traces_all_sort.csv.oracleGeneral 64MB
[have] lru 202210_kv_traces_all_sort.csv.oracleGeneral 128MB
[have] lru 202210_kv_traces_all_sort.csv.oracleGeneral 256MB
[have] lru 202210_kv_traces_all_sort.csv.oracleGeneral 512MB
[have] lru 202210_kv_traces_all_sort.csv.oracleGeneral 1024MB
[have] lru 202210_kv_traces_all_sort.csv.oracleGeneral 2048MB
[have] lru 202210_kv_traces_all_sort.csv.oracleGeneral 4096MB
[have] lru 202210_kv_traces_all_sort.csv.oracleGeneral 8192MB
[have] lru cache-t-00.oracleGeneral 4MB
[have] lru cache-t-00.oracleGeneral 8MB
[have] lru cache-t-00.oracleGeneral 16MB
[have] lru cache-t-00.oracleGeneral 32MB
[have] lru cache-t-00.oracleGeneral 64MB
[have] lru cache-t-00.oracleGeneral 128MB
[have] lru cache-t-00.oracleGeneral 256MB
[have] lru cache-t-00.oracleGeneral 512MB
[have] lru cache-t-00.oracleGeneral 1024MB
[have] lru cache-t-00.oracleGeneral 2048MB
[have] lru cache-t-00.oracleGeneral 4096MB
[have] lru cache-t-00.oracleGeneral 8192MB
=== s3fifo ===
[have] s3fifo cluster26.oracleGeneral 4MB
[have] s3fifo cluster26.oracleGeneral 8MB
[have] s3fifo cluster26.oracleGeneral 16MB
[have] s3fifo cluster26.oracleGeneral 32MB
[have] s3fifo cluster26.oracleGeneral 64MB
[have] s3fifo cluster26.oracleGeneral 128MB
[have] s3fifo cluster26.oracleGeneral 256MB
[have] s3fifo cluster26.oracleGeneral 512MB
[have] s3fifo cluster26.oracleGeneral 1024MB
[have] s3fifo cluster26.oracleGeneral 2048MB
[have] s3fifo cluster26.oracleGeneral 4096MB
[have] s3fifo cluster26.oracleGeneral 8192MB
[have] s3fifo cluster10.oracleGeneral 4MB
[have] s3fifo cluster10.oracleGeneral 8MB
[have] s3fifo cluster10.oracleGeneral 16MB
[have] s3fifo cluster10.oracleGeneral 32MB
[have] s3fifo cluster10.oracleGeneral 64MB
[have] s3fifo cluster10.oracleGeneral 128MB
[have] s3fifo cluster10.oracleGeneral 256MB
[have] s3fifo cluster10.oracleGeneral 512MB
[have] s3fifo cluster10.oracleGeneral 1024MB
[have] s3fifo cluster10.oracleGeneral 2048MB
[have] s3fifo cluster10.oracleGeneral 4096MB
[have] s3fifo cluster10.oracleGeneral 8192MB
[have] s3fifo cluster50.oracleGeneral 4MB
[have] s3fifo cluster50.oracleGeneral 8MB
[have] s3fifo cluster50.oracleGeneral 16MB
[have] s3fifo cluster50.oracleGeneral 32MB
[have] s3fifo cluster50.oracleGeneral 64MB
[have] s3fifo cluster50.oracleGeneral 128MB
[have] s3fifo cluster50.oracleGeneral 256MB
[have] s3fifo cluster50.oracleGeneral 512MB
[have] s3fifo cluster50.oracleGeneral 1024MB
[have] s3fifo cluster50.oracleGeneral 2048MB
[have] s3fifo cluster50.oracleGeneral 4096MB
[have] s3fifo cluster50.oracleGeneral 8192MB
[have] s3fifo cluster53.oracleGeneral 4MB
[have] s3fifo cluster53.oracleGeneral 8MB
[have] s3fifo cluster53.oracleGeneral 16MB
[have] s3fifo cluster53.oracleGeneral 32MB
[have] s3fifo cluster53.oracleGeneral 64MB
[have] s3fifo cluster53.oracleGeneral 128MB
[have] s3fifo cluster53.oracleGeneral 256MB
[have] s3fifo cluster53.oracleGeneral 512MB
[have] s3fifo cluster53.oracleGeneral 1024MB
[have] s3fifo cluster53.oracleGeneral 2048MB
[have] s3fifo cluster53.oracleGeneral 4096MB
[have] s3fifo cluster53.oracleGeneral 8192MB
[have] s3fifo cluster45.oracleGeneral 4MB
[have] s3fifo cluster45.oracleGeneral 8MB
[have] s3fifo cluster45.oracleGeneral 16MB
[have] s3fifo cluster45.oracleGeneral 32MB
[have] s3fifo cluster45.oracleGeneral 64MB
[have] s3fifo cluster45.oracleGeneral 128MB
[have] s3fifo cluster45.oracleGeneral 256MB
[have] s3fifo cluster45.oracleGeneral 512MB
[have] s3fifo cluster45.oracleGeneral 1024MB
[have] s3fifo cluster45.oracleGeneral 2048MB
[have] s3fifo cluster45.oracleGeneral 4096MB
[have] s3fifo cluster45.oracleGeneral 8192MB
[have] s3fifo msr_proj_0.oracleGeneral 4MB
[have] s3fifo msr_proj_0.oracleGeneral 8MB
[have] s3fifo msr_proj_0.oracleGeneral 16MB
[have] s3fifo msr_proj_0.oracleGeneral 32MB
[have] s3fifo msr_proj_0.oracleGeneral 64MB
[have] s3fifo msr_proj_0.oracleGeneral 128MB
[have] s3fifo msr_proj_0.oracleGeneral 256MB
[have] s3fifo msr_proj_0.oracleGeneral 512MB
[have] s3fifo msr_proj_0.oracleGeneral 1024MB
[have] s3fifo msr_proj_0.oracleGeneral 2048MB
[have] s3fifo msr_proj_0.oracleGeneral 4096MB
[have] s3fifo msr_proj_0.oracleGeneral 8192MB
[have] s3fifo 202206_kv_traces_all.csv.oracleGeneral 4MB
[have] s3fifo 202206_kv_traces_all.csv.oracleGeneral 8MB
[have] s3fifo 202206_kv_traces_all.csv.oracleGeneral 16MB
[have] s3fifo 202206_kv_traces_all.csv.oracleGeneral 32MB
[have] s3fifo 202206_kv_traces_all.csv.oracleGeneral 64MB
[have] s3fifo 202206_kv_traces_all.csv.oracleGeneral 128MB
[have] s3fifo 202206_kv_traces_all.csv.oracleGeneral 256MB
[have] s3fifo 202206_kv_traces_all.csv.oracleGeneral 512MB
[have] s3fifo 202206_kv_traces_all.csv.oracleGeneral 1024MB
[have] s3fifo 202206_kv_traces_all.csv.oracleGeneral 2048MB
[have] s3fifo 202206_kv_traces_all.csv.oracleGeneral 4096MB
[have] s3fifo 202206_kv_traces_all.csv.oracleGeneral 8192MB
[have] s3fifo 202210_kv_traces_all_sort.csv.oracleGeneral 4MB
[have] s3fifo 202210_kv_traces_all_sort.csv.oracleGeneral 8MB
[have] s3fifo 202210_kv_traces_all_sort.csv.oracleGeneral 16MB
[have] s3fifo 202210_kv_traces_all_sort.csv.oracleGeneral 32MB
[have] s3fifo 202210_kv_traces_all_sort.csv.oracleGeneral 64MB
[have] s3fifo 202210_kv_traces_all_sort.csv.oracleGeneral 128MB
[have] s3fifo 202210_kv_traces_all_sort.csv.oracleGeneral 256MB
[have] s3fifo 202210_kv_traces_all_sort.csv.oracleGeneral 512MB
[have] s3fifo 202210_kv_traces_all_sort.csv.oracleGeneral 1024MB
[have] s3fifo 202210_kv_traces_all_sort.csv.oracleGeneral 2048MB
[have] s3fifo 202210_kv_traces_all_sort.csv.oracleGeneral 4096MB
[have] s3fifo 202210_kv_traces_all_sort.csv.oracleGeneral 8192MB
[have] s3fifo cache-t-00.oracleGeneral 4MB
[have] s3fifo cache-t-00.oracleGeneral 8MB
[have] s3fifo cache-t-00.oracleGeneral 16MB
[have] s3fifo cache-t-00.oracleGeneral 32MB
[have] s3fifo cache-t-00.oracleGeneral 64MB
[have] s3fifo cache-t-00.oracleGeneral 128MB
[have] s3fifo cache-t-00.oracleGeneral 256MB
[have] s3fifo cache-t-00.oracleGeneral 512MB
[have] s3fifo cache-t-00.oracleGeneral 1024MB
[have] s3fifo cache-t-00.oracleGeneral 2048MB
[have] s3fifo cache-t-00.oracleGeneral 4096MB
[have] s3fifo cache-t-00.oracleGeneral 8192MB
##### PASS 2: TARDIS #####
[have] lruforgive cluster26.oracleGeneral 4MB
[have] lruforgive cluster26.oracleGeneral 8MB
[have] lruforgive cluster26.oracleGeneral 16MB
[have] lruforgive cluster26.oracleGeneral 32MB
[have] lruforgive cluster26.oracleGeneral 64MB
[have] lruforgive cluster26.oracleGeneral 128MB
[have] lruforgive cluster26.oracleGeneral 256MB
[have] lruforgive cluster26.oracleGeneral 512MB
[have] lruforgive cluster26.oracleGeneral 1024MB
[have] lruforgive cluster26.oracleGeneral 2048MB
[have] lruforgive cluster26.oracleGeneral 4096MB
[have] lruforgive cluster26.oracleGeneral 8192MB
[have] lruforgive cluster10.oracleGeneral 4MB
[have] lruforgive cluster10.oracleGeneral 8MB
[have] lruforgive cluster10.oracleGeneral 16MB
[have] lruforgive cluster10.oracleGeneral 32MB
[have] lruforgive cluster10.oracleGeneral 64MB
[have] lruforgive cluster10.oracleGeneral 128MB
[have] lruforgive cluster10.oracleGeneral 256MB
[have] lruforgive cluster10.oracleGeneral 512MB
[have] lruforgive cluster10.oracleGeneral 1024MB
[have] lruforgive cluster10.oracleGeneral 2048MB
[have] lruforgive cluster10.oracleGeneral 4096MB
[have] lruforgive cluster10.oracleGeneral 8192MB
[have] lruforgive cluster50.oracleGeneral 4MB
[have] lruforgive cluster50.oracleGeneral 8MB
[have] lruforgive cluster50.oracleGeneral 16MB
[have] lruforgive cluster50.oracleGeneral 32MB
[have] lruforgive cluster50.oracleGeneral 64MB
[have] lruforgive cluster50.oracleGeneral 128MB
[have] lruforgive cluster50.oracleGeneral 256MB
[have] lruforgive cluster50.oracleGeneral 512MB
[have] lruforgive cluster50.oracleGeneral 1024MB
[have] lruforgive cluster50.oracleGeneral 2048MB
[have] lruforgive cluster50.oracleGeneral 4096MB
[have] lruforgive cluster50.oracleGeneral 8192MB
[have] lruforgive cluster53.oracleGeneral 4MB
[have] lruforgive cluster53.oracleGeneral 8MB
[have] lruforgive cluster53.oracleGeneral 16MB
[have] lruforgive cluster53.oracleGeneral 32MB
[have] lruforgive cluster53.oracleGeneral 64MB
[have] lruforgive cluster53.oracleGeneral 128MB
[have] lruforgive cluster53.oracleGeneral 256MB
[have] lruforgive cluster53.oracleGeneral 512MB
[have] lruforgive cluster53.oracleGeneral 1024MB
[have] lruforgive cluster53.oracleGeneral 2048MB
[have] lruforgive cluster53.oracleGeneral 4096MB
[have] lruforgive cluster53.oracleGeneral 8192MB
[have] lruforgive cluster45.oracleGeneral 4MB
[have] lruforgive cluster45.oracleGeneral 8MB
[have] lruforgive cluster45.oracleGeneral 16MB
[have] lruforgive cluster45.oracleGeneral 32MB
[have] lruforgive cluster45.oracleGeneral 64MB
[have] lruforgive cluster45.oracleGeneral 128MB
[have] lruforgive cluster45.oracleGeneral 256MB
[have] lruforgive cluster45.oracleGeneral 512MB
[have] lruforgive cluster45.oracleGeneral 1024MB
[have] lruforgive cluster45.oracleGeneral 2048MB
[have] lruforgive cluster45.oracleGeneral 4096MB
[have] lruforgive cluster45.oracleGeneral 8192MB
[have] lruforgive msr_proj_0.oracleGeneral 4MB
[have] lruforgive msr_proj_0.oracleGeneral 8MB
[have] lruforgive msr_proj_0.oracleGeneral 16MB
[have] lruforgive msr_proj_0.oracleGeneral 32MB
[have] lruforgive msr_proj_0.oracleGeneral 64MB
[have] lruforgive msr_proj_0.oracleGeneral 128MB
[have] lruforgive msr_proj_0.oracleGeneral 256MB
[have] lruforgive msr_proj_0.oracleGeneral 512MB
[have] lruforgive msr_proj_0.oracleGeneral 1024MB
[have] lruforgive msr_proj_0.oracleGeneral 2048MB
[have] lruforgive msr_proj_0.oracleGeneral 4096MB
[have] lruforgive msr_proj_0.oracleGeneral 8192MB
[have] lruforgive 202206_kv_traces_all.csv.oracleGeneral 4MB
[have] lruforgive 202206_kv_traces_all.csv.oracleGeneral 8MB
[have] lruforgive 202206_kv_traces_all.csv.oracleGeneral 16MB
[have] lruforgive 202206_kv_traces_all.csv.oracleGeneral 32MB
[have] lruforgive 202206_kv_traces_all.csv.oracleGeneral 64MB
[have] lruforgive 202206_kv_traces_all.csv.oracleGeneral 128MB
[have] lruforgive 202206_kv_traces_all.csv.oracleGeneral 256MB
[have] lruforgive 202206_kv_traces_all.csv.oracleGeneral 512MB
[have] lruforgive 202206_kv_traces_all.csv.oracleGeneral 1024MB
[have] lruforgive 202206_kv_traces_all.csv.oracleGeneral 2048MB
[have] lruforgive 202206_kv_traces_all.csv.oracleGeneral 4096MB
[have] lruforgive 202206_kv_traces_all.csv.oracleGeneral 8192MB
[have] lruforgive 202210_kv_traces_all_sort.csv.oracleGeneral 4MB
[have] lruforgive 202210_kv_traces_all_sort.csv.oracleGeneral 8MB
[have] lruforgive 202210_kv_traces_all_sort.csv.oracleGeneral 16MB
[have] lruforgive 202210_kv_traces_all_sort.csv.oracleGeneral 32MB
[have] lruforgive 202210_kv_traces_all_sort.csv.oracleGeneral 64MB
[have] lruforgive 202210_kv_traces_all_sort.csv.oracleGeneral 128MB
[have] lruforgive 202210_kv_traces_all_sort.csv.oracleGeneral 256MB
[have] lruforgive 202210_kv_traces_all_sort.csv.oracleGeneral 512MB
[have] lruforgive 202210_kv_traces_all_sort.csv.oracleGeneral 1024MB
[have] lruforgive 202210_kv_traces_all_sort.csv.oracleGeneral 2048MB
[have] lruforgive 202210_kv_traces_all_sort.csv.oracleGeneral 4096MB
[have] lruforgive 202210_kv_traces_all_sort.csv.oracleGeneral 8192MB
[have] lruforgive cache-t-00.oracleGeneral 4MB
[have] lruforgive cache-t-00.oracleGeneral 8MB
[have] lruforgive cache-t-00.oracleGeneral 16MB
[have] lruforgive cache-t-00.oracleGeneral 32MB
[have] lruforgive cache-t-00.oracleGeneral 64MB
[have] lruforgive cache-t-00.oracleGeneral 128MB
[have] lruforgive cache-t-00.oracleGeneral 256MB
[have] lruforgive cache-t-00.oracleGeneral 512MB
[have] lruforgive cache-t-00.oracleGeneral 1024MB
[have] lruforgive cache-t-00.oracleGeneral 2048MB
[have] lruforgive cache-t-00.oracleGeneral 4096MB
[have] lruforgive cache-t-00.oracleGeneral 8192MB
Done -> /mydata/tardis/sweep_results.csv
