nohup: ignoring input
turbo OFF (no_turbo=1); governor=performance
writing /mydata/tardis/verify_20260805_000348.csv
=== cache size 4000MB ===
--- lru ---
  4000MB lru t=1 hp=25 rep=1 -> mr=0.6057 tp=0.30 rt=52.71
  4000MB lru t=1 hp=25 rep=2 -> mr=0.6057 tp=0.30 rt=52.24
  4000MB lru t=1 hp=25 rep=3 -> mr=0.6057 tp=0.30 rt=52.58
  4000MB lru t=1 hp=25 rep=4 -> mr=0.6057 tp=0.30 rt=52.87
  4000MB lru t=1 hp=25 rep=5 -> mr=0.6057 tp=0.30 rt=52.91
  4000MB lru t=2 hp=26 rep=1 -> mr=0.6057 tp=0.30 rt=53.31
  4000MB lru t=2 hp=26 rep=2 -> mr=0.6057 tp=0.30 rt=53.20
  4000MB lru t=2 hp=26 rep=3 -> mr=0.6057 tp=0.30 rt=53.46
  4000MB lru t=2 hp=26 rep=4 -> mr=0.6057 tp=0.29 rt=53.74
  4000MB lru t=2 hp=26 rep=5 -> mr=0.6057 tp=0.30 rt=53.45
  4000MB lru t=4 hp=27 rep=1 -> mr=0.7126 tp=0.52 rt=32.43
  4000MB lru t=4 hp=27 rep=2 -> mr=0.7126 tp=0.52 rt=32.40
  4000MB lru t=4 hp=27 rep=3 -> mr=0.7126 tp=0.52 rt=32.46
  4000MB lru t=4 hp=27 rep=4 -> mr=0.7126 tp=0.52 rt=32.54
  4000MB lru t=4 hp=27 rep=5 -> mr=0.7126 tp=0.52 rt=32.53
  4000MB lru t=8 hp=28 rep=1 -> mr=0.7976 tp=0.85 rt=20.74
  4000MB lru t=8 hp=28 rep=2 -> mr=0.7978 tp=0.85 rt=20.74
  4000MB lru t=8 hp=28 rep=3 -> mr=0.7978 tp=0.85 rt=20.81
  4000MB lru t=8 hp=28 rep=4 -> mr=0.7979 tp=0.85 rt=20.77
  4000MB lru t=8 hp=28 rep=5 -> mr=0.7976 tp=0.85 rt=20.78
  4000MB lru t=16 hp=29 rep=1 -> mr=0.8534 tp=1.01 rt=18.12
  4000MB lru t=16 hp=29 rep=2 -> mr=0.8533 tp=1.01 rt=18.07
  4000MB lru t=16 hp=29 rep=3 -> mr=0.8537 tp=1.01 rt=18.05
  4000MB lru t=16 hp=29 rep=4 -> mr=0.8536 tp=1.01 rt=18.08
  4000MB lru t=16 hp=29 rep=5 -> mr=0.8532 tp=1.01 rt=18.05
--- backoff ---
  4000MB backoff t=1 hp=25 rep=1 -> mr=0.5891 tp=0.19 rt=81.52
  4000MB backoff t=1 hp=25 rep=2 -> mr=0.5888 tp=0.19 rt=81.79
  4000MB backoff t=1 hp=25 rep=3 -> mr=0.5889 tp=0.19 rt=81.70
  4000MB backoff t=1 hp=25 rep=4 -> mr=0.5892 tp=0.19 rt=81.51
  4000MB backoff t=1 hp=25 rep=5 -> mr=0.5887 tp=0.19 rt=81.50
  4000MB backoff t=2 hp=26 rep=1 -> mr=0.5893 tp=0.19 rt=82.54
  4000MB backoff t=2 hp=26 rep=2 -> mr=0.5889 tp=0.19 rt=82.20
  4000MB backoff t=2 hp=26 rep=3 -> mr=0.5888 tp=0.19 rt=82.67
  4000MB backoff t=2 hp=26 rep=4 -> mr=0.5890 tp=0.19 rt=82.84
  4000MB backoff t=2 hp=26 rep=5 -> mr=0.5885 tp=0.19 rt=82.02
  4000MB backoff t=4 hp=27 rep=1 -> mr=0.6896 tp=0.32 rt=52.55
  4000MB backoff t=4 hp=27 rep=2 -> mr=0.6891 tp=0.32 rt=52.41
  4000MB backoff t=4 hp=27 rep=3 -> mr=0.6887 tp=0.32 rt=52.43
  4000MB backoff t=4 hp=27 rep=4 -> mr=0.6894 tp=0.32 rt=52.43
  4000MB backoff t=4 hp=27 rep=5 -> mr=0.6891 tp=0.32 rt=52.11
  4000MB backoff t=8 hp=28 rep=1 -> mr=0.7659 tp=0.55 rt=31.60
  4000MB backoff t=8 hp=28 rep=2 -> mr=0.7664 tp=0.55 rt=31.54
  4000MB backoff t=8 hp=28 rep=3 -> mr=0.7661 tp=0.55 rt=31.48
  4000MB backoff t=8 hp=28 rep=4 -> mr=0.7662 tp=0.55 rt=31.72
  4000MB backoff t=8 hp=28 rep=5 -> mr=0.7660 tp=0.55 rt=31.79
  4000MB backoff t=16 hp=29 rep=1 -> mr=0.8325 tp=0.81 rt=22.23
  4000MB backoff t=16 hp=29 rep=2 -> mr=0.8322 tp=0.81 rt=22.18
  4000MB backoff t=16 hp=29 rep=3 -> mr=0.8328 tp=0.81 rt=22.29
  4000MB backoff t=16 hp=29 rep=4 -> mr=0.8325 tp=0.81 rt=22.22
  4000MB backoff t=16 hp=29 rep=5 -> mr=0.8323 tp=0.81 rt=22.36
--- presimd ---
  4000MB presimd t=1 hp=25 rep=1 -> mr=0.5890 tp=0.07 rt=224.50
  4000MB presimd t=1 hp=25 rep=2 -> mr=0.5887 tp=0.07 rt=221.26
  4000MB presimd t=1 hp=25 rep=3 -> mr=0.5886 tp=0.07 rt=219.51
  4000MB presimd t=1 hp=25 rep=4 -> mr=0.5892 tp=0.07 rt=223.39
  4000MB presimd t=1 hp=25 rep=5 -> mr=0.5891 tp=0.07 rt=221.36
  4000MB presimd t=2 hp=26 rep=1 -> mr=0.5890 tp=0.08 rt=207.13
  4000MB presimd t=2 hp=26 rep=2 -> mr=0.5887 tp=0.08 rt=201.72
  4000MB presimd t=2 hp=26 rep=3 -> mr=0.5890 tp=0.08 rt=203.59
  4000MB presimd t=2 hp=26 rep=4 -> mr=0.5891 tp=0.08 rt=203.77
  4000MB presimd t=2 hp=26 rep=5 -> mr=0.5889 tp=0.08 rt=203.23
  4000MB presimd t=4 hp=27 rep=1 -> mr=0.6891 tp=0.11 rt=144.41
  4000MB presimd t=4 hp=27 rep=2 -> mr=0.6893 tp=0.12 rt=142.66
  4000MB presimd t=4 hp=27 rep=3 -> mr=0.6894 tp=0.12 rt=142.20
  4000MB presimd t=4 hp=27 rep=4 -> mr=0.6894 tp=0.12 rt=141.90
  4000MB presimd t=4 hp=27 rep=5 -> mr=0.6894 tp=0.12 rt=141.70
  4000MB presimd t=8 hp=28 rep=1 -> mr=0.7663 tp=0.21 rt=81.71
  4000MB presimd t=8 hp=28 rep=2 -> mr=0.7660 tp=0.21 rt=83.54
  4000MB presimd t=8 hp=28 rep=3 -> mr=0.7662 tp=0.20 rt=85.07
  4000MB presimd t=8 hp=28 rep=4 -> mr=0.7667 tp=0.22 rt=80.44
  4000MB presimd t=8 hp=28 rep=5 -> mr=0.7657 tp=0.20 rt=84.69
  4000MB presimd t=16 hp=29 rep=1 -> mr=0.8312 tp=0.32 rt=55.81
  4000MB presimd t=16 hp=29 rep=2 -> mr=0.8314 tp=0.32 rt=55.88
  4000MB presimd t=16 hp=29 rep=3 -> mr=0.8307 tp=0.32 rt=56.88
  4000MB presimd t=16 hp=29 rep=4 -> mr=0.8310 tp=0.32 rt=56.87
  4000MB presimd t=16 hp=29 rep=5 -> mr=0.8308 tp=0.32 rt=56.32
=== cache size 600MB ===
--- lru ---
  600MB lru t=1 hp=25 rep=1 -> mr=0.8188 tp=0.25 rt=71.21
  600MB lru t=1 hp=25 rep=2 -> mr=0.8188 tp=0.25 rt=71.18
  600MB lru t=1 hp=25 rep=3 -> mr=0.8188 tp=0.25 rt=71.08
  600MB lru t=1 hp=25 rep=4 -> mr=0.8188 tp=0.25 rt=70.33
  600MB lru t=1 hp=25 rep=5 -> mr=0.8188 tp=0.25 rt=70.25
  600MB lru t=2 hp=26 rep=1 -> mr=0.9836 tp=0.23 rt=86.15
  600MB lru t=2 hp=26 rep=2 -> mr=0.9836 tp=0.23 rt=86.09
  600MB lru t=2 hp=26 rep=3 -> mr=0.9836 tp=0.23 rt=86.15
  600MB lru t=2 hp=26 rep=4 -> mr=0.9836 tp=0.23 rt=86.16
  600MB lru t=2 hp=26 rep=5 -> mr=0.9836 tp=0.23 rt=86.09
  600MB lru t=4 hp=27 rep=1 -> mr=0.8777 tp=0.46 rt=39.95
  600MB lru t=4 hp=27 rep=2 -> mr=0.8777 tp=0.46 rt=39.98
  600MB lru t=4 hp=27 rep=3 -> mr=0.8777 tp=0.46 rt=39.90
  600MB lru t=4 hp=27 rep=4 -> mr=0.8777 tp=0.46 rt=40.06
  600MB lru t=4 hp=27 rep=5 -> mr=0.8777 tp=0.46 rt=39.86
  600MB lru t=8 hp=28 rep=1 -> mr=0.9176 tp=0.80 rt=23.58
  600MB lru t=8 hp=28 rep=2 -> mr=0.9177 tp=0.80 rt=23.59
  600MB lru t=8 hp=28 rep=3 -> mr=0.9177 tp=0.80 rt=23.61
  600MB lru t=8 hp=28 rep=4 -> mr=0.9176 tp=0.80 rt=23.60
  600MB lru t=8 hp=28 rep=5 -> mr=0.9176 tp=0.80 rt=23.59
  600MB lru t=16 hp=29 rep=1 -> mr=0.9420 tp=0.96 rt=19.96
  600MB lru t=16 hp=29 rep=2 -> mr=0.9419 tp=0.96 rt=19.97
  600MB lru t=16 hp=29 rep=3 -> mr=0.9419 tp=0.96 rt=19.96
  600MB lru t=16 hp=29 rep=4 -> mr=0.9419 tp=0.96 rt=19.95
  600MB lru t=16 hp=29 rep=5 -> mr=0.9419 tp=0.95 rt=19.98
--- backoff ---
  600MB backoff t=1 hp=25 rep=1 -> mr=0.7627 tp=0.15 rt=114.45
  600MB backoff t=1 hp=25 rep=2 -> mr=0.7621 tp=0.15 rt=114.93
  600MB backoff t=1 hp=25 rep=3 -> mr=0.7626 tp=0.15 rt=114.59
  600MB backoff t=1 hp=25 rep=4 -> mr=0.7623 tp=0.15 rt=114.61
  600MB backoff t=1 hp=25 rep=5 -> mr=0.7623 tp=0.15 rt=115.06
  600MB backoff t=2 hp=26 rep=1 -> mr=0.7624 tp=0.15 rt=115.68
  600MB backoff t=2 hp=26 rep=2 -> mr=0.7624 tp=0.15 rt=115.57
  600MB backoff t=2 hp=26 rep=3 -> mr=0.7625 tp=0.15 rt=115.21
  600MB backoff t=2 hp=26 rep=4 -> mr=0.7627 tp=0.15 rt=115.33
  600MB backoff t=2 hp=26 rep=5 -> mr=0.7623 tp=0.15 rt=115.52
  600MB backoff t=4 hp=27 rep=1 -> mr=0.8290 tp=0.28 rt=65.07
  600MB backoff t=4 hp=27 rep=2 -> mr=0.8291 tp=0.28 rt=65.29
  600MB backoff t=4 hp=27 rep=3 -> mr=0.8287 tp=0.28 rt=65.07
  600MB backoff t=4 hp=27 rep=4 -> mr=0.8287 tp=0.27 rt=65.56
  600MB backoff t=4 hp=27 rep=5 -> mr=0.8290 tp=0.27 rt=65.43
  600MB backoff t=8 hp=28 rep=1 -> mr=0.8759 tp=0.51 rt=36.01
  600MB backoff t=8 hp=28 rep=2 -> mr=0.8758 tp=0.51 rt=36.03
  600MB backoff t=8 hp=28 rep=3 -> mr=0.8759 tp=0.51 rt=35.96
  600MB backoff t=8 hp=28 rep=4 -> mr=0.8762 tp=0.51 rt=35.95
  600MB backoff t=8 hp=28 rep=5 -> mr=0.8760 tp=0.51 rt=35.95
  600MB backoff t=16 hp=29 rep=1 -> mr=0.9127 tp=0.79 rt=23.84
  600MB backoff t=16 hp=29 rep=2 -> mr=0.9126 tp=0.79 rt=23.73
  600MB backoff t=16 hp=29 rep=3 -> mr=0.9126 tp=0.79 rt=23.73
  600MB backoff t=16 hp=29 rep=4 -> mr=0.9125 tp=0.79 rt=23.90
  600MB backoff t=16 hp=29 rep=5 -> mr=0.9126 tp=0.79 rt=23.92
--- presimd ---
  600MB presimd t=1 hp=25 rep=1 -> mr=0.7625 tp=0.05 rt=376.40
  600MB presimd t=1 hp=25 rep=2 -> mr=0.7624 tp=0.05 rt=376.44
  600MB presimd t=1 hp=25 rep=3 -> mr=0.7620 tp=0.05 rt=376.08
  600MB presimd t=1 hp=25 rep=4 -> mr=0.7625 tp=0.05 rt=371.72
  600MB presimd t=1 hp=25 rep=5 -> mr=0.7623 tp=0.05 rt=375.91
  600MB presimd t=2 hp=26 rep=1 -> mr=0.7622 tp=0.05 rt=343.47
  600MB presimd t=2 hp=26 rep=2 -> mr=0.7624 tp=0.05 rt=345.92
  600MB presimd t=2 hp=26 rep=3 -> mr=0.7623 tp=0.05 rt=344.08
  600MB presimd t=2 hp=26 rep=4 -> mr=0.7625 tp=0.05 rt=343.25
  600MB presimd t=2 hp=26 rep=5 -> mr=0.7621 tp=0.05 rt=345.41
  600MB presimd t=4 hp=27 rep=1 -> mr=0.8287 tp=0.09 rt=195.78
  600MB presimd t=4 hp=27 rep=2 -> mr=0.8287 tp=0.09 rt=196.61
  600MB presimd t=4 hp=27 rep=3 -> mr=0.8287 tp=0.09 rt=194.18
  600MB presimd t=4 hp=27 rep=4 -> mr=0.8289 tp=0.09 rt=196.10
  600MB presimd t=4 hp=27 rep=5 -> mr=0.8289 tp=0.09 rt=196.39
  600MB presimd t=8 hp=28 rep=1 -> mr=0.8742 tp=0.19 rt=99.13
  600MB presimd t=8 hp=28 rep=2 -> mr=0.8742 tp=0.19 rt=98.46
  600MB presimd t=8 hp=28 rep=3 -> mr=0.8742 tp=0.19 rt=97.34
  600MB presimd t=8 hp=28 rep=4 -> mr=0.8744 tp=0.19 rt=97.17
  600MB presimd t=8 hp=28 rep=5 -> mr=0.8742 tp=0.19 rt=99.13
  600MB presimd t=16 hp=29 rep=1 -> mr=0.9105 tp=0.29 rt=64.12
  600MB presimd t=16 hp=29 rep=2 -> mr=0.9106 tp=0.29 rt=64.23
  600MB presimd t=16 hp=29 rep=3 -> mr=0.9108 tp=0.29 rt=64.48
  600MB presimd t=16 hp=29 rep=4 -> mr=0.9107 tp=0.30 rt=61.69
  600MB presimd t=16 hp=29 rep=5 -> mr=0.9110 tp=0.30 rt=62.50
=== cache size 512MB ===
--- lru ---
  512MB lru t=1 hp=25 rep=1 -> mr=0.8325 tp=0.25 rt=72.69
  512MB lru t=1 hp=25 rep=2 -> mr=0.8325 tp=0.25 rt=72.04
  512MB lru t=1 hp=25 rep=3 -> mr=0.8325 tp=0.25 rt=71.63
  512MB lru t=1 hp=25 rep=4 -> mr=0.8325 tp=0.25 rt=71.72
  512MB lru t=1 hp=25 rep=5 -> mr=0.8325 tp=0.25 rt=71.80
  512MB lru t=2 hp=26 rep=1 -> mr=0.9852 tp=0.23 rt=86.37
  512MB lru t=2 hp=26 rep=2 -> mr=0.8325 tp=0.25 rt=73.26
  512MB lru t=2 hp=26 rep=3 -> mr=0.9852 tp=0.23 rt=86.32
  512MB lru t=2 hp=26 rep=4 -> mr=0.9851 tp=0.23 rt=85.78
  512MB lru t=2 hp=26 rep=5 -> mr=0.9852 tp=0.23 rt=86.49
  512MB lru t=4 hp=27 rep=1 -> mr=0.8872 tp=0.46 rt=40.62
  512MB lru t=4 hp=27 rep=2 -> mr=0.8872 tp=0.46 rt=40.66
  512MB lru t=4 hp=27 rep=3 -> mr=0.8874 tp=0.46 rt=40.50
  512MB lru t=4 hp=27 rep=4 -> mr=0.8876 tp=0.46 rt=40.69
  512MB lru t=4 hp=27 rep=5 -> mr=0.8878 tp=0.46 rt=40.60
  512MB lru t=8 hp=28 rep=1 -> mr=0.9241 tp=0.79 rt=23.89
  512MB lru t=8 hp=28 rep=2 -> mr=0.9240 tp=0.80 rt=23.76
  512MB lru t=8 hp=28 rep=3 -> mr=0.9240 tp=0.79 rt=23.83
  512MB lru t=8 hp=28 rep=4 -> mr=0.9240 tp=0.80 rt=23.78
  512MB lru t=8 hp=28 rep=5 -> mr=0.9241 tp=0.79 rt=23.79
  512MB lru t=16 hp=29 rep=1 -> mr=0.9463 tp=0.95 rt=20.14
  512MB lru t=16 hp=29 rep=2 -> mr=0.9464 tp=0.96 rt=20.00
  512MB lru t=16 hp=29 rep=3 -> mr=0.9463 tp=0.95 rt=20.05
  512MB lru t=16 hp=29 rep=4 -> mr=0.9464 tp=0.95 rt=20.04
  512MB lru t=16 hp=29 rep=5 -> mr=0.9463 tp=0.95 rt=20.08
--- backoff ---
  512MB backoff t=1 hp=25 rep=1 -> mr=0.7760 tp=0.15 rt=117.60
  512MB backoff t=1 hp=25 rep=2 -> mr=0.7760 tp=0.15 rt=117.96
  512MB backoff t=1 hp=25 rep=3 -> mr=0.7759 tp=0.15 rt=117.94
  512MB backoff t=1 hp=25 rep=4 -> mr=0.7757 tp=0.15 rt=117.92
  512MB backoff t=1 hp=25 rep=5 -> mr=0.7760 tp=0.15 rt=116.89
  512MB backoff t=2 hp=26 rep=1 -> mr=0.7759 tp=0.15 rt=119.06
  512MB backoff t=2 hp=26 rep=2 -> mr=0.7760 tp=0.15 rt=118.58
  512MB backoff t=2 hp=26 rep=3 -> mr=0.7759 tp=0.15 rt=118.47
  512MB backoff t=2 hp=26 rep=4 -> mr=0.7760 tp=0.15 rt=118.58
  512MB backoff t=2 hp=26 rep=5 -> mr=0.7761 tp=0.15 rt=118.22
  512MB backoff t=4 hp=27 rep=1 -> mr=0.8387 tp=0.27 rt=66.47
  512MB backoff t=4 hp=27 rep=2 -> mr=0.8388 tp=0.27 rt=66.07
  512MB backoff t=4 hp=27 rep=3 -> mr=0.8387 tp=0.27 rt=66.50
  512MB backoff t=4 hp=27 rep=4 -> mr=0.8388 tp=0.27 rt=66.51
  512MB backoff t=4 hp=27 rep=5 -> mr=0.8388 tp=0.27 rt=66.37
  512MB backoff t=8 hp=28 rep=1 -> mr=0.8829 tp=0.51 rt=36.41
  512MB backoff t=8 hp=28 rep=2 -> mr=0.8831 tp=0.51 rt=36.19
  512MB backoff t=8 hp=28 rep=3 -> mr=0.8832 tp=0.51 rt=36.01
  512MB backoff t=8 hp=28 rep=4 -> mr=0.8831 tp=0.51 rt=36.11
  512MB backoff t=8 hp=28 rep=5 -> mr=0.8832 tp=0.51 rt=36.33
  512MB backoff t=16 hp=29 rep=1 -> mr=0.9176 tp=0.78 rt=24.05
  512MB backoff t=16 hp=29 rep=2 -> mr=0.9176 tp=0.78 rt=24.06
  512MB backoff t=16 hp=29 rep=3 -> mr=0.9176 tp=0.78 rt=24.06
  512MB backoff t=16 hp=29 rep=4 -> mr=0.9176 tp=0.78 rt=24.06
  512MB backoff t=16 hp=29 rep=5 -> mr=0.9177 tp=0.78 rt=24.06
--- presimd ---
  512MB presimd t=1 hp=25 rep=1 -> mr=0.7760 tp=0.04 rt=393.27
  512MB presimd t=1 hp=25 rep=2 -> mr=0.7760 tp=0.04 rt=393.30
  512MB presimd t=1 hp=25 rep=3 -> mr=0.7758 tp=0.04 rt=394.18
  512MB presimd t=1 hp=25 rep=4 -> mr=0.7758 tp=0.04 rt=399.82
  512MB presimd t=1 hp=25 rep=5 -> mr=0.7760 tp=0.04 rt=393.22
  512MB presimd t=2 hp=26 rep=1 -> mr=0.7757 tp=0.05 rt=356.97
  512MB presimd t=2 hp=26 rep=2 -> mr=0.7757 tp=0.05 rt=359.89
  512MB presimd t=2 hp=26 rep=3 -> mr=0.7759 tp=0.05 rt=356.61
  512MB presimd t=2 hp=26 rep=4 -> mr=0.7761 tp=0.05 rt=359.88
  512MB presimd t=2 hp=26 rep=5 -> mr=0.7760 tp=0.05 rt=358.26
  512MB presimd t=4 hp=27 rep=1 -> mr=0.8387 tp=0.09 rt=201.17
  512MB presimd t=4 hp=27 rep=2 -> mr=0.8383 tp=0.09 rt=198.56
  512MB presimd t=4 hp=27 rep=3 -> mr=0.8384 tp=0.09 rt=202.32
  512MB presimd t=4 hp=27 rep=4 -> mr=0.8385 tp=0.09 rt=200.76
  512MB presimd t=4 hp=27 rep=5 -> mr=0.8383 tp=0.09 rt=201.60
  512MB presimd t=8 hp=28 rep=1 -> mr=0.8813 tp=0.18 rt=100.57
  512MB presimd t=8 hp=28 rep=2 -> mr=0.8812 tp=0.18 rt=100.15
  512MB presimd t=8 hp=28 rep=3 -> mr=0.8812 tp=0.18 rt=100.13
  512MB presimd t=8 hp=28 rep=4 -> mr=0.8813 tp=0.18 rt=100.89
  512MB presimd t=8 hp=28 rep=5 -> mr=0.8809 tp=0.18 rt=103.42
  512MB presimd t=16 hp=29 rep=1 -> mr=0.9163 tp=0.30 rt=62.66
  512MB presimd t=16 hp=29 rep=2 -> mr=0.9159 tp=0.30 rt=62.14
  512MB presimd t=16 hp=29 rep=3 -> mr=0.9162 tp=0.30 rt=62.78
  512MB presimd t=16 hp=29 rep=4 -> mr=0.9159 tp=0.30 rt=62.35
  512MB presimd t=16 hp=29 rep=5 -> mr=0.9161 tp=0.30 rt=62.63
DONE -> /mydata/tardis/verify_20260805_000348.csv
