nohup: ignoring input
turbo OFF (no_turbo=1); governor=performance
writing /mydata/tardis/verify_20260804_145829.csv
=== cache size 600MB ===
--- lru ---
  600MB lru t=1 hp=25 rep=1 -> mr=0.8188 tp=0.25 rt=72.15
  600MB lru t=1 hp=25 rep=2 -> mr=0.8188 tp=0.25 rt=72.31
  600MB lru t=1 hp=25 rep=3 -> mr=0.8188 tp=0.25 rt=70.70
  600MB lru t=1 hp=25 rep=4 -> mr=0.8188 tp=0.25 rt=71.01
  600MB lru t=1 hp=25 rep=5 -> mr=0.8188 tp=0.25 rt=72.09
  600MB lru t=2 hp=26 rep=1 -> mr=0.8187 tp=0.25 rt=71.93
  600MB lru t=2 hp=26 rep=2 -> mr=0.9836 tp=0.23 rt=86.23
  600MB lru t=2 hp=26 rep=3 -> mr=0.9836 tp=0.23 rt=86.14
  600MB lru t=2 hp=26 rep=4 -> mr=0.9836 tp=0.23 rt=86.04
  600MB lru t=2 hp=26 rep=5 -> mr=0.9836 tp=0.23 rt=86.28
  600MB lru t=4 hp=27 rep=1 -> mr=0.8777 tp=0.46 rt=40.00
  600MB lru t=4 hp=27 rep=2 -> mr=0.8777 tp=0.46 rt=39.98
  600MB lru t=4 hp=27 rep=3 -> mr=0.8777 tp=0.46 rt=39.99
  600MB lru t=4 hp=27 rep=4 -> mr=0.8777 tp=0.46 rt=39.95
  600MB lru t=4 hp=27 rep=5 -> mr=0.8777 tp=0.46 rt=39.94
  600MB lru t=8 hp=28 rep=1 -> mr=0.9176 tp=0.80 rt=23.59
  600MB lru t=8 hp=28 rep=2 -> mr=0.9176 tp=0.80 rt=23.48
  600MB lru t=8 hp=28 rep=3 -> mr=0.9176 tp=0.79 rt=23.71
  600MB lru t=8 hp=28 rep=4 -> mr=0.9176 tp=0.79 rt=23.74
  600MB lru t=8 hp=28 rep=5 -> mr=0.9176 tp=0.80 rt=23.69
  600MB lru t=16 hp=29 rep=1 -> mr=0.9421 tp=0.96 rt=19.96
  600MB lru t=16 hp=29 rep=2 -> mr=0.9419 tp=0.96 rt=19.83
  600MB lru t=16 hp=29 rep=3 -> mr=0.9420 tp=0.96 rt=19.92
  600MB lru t=16 hp=29 rep=4 -> mr=0.9419 tp=0.96 rt=19.91
  600MB lru t=16 hp=29 rep=5 -> mr=0.9420 tp=0.96 rt=19.94
--- backoff ---
  600MB backoff t=1 hp=25 rep=1 -> mr=0.7625 tp=0.15 rt=114.53
  600MB backoff t=1 hp=25 rep=2 -> mr=0.7619 tp=0.15 rt=114.56
  600MB backoff t=1 hp=25 rep=3 -> mr=0.7622 tp=0.15 rt=114.52
  600MB backoff t=1 hp=25 rep=4 -> mr=0.7623 tp=0.15 rt=114.51
  600MB backoff t=1 hp=25 rep=5 -> mr=0.7622 tp=0.15 rt=114.64
  600MB backoff t=2 hp=26 rep=1 -> mr=0.7622 tp=0.15 rt=115.29
  600MB backoff t=2 hp=26 rep=2 -> mr=0.7622 tp=0.15 rt=115.70
  600MB backoff t=2 hp=26 rep=3 -> mr=0.7624 tp=0.15 rt=115.61
  600MB backoff t=2 hp=26 rep=4 -> mr=0.7620 tp=0.15 rt=115.92
  600MB backoff t=2 hp=26 rep=5 -> mr=0.7625 tp=0.15 rt=115.59
  600MB backoff t=4 hp=27 rep=1 -> mr=0.8291 tp=0.28 rt=65.24
  600MB backoff t=4 hp=27 rep=2 -> mr=0.8289 tp=0.28 rt=65.13
  600MB backoff t=4 hp=27 rep=3 -> mr=0.8289 tp=0.28 rt=65.02
  600MB backoff t=4 hp=27 rep=4 -> mr=0.8290 tp=0.28 rt=64.74
  600MB backoff t=4 hp=27 rep=5 -> mr=0.8288 tp=0.28 rt=65.01
  600MB backoff t=8 hp=28 rep=1 -> mr=0.8760 tp=0.51 rt=35.90
  600MB backoff t=8 hp=28 rep=2 -> mr=0.8760 tp=0.51 rt=35.87
  600MB backoff t=8 hp=28 rep=3 -> mr=0.8761 tp=0.51 rt=35.88
  600MB backoff t=8 hp=28 rep=4 -> mr=0.8760 tp=0.51 rt=35.90
  600MB backoff t=8 hp=28 rep=5 -> mr=0.8760 tp=0.51 rt=35.93
  600MB backoff t=16 hp=29 rep=1 -> mr=0.9127 tp=0.79 rt=23.86
  600MB backoff t=16 hp=29 rep=2 -> mr=0.9127 tp=0.79 rt=23.88
  600MB backoff t=16 hp=29 rep=3 -> mr=0.9125 tp=0.79 rt=23.86
  600MB backoff t=16 hp=29 rep=4 -> mr=0.9126 tp=0.79 rt=23.91
  600MB backoff t=16 hp=29 rep=5 -> mr=0.9126 tp=0.79 rt=23.85
--- presimd ---
  600MB presimd t=1 hp=25 rep=1 -> mr=0.7625 tp=0.05 rt=377.91
  600MB presimd t=1 hp=25 rep=2 -> mr=0.7621 tp=0.05 rt=376.10
  600MB presimd t=1 hp=25 rep=3 -> mr=0.7624 tp=0.05 rt=371.57
  600MB presimd t=1 hp=25 rep=4 -> mr=0.7624 tp=0.05 rt=374.50
  600MB presimd t=1 hp=25 rep=5 -> mr=0.7619 tp=0.05 rt=372.58
  600MB presimd t=2 hp=26 rep=1 -> mr=0.7624 tp=0.05 rt=343.75
  600MB presimd t=2 hp=26 rep=2 -> mr=0.7623 tp=0.05 rt=340.01
  600MB presimd t=2 hp=26 rep=3 -> mr=0.7628 tp=0.05 rt=345.85
  600MB presimd t=2 hp=26 rep=4 -> mr=0.7624 tp=0.05 rt=347.08
  600MB presimd t=2 hp=26 rep=5 -> mr=0.7624 tp=0.05 rt=347.35
  600MB presimd t=4 hp=27 rep=1 -> mr=0.8288 tp=0.09 rt=197.82
  600MB presimd t=4 hp=27 rep=2 -> mr=0.8288 tp=0.09 rt=196.44
  600MB presimd t=4 hp=27 rep=3 -> mr=0.8286 tp=0.09 rt=195.51
  600MB presimd t=4 hp=27 rep=4 -> mr=0.8287 tp=0.09 rt=198.13
  600MB presimd t=4 hp=27 rep=5 -> mr=0.8290 tp=0.09 rt=194.44
  600MB presimd t=8 hp=28 rep=1 -> mr=0.8741 tp=0.18 rt=100.94
  600MB presimd t=8 hp=28 rep=2 -> mr=0.8737 tp=0.18 rt=101.46
  600MB presimd t=8 hp=28 rep=3 -> mr=0.8741 tp=0.19 rt=99.30
  600MB presimd t=8 hp=28 rep=4 -> mr=0.8745 tp=0.19 rt=98.33
  600MB presimd t=8 hp=28 rep=5 -> mr=0.8742 tp=0.19 rt=98.62
  600MB presimd t=16 hp=29 rep=1 -> mr=0.9108 tp=0.30 rt=63.24
  600MB presimd t=16 hp=29 rep=2 -> mr=0.9108 tp=0.30 rt=63.25
  600MB presimd t=16 hp=29 rep=3 -> mr=0.9109 tp=0.30 rt=62.98
  600MB presimd t=16 hp=29 rep=4 -> mr=0.9108 tp=0.29 rt=63.80
  600MB presimd t=16 hp=29 rep=5 -> mr=0.9106 tp=0.30 rt=62.97
=== cache size 512MB ===
--- lru ---
  512MB lru t=1 hp=25 rep=1 -> mr=0.8325 tp=0.24 rt=73.68
  512MB lru t=1 hp=25 rep=2 -> mr=0.8325 tp=0.25 rt=72.61
  512MB lru t=1 hp=25 rep=3 -> mr=0.8325 tp=0.24 rt=73.67
  512MB lru t=1 hp=25 rep=4 -> mr=0.8325 tp=0.25 rt=72.15
  512MB lru t=1 hp=25 rep=5 -> mr=0.8325 tp=0.24 rt=73.77
  512MB lru t=2 hp=26 rep=1 -> mr=0.9852 tp=0.23 rt=86.18
  512MB lru t=2 hp=26 rep=2 -> mr=0.9852 tp=0.23 rt=86.13
  512MB lru t=2 hp=26 rep=3 -> mr=0.9852 tp=0.23 rt=86.22
  512MB lru t=2 hp=26 rep=4 -> mr=0.8325 tp=0.25 rt=73.31
  512MB lru t=2 hp=26 rep=5 -> mr=0.9852 tp=0.23 rt=86.16
  512MB lru t=4 hp=27 rep=1 -> mr=0.8872 tp=0.46 rt=40.48
  512MB lru t=4 hp=27 rep=2 -> mr=0.8880 tp=0.46 rt=40.77
  512MB lru t=4 hp=27 rep=3 -> mr=0.8872 tp=0.46 rt=40.49
  512MB lru t=4 hp=27 rep=4 -> mr=0.8872 tp=0.46 rt=40.64
  512MB lru t=4 hp=27 rep=5 -> mr=0.8880 tp=0.46 rt=40.76
  512MB lru t=8 hp=28 rep=1 -> mr=0.9239 tp=0.79 rt=23.83
  512MB lru t=8 hp=28 rep=2 -> mr=0.9240 tp=0.80 rt=23.75
  512MB lru t=8 hp=28 rep=3 -> mr=0.9241 tp=0.80 rt=23.74
  512MB lru t=8 hp=28 rep=4 -> mr=0.9240 tp=0.79 rt=23.83
  512MB lru t=8 hp=28 rep=5 -> mr=0.9241 tp=0.80 rt=23.70
  512MB lru t=16 hp=29 rep=1 -> mr=0.9462 tp=0.95 rt=20.20
  512MB lru t=16 hp=29 rep=2 -> mr=0.9463 tp=0.95 rt=20.03
  512MB lru t=16 hp=29 rep=3 -> mr=0.9463 tp=0.96 rt=20.01
  512MB lru t=16 hp=29 rep=4 -> mr=0.9463 tp=0.95 rt=20.04
  512MB lru t=16 hp=29 rep=5 -> mr=0.9463 tp=0.95 rt=20.17
--- backoff ---
  512MB backoff t=1 hp=25 rep=1 -> mr=0.7758 tp=0.15 rt=118.02
  512MB backoff t=1 hp=25 rep=2 -> mr=0.7759 tp=0.15 rt=117.91
  512MB backoff t=1 hp=25 rep=3 -> mr=0.7757 tp=0.15 rt=118.15
  512MB backoff t=1 hp=25 rep=4 -> mr=0.7758 tp=0.15 rt=117.78
  512MB backoff t=1 hp=25 rep=5 -> mr=0.7758 tp=0.15 rt=117.19
  512MB backoff t=2 hp=26 rep=1 -> mr=0.7757 tp=0.15 rt=118.93
  512MB backoff t=2 hp=26 rep=2 -> mr=0.7761 tp=0.15 rt=118.57
  512MB backoff t=2 hp=26 rep=3 -> mr=0.7757 tp=0.15 rt=118.64
  512MB backoff t=2 hp=26 rep=4 -> mr=0.7762 tp=0.15 rt=118.15
  512MB backoff t=2 hp=26 rep=5 -> mr=0.7760 tp=0.15 rt=118.54
  512MB backoff t=4 hp=27 rep=1 -> mr=0.8387 tp=0.27 rt=65.87
  512MB backoff t=4 hp=27 rep=2 -> mr=0.8386 tp=0.27 rt=66.39
  512MB backoff t=4 hp=27 rep=3 -> mr=0.8388 tp=0.27 rt=66.08
  512MB backoff t=4 hp=27 rep=4 -> mr=0.8387 tp=0.27 rt=66.35
  512MB backoff t=4 hp=27 rep=5 -> mr=0.8386 tp=0.27 rt=66.13
  512MB backoff t=8 hp=28 rep=1 -> mr=0.8831 tp=0.51 rt=36.29
  512MB backoff t=8 hp=28 rep=2 -> mr=0.8829 tp=0.51 rt=36.30
  512MB backoff t=8 hp=28 rep=3 -> mr=0.8830 tp=0.51 rt=36.28
  512MB backoff t=8 hp=28 rep=4 -> mr=0.8832 tp=0.51 rt=36.20
  512MB backoff t=8 hp=28 rep=5 -> mr=0.8830 tp=0.51 rt=36.16
  512MB backoff t=16 hp=29 rep=1 -> mr=0.9176 tp=0.79 rt=23.92
  512MB backoff t=16 hp=29 rep=2 -> mr=0.9178 tp=0.79 rt=23.92
  512MB backoff t=16 hp=29 rep=3 -> mr=0.9177 tp=0.78 rt=24.03
  512MB backoff t=16 hp=29 rep=4 -> mr=0.9176 tp=0.78 rt=24.05
  512MB backoff t=16 hp=29 rep=5 -> mr=0.9177 tp=0.78 rt=24.05
--- presimd ---
  512MB presimd t=1 hp=25 rep=1 -> mr=0.7758 tp=0.04 rt=397.22
  512MB presimd t=1 hp=25 rep=2 -> mr=0.7762 tp=0.05 rt=386.66
  512MB presimd t=1 hp=25 rep=3 -> mr=0.7761 tp=0.04 rt=393.59
  512MB presimd t=1 hp=25 rep=4 -> mr=0.7758 tp=0.04 rt=394.98
  512MB presimd t=1 hp=25 rep=5 -> mr=0.7757 tp=0.04 rt=393.65
  512MB presimd t=2 hp=26 rep=1 -> mr=0.7762 tp=0.05 rt=362.53
  512MB presimd t=2 hp=26 rep=2 -> mr=0.7760 tp=0.05 rt=358.54
  512MB presimd t=2 hp=26 rep=3 -> mr=0.7759 tp=0.05 rt=357.34
  512MB presimd t=2 hp=26 rep=4 -> mr=0.7761 tp=0.05 rt=357.00
  512MB presimd t=2 hp=26 rep=5 -> mr=0.7760 tp=0.05 rt=363.37
  512MB presimd t=4 hp=27 rep=1 -> mr=0.8383 tp=0.09 rt=200.33
  512MB presimd t=4 hp=27 rep=2 -> mr=0.8382 tp=0.09 rt=200.97
  512MB presimd t=4 hp=27 rep=3 -> mr=0.8387 tp=0.09 rt=201.01
  512MB presimd t=4 hp=27 rep=4 -> mr=0.8385 tp=0.09 rt=201.87
  512MB presimd t=4 hp=27 rep=5 -> mr=0.8387 tp=0.09 rt=198.57
  512MB presimd t=8 hp=28 rep=1 -> mr=0.8812 tp=0.18 rt=100.49
  512MB presimd t=8 hp=28 rep=2 -> mr=0.8813 tp=0.18 rt=101.00
  512MB presimd t=8 hp=28 rep=3 -> mr=0.8815 tp=0.19 rt=99.84
  512MB presimd t=8 hp=28 rep=4 -> mr=0.8813 tp=0.19 rt=99.13
  512MB presimd t=8 hp=28 rep=5 -> mr=0.8816 tp=0.18 rt=100.39
  512MB presimd t=16 hp=29 rep=1 -> mr=0.9161 tp=0.30 rt=62.88
  512MB presimd t=16 hp=29 rep=2 -> mr=0.9162 tp=0.30 rt=62.23
  512MB presimd t=16 hp=29 rep=3 -> mr=0.9160 tp=0.30 rt=61.92
  512MB presimd t=16 hp=29 rep=4 -> mr=0.9155 tp=0.30 rt=63.61
  512MB presimd t=16 hp=29 rep=5 -> mr=0.9161 tp=0.30 rt=63.01
DONE -> /mydata/tardis/verify_20260804_145829.csv
